05-03 14:45:34.213   943   943 I EaselThermalMonitor: Cooling Device: mnh cur_state 0 max_state 4
05-03 14:45:34.213   839  6341 I CHIUSECASE: CreatePipelines: Creating pipelines for CHI usecase: UsecaseGooglePhoto
05-03 14:45:34.213   839  6341 D CHIUSECASE: Initialize: RDI resolution: 3280x2464
05-03 14:45:34.213   839  6341 D CHIUSECASE: [Offline HDR+ Pipeline] CreateChiPipeline: Creating the CHI pipeline.
05-03 14:45:34.213   853   853 D android.hardware.power@1.3-service.crosshatch-libperfmgr: CAMERA SHOT ON: 1000 MS
05-03 14:45:34.214   839  6341 E CamX    : [ERROR][HAL    ] camxchicontext.cpp:3826 CloneNodeProperties() No memory allocated for pNodeProperties
05-03 14:45:34.214   839  6341 E CamX    : [ERROR][HAL    ] camxchicontext.cpp:3826 CloneNodeProperties() No memory allocated for pNodeProperties
05-03 14:45:34.214   853  2129 W libperfmgr: Failed to write to node: /sys/class/devfreq/soc:qcom,cpubw/bw_hwmon/hyst_trigger_count with value: 0, fd: -1
05-03 14:45:34.214   853  2129 W libperfmgr: Failed to write to node: /sys/class/devfreq/soc:qcom,cpubw/bw_hwmon/hist_memory with value: 0, fd: -1
05-03 14:45:34.214   853  2129 W libperfmgr: Failed to write to node: /sys/class/devfreq/soc:qcom,cpubw/bw_hwmon/hyst_length with value: 0, fd: -1
05-03 14:45:34.214   839  6341 E GOOGLE_CHINODE_HDRPLUS: CHINODECAPSINFO is smaller than expected
05-03 14:45:34.215   839  6341 I CHIUSECASE: CameraID: 1, SelectedMode W=3280, H=2464, FPS:30, NumBatchedFrames:0, modeIndex:0
05-03 14:45:34.215   839  6341 I CHIUSECASE: Initialize: mGcamMinPayloadFrames: 2
05-03 14:45:34.216   839  6351 E libc    : Access denied finding property "persist.gcam.debug"
05-03 14:45:34.216   839  6351 E libc    : Access denied finding property "persist.gcam.save_text"
05-03 14:45:34.216   839  6351 E libc    : Access denied finding property "persist.gcam.save_metering"
05-03 14:45:34.216   839  6351 E libc    : Access denied finding property "persist.gcam.save_payload"
05-03 14:45:34.216   839  6341 I CHIUSECASE: Create: Created a GoogleUsecaseOfflineHdrplusPipeline for camera 1
05-03 14:45:34.216   839  6341 D CHIUSECASE: Initialize: RDI resolution: 3280x2464
05-03 14:45:34.216   839  6341 D CHIUSECASE: [Realtime ZSL Pipeline] CreateChiPipeline: Creating the CHI pipeline.
05-03 14:45:34.216   839  6351 I native  : gcam.cc:441 Gcam thread id = 6351
05-03 14:45:34.216   839  6341 E CamX    : [ERROR][HAL    ] camxchicontext.cpp:3826 CloneNodeProperties() No memory allocated for pNodeProperties
05-03 14:45:34.216   839  6341 I chatty  : uid=1047(cameraserver) HwBinder:839_3 identical 12 lines
05-03 14:45:34.216   839  6341 E CamX    : [ERROR][HAL    ] camxchicontext.cpp:3826 CloneNodeProperties() No memory allocated for pNodeProperties
05-03 14:45:34.216   839  6351 I libgcam : [gcam.cc:481]: Initializing camera 0: device crosshatch, device code d339b9dde7e299d2e826208175a079b3, sensor ID 0.
05-03 14:45:34.216   839  6351 W libgcam : [tuning.cc:1366]: GetTuningFromDeviceCodeInternal: Device has not been calibrated for HDR+, which may severely degrade image quality!
05-03 14:45:34.216   839  6351 I native  : gcam.cc:504 halide_ipu_set_timeout=2s
05-03 14:45:34.216   839  6351 I native  : easel_service_control.cc:196 RunReferenceCountIncrement run_reference_count_=1
05-03 14:45:34.216   839  6351 I native  : easel_service_control.cc:202 COMMAND_PROCESSOR_3PA: Starting
05-03 14:45:34.216   839  6351 I native  : easel_service_control.cc:247 COMMAND_PROCESSOR_3PA: StartAsync
05-03 14:45:34.217   839  6351 I native  : easel_service_control.cc:303 COMMAND_PROCESSOR_3PA: WaitUntilRunning
05-03 14:45:34.217   839  6352 I native  : easel_service_control.cc:267 COMMAND_PROCESSOR_3PA: StartService
05-03 14:45:34.217   943   943 I EaselManagerServer: startService: Service 7
05-03 14:45:34.217   943   943 I EaselThermalMonitor: Cooling Device: mnh cur_state 0 max_state 4
05-03 14:45:34.217   839  6341 I goog_warping: Create
05-03 14:45:34.217   839  6341 D goog_warping: persist.camera.warping.debug is set to 0
05-03 14:45:34.217   839  6341 D goog_warping: persist.camera.warping.enable is set to 1
05-03 14:45:34.217   839  6341 D goog_warping: persist.camera.warping.vcmdelay is set to 0
05-03 14:45:34.217   839  6341 D goog_warping: persist.camera.warping.usegyrodirect is set to 0
05-03 14:45:34.217   839  6341 D goog_warping: persist.camera.warping.usegyropoll is set to 1
05-03 14:45:34.217   839  6341 D goog_warping: persist.camera.warping.fdinfo is set to 1
05-03 14:45:34.217   839  6341 D goog_warping: persist.camera.warping.ftmethod is set to 1
05-03 14:45:34.217   839  6341 I goog_warping: Warping node in photo mode. No crop is used.
05-03 14:45:34.218   839  6341 I GoogleFDNode: Initialize: GoogleFDNode created ensemble detector successfully.
05-03 14:45:34.218   839  6341 I GoogleFDNode: Initialize: GoogleFDNode uses dedicated thread for Ensemble.
05-03 14:45:34.219   839  6341 I GoogleFDNode: QueryBufferInfo: [FD] Google FD Node publishing com.google.nexus.experimental2018 | faceSkipFrame to 804f000e
05-03 14:45:34.219   839  6341 I GoogleFDNode: QueryBufferInfo: [FD] Google FD Node publishing com.google.nexus.experimental2018 | faceLandmark.count to 804f000f
05-03 14:45:34.219   839  6341 I GoogleFDNode: QueryBufferInfo: [FD] Google FD Node publishing com.google.nexus.experimental2018 | faceLandmark.ids to 804f0010
05-03 14:45:34.219   839  6341 I GoogleFDNode: QueryBufferInfo: [FD] Google FD Node publishing com.google.nexus.experimental2018 | faceLandmark.xy to 804f0011
05-03 14:45:34.219   839  6341 I GoogleFDNode: QueryBufferInfo: [FD] Google FD Node publishing com.google.nexus.experimental2018 | faceLandmark.depth to 804f0012
05-03 14:45:34.219   839  6341 I GoogleFDNode: QueryBufferInfo: [FD] Google FD Node publishing com.google.nexus.experimental2018 | faceOrientation to 804f0014
05-03 14:45:34.219   839  6341 E CamX    : [ERROR][PPROC  ] camxipenode.cpp:2283 ProcessingNodeFinalizeInputRequirement() NonConformant AspectRatio:1.333333 Change Width 852 using AR:1.777778
05-03 14:45:34.219   839  6341 D CamX    : [DEBUG][PPROC  ] camxipenode.cpp:2350 ProcessingNodeFinalizeInputRequirement() IPE video dimension: 0 x 0
05-03 14:45:34.219   839  6341 D CamX    : [DEBUG][PPROC  ] camxipenode.cpp:2350 ProcessingNodeFinalizeInputRequirement() IPE video dimension: 0 x 0
05-03 14:45:34.219   839  6341 E CamX    : [ERROR][PPROC  ] camxipenode.cpp:2283 ProcessingNodeFinalizeInputRequirement() NonConformant AspectRatio:1.333333 Change Width 852 using AR:1.777778
05-03 14:45:34.219   839  6341 D CamX    : [DEBUG][PPROC  ] camxipenode.cpp:2350 ProcessingNodeFinalizeInputRequirement() IPE video dimension: 0 x 0
05-03 14:45:34.219   839  6341 I CHIUSECASE: CameraID: 1, SelectedMode W=3280, H=2464, FPS:30, NumBatchedFrames:1, modeIndex:0
05-03 14:45:34.219   839  6341 I CHIUSECASE: Create: Created a GoogleUsecaseRealtimeZslPipeline for camera 1
05-03 14:45:34.219   839  6341 I CHIUSECASE: LogClassifiedStream: Camera 2 yuv stream type = 0 format = 35 width = 1280 height = 720
05-03 14:45:34.219   839  6341 I CHIUSECASE: Use yuv aspect ratio as dummy stream
05-03 14:45:34.252   943   974 I EaselPowerBlue: [TIME_LOGGER] suspend took 59 ms
05-03 14:45:34.252   943   943 I EaselManagerServer: startService: manager lock acquired
05-03 14:45:34.252   943   943 I EaselManagerServer: startService: About to resume
05-03 14:45:34.336   943   943 I EaselPowerBlue: [TIME_LOGGER] resume took 83 ms
05-03 14:45:34.336   943   943 I EaselManagerServer: startService: Resumed
05-03 14:45:34.337   943   974 I EaselManagerServer: Service 7 started
05-03 14:45:34.337   839  1350 I native  : easel_manager_callback.cc:26 COMMAND_PROCESSOR_3PA on easel started
05-03 14:45:34.337   839  6351 I native  : imx_fine_grain_client.cc:20 Acquire ImxSession Reference. reference_count_=1
05-03 14:45:34.344   943   980 I EaselThermalMonitor: (Low) s2mpb04_tz: 49.21, mnh_cpu: 40.11, mnh_ipu1: 41.12, mnh_ipu2: 37.54, mnh_lpddr: 38.15
05-03 14:45:34.345   943   980 I EaselThermalMonitor: Cooling Device: mnh cur_state 0 max_state 4
05-03 14:45:34.345   943   980 I EaselManagerServer: Old thermal condition: 4, new thermal condition: 0
05-03 14:45:34.345   943   980 I EaselPowerBlue: [TIME_LOGGER] setClockMode took 0 ms
05-03 14:45:34.345   943   943 I EaselThermalMonitor: Cooling Device: mnh cur_state 0 max_state 4
05-03 14:45:34.345   839  6341 I CHIUSECASE: CreatePipelines: Creating pipelines for CHI usecase: UsecaseGooglePhoto1
05-03 14:45:34.345   839  6341 D CHIUSECASE: Initialize: RDI resolution: 3280x2464
05-03 14:45:34.345   839  6341 D CHIUSECASE: [Offline HDR+ Pipeline] CreateChiPipeline: Creating the CHI pipeline.
05-03 14:45:34.345   853   853 D android.hardware.power@1.3-service.crosshatch-libperfmgr: CAMERA SHOT ON: 1000 MS
05-03 14:45:34.345   839  6341 E CamX    : [ERROR][HAL    ] camxchicontext.cpp:3826 CloneNodeProperties() No memory allocated for pNodeProperties
05-03 14:45:34.345   839  6341 E CamX    : [ERROR][HAL    ] camxchicontext.cpp:3826 CloneNodeProperties() No memory allocated for pNodeProperties
05-03 14:45:34.345   853  2129 W libperfmgr: Failed to write to node: /sys/class/devfreq/soc:qcom,cpubw/bw_hwmon/hyst_trigger_count with value: 0, fd: -1
05-03 14:45:34.345   853  2129 W libperfmgr: Failed to write to node: /sys/class/devfreq/soc:qcom,cpubw/bw_hwmon/hist_memory with value: 0, fd: -1
05-03 14:45:34.345   853  2129 W libperfmgr: Failed to write to node: /sys/class/devfreq/soc:qcom,cpubw/bw_hwmon/hyst_length with value: 0, fd: -1
05-03 14:45:34.346   839  6341 E GOOGLE_CHINODE_HDRPLUS: CHINODECAPSINFO is smaller than expected
05-03 14:45:34.346   839  6341 I CHIUSECASE: CameraID: 2, SelectedMode W=3280, H=2464, FPS:30, NumBatchedFrames:0, modeIndex:0
05-03 14:45:34.346   839  6341 I CHIUSECASE: Initialize: mGcamMinPayloadFrames: 2
05-03 14:45:34.347   839  6364 E libc    : Access denied finding property "persist.gcam.debug"
05-03 14:45:34.347   839  6341 I CHIUSECASE: Create: Created a GoogleUsecaseOfflineHdrplusPipeline for camera 2
05-03 14:45:34.347   839  6341 D CHIUSECASE: Initialize: RDI resolution: 3280x2464
05-03 14:45:34.347   839  6341 D CHIUSECASE: [Realtime ZSL Pipeline] CreateChiPipeline: Creating the CHI pipeline.
05-03 14:45:34.347   839  6364 E libc    : Access denied finding property "persist.gcam.save_text"
05-03 14:45:34.347   839  6364 E libc    : Access denied finding property "persist.gcam.save_metering"
05-03 14:45:34.347   839  6364 E libc    : Access denied finding property "persist.gcam.save_payload"
05-03 14:45:34.347   839  6341 E CamX    : [ERROR][HAL    ] camxchicontext.cpp:3826 CloneNodeProperties() No memory allocated for pNodeProperties
05-03 14:45:34.347   839  6341 E CamX    : [ERROR][HAL    ] camxchicontext.cpp:3826 CloneNodeProperties() No memory allocated for pNodeProperties
05-03 14:45:34.347   839  6364 I native  : gcam.cc:441 Gcam thread id = 6364
05-03 14:45:34.347   839  6364 I libgcam : [gcam.cc:481]: Initializing camera 0: device crosshatch, device code d339b9dde7e299d2e826208175a079b3, sensor ID 0.
05-03 14:45:34.347   839  6364 W libgcam : [tuning.cc:1366]: GetTuningFromDeviceCodeInternal: Device has not been calibrated for HDR+, which may severely degrade image quality!
05-03 14:45:34.347   839  6364 I native  : gcam.cc:504 halide_ipu_set_timeout=2s
05-03 14:45:34.347   839  6364 I native  : easel_service_control.cc:196 RunReferenceCountIncrement run_reference_count_=2
05-03 14:45:34.347   839  6341 I goog_warping: Create
05-03 14:45:34.347   839  6341 D goog_warping: persist.camera.warping.debug is set to 0
05-03 14:45:34.348   839  6341 D goog_warping: persist.camera.warping.enable is set to 1
05-03 14:45:34.348   839  6341 D goog_warping: persist.camera.warping.vcmdelay is set to 0
05-03 14:45:34.348   839  6341 D goog_warping: persist.camera.warping.usegyrodirect is set to 0
05-03 14:45:34.348   839  6341 D goog_warping: persist.camera.warping.usegyropoll is set to 1
05-03 14:45:34.348   839  6341 D goog_warping: persist.camera.warping.fdinfo is set to 1
05-03 14:45:34.348   839  6341 D goog_warping: persist.camera.warping.ftmethod is set to 1
05-03 14:45:34.348   839  6341 I goog_warping: Warping node in photo mode. No crop is used.
05-03 14:45:34.349   839  6341 I GoogleFDNode: Initialize: GoogleFDNode created ensemble detector successfully.
05-03 14:45:34.349   839  6341 I GoogleFDNode: Initialize: GoogleFDNode uses dedicated thread for Ensemble.
05-03 14:45:34.350   839  6341 I GoogleFDNode: QueryBufferInfo: [FD] Google FD Node publishing com.google.nexus.experimental2018 | faceSkipFrame to 804f000e
05-03 14:45:34.350   839  6341 I GoogleFDNode: QueryBufferInfo: [FD] Google FD Node publishing com.google.nexus.experimental2018 | faceLandmark.count to 804f000f
05-03 14:45:34.350   839  6341 I GoogleFDNode: QueryBufferInfo: [FD] Google FD Node publishing com.google.nexus.experimental2018 | faceLandmark.ids to 804f0010
05-03 14:45:34.350   839  6341 I GoogleFDNode: QueryBufferInfo: [FD] Google FD Node publishing com.google.nexus.experimental2018 | faceLandmark.xy to 804f0011
05-03 14:45:34.350   839  6341 I GoogleFDNode: QueryBufferInfo: [FD] Google FD Node publishing com.google.nexus.experimental2018 | faceLandmark.depth to 804f0012
05-03 14:45:34.350   839  6341 I GoogleFDNode: QueryBufferInfo: [FD] Google FD Node publishing com.google.nexus.experimental2018 | faceOrientation to 804f0014
05-03 14:45:34.350   839  6341 E CamX    : [ERROR][PPROC  ] camxipenode.cpp:2283 ProcessingNodeFinalizeInputRequirement() NonConformant AspectRatio:1.333333 Change Width 852 using AR:1.777778
05-03 14:45:34.350   839  6341 D CamX    : [DEBUG][PPROC  ] camxipenode.cpp:2350 ProcessingNodeFinalizeInputRequirement() IPE video dimension: 0 x 0
05-03 14:45:34.350   839  6341 D CamX    : [DEBUG][PPROC  ] camxipenode.cpp:2350 ProcessingNodeFinalizeInputRequirement() IPE video dimension: 0 x 0
05-03 14:45:34.350   839  6341 E CamX    : [ERROR][PPROC  ] camxipenode.cpp:2283 ProcessingNodeFinalizeInputRequirement() NonConformant AspectRatio:1.333333 Change Width 852 using AR:1.777778
05-03 14:45:34.350   839  6341 D CamX    : [DEBUG][PPROC  ] camxipenode.cpp:2350 ProcessingNodeFinalizeInputRequirement() IPE video dimension: 0 x 0
05-03 14:45:34.350   839  6341 I CHIUSECASE: CameraID: 2, SelectedMode W=3280, H=2464, FPS:30, NumBatchedFrames:1, modeIndex:0
05-03 14:45:34.350   839  6341 I CHIUSECASE: Create: Created a GoogleUsecaseRealtimeZslPipeline for camera 2
05-03 14:45:34.350   839  6341 I CHIUSECASE: Build: building a session with pipeline for camera id 1
05-03 14:45:34.350   839  6341 I CHIUSECASE: Build: building a session with pipeline for camera id 2
05-03 14:45:34.357   943  6359 W native  : EASEL (00:01.550 P47 T47): commandlineflags.cc:1311 Ignoring RegisterValidateFunction() for flag pointer 0xaaaadf69fe28: no flag found at that address
05-03 14:45:34.360   839  6341 E CamX    : [ERROR][HAL    ] camxmetadatapool.cpp:1600 SetMetadataByTag() Invalid slot; cannot set metadata tag 80080003
05-03 14:45:34.360   839  6341 E CamX    : [ERROR][HAL    ] camxmetadatapool.cpp:1763 PublishMetadataList() Invalid slot, cannot publish metadata list
05-03 14:45:34.361   839  6341 I         : [GOOG_STATS] PDLibData already assigned
05-03 14:45:34.361   839  6341 I         : [GOOG_STATS] Calling CreatePDLib in QC library
05-03 14:45:34.382   854   854 I sensors-hal: batch_physical_sensor:192, android.sensor.gyroscope/10, period=5000000, max_latency=0
05-03 14:45:34.382   854   854 I sensors-hal: batch_physical_sensor:201, android.sensor.gyroscope/10, period=5000000, max_latency=0 request completed
05-03 14:45:34.382   854   854 I sensors-hal: activate_physical_sensor:129, android.sensor.gyroscope/10 en=1
05-03 14:45:34.387   854   854 I sensors-hal: activate_physical_sensor:140, android.sensor.gyroscope/10 en=1 completed
05-03 14:45:34.396   839  6341 E CamX    : [ERROR][STATS  ] gcamfastaeutil.cpp:1170 SetTuningData() [FastAE] ERROR! Failed to get the tuning data
05-03 14:45:34.396   839  6341 E CamX    : [ERROR][HAL    ] camxmetadatapool.cpp:1447 GetMetadataByTag() Invalid Slot to get a metadata from
05-03 14:45:34.396   839  6341 E CamX    : [ERROR][HAL    ] camxmetadatapool.cpp:1447 GetMetadataByTag() Invalid Slot to get a metadata from
05-03 14:45:34.396   839  6341 E CamX    : [ERROR][STATS_AEC] aec_led_calibration.cpp:560: aec_led_cal_apply_calibration Invalid pointer 0x74dc323000 0x0
05-03 14:45:34.396   839  6341 E CamX    : [ERROR][STATS_AEC] aec_set.cpp:1346: aec_set_fps_range Aec_Error invalid input 0 
05-03 14:45:34.396   839  6341 E CamX    : [ERROR][STATS  ] camxae.cpp:2203 AECSetSensorInfo() Wrong initial sequence from HAL!
05-03 14:45:34.396   839  6341 E CamX    : [ERROR][STATS_AEC] aec_get.cpp:777: aec_get_param GET_EXP_PARAMS ERROR, Uninitialized exposure settings requested
05-03 14:45:34.396   839  6341 E CamX    : [ERROR][HAL    ] camxmetadatapool.cpp:1447 GetMetadataByTag() Invalid Slot to get a metadata from
05-03 14:45:34.396   839  6341 E CamX    : [ERROR][HAL    ] camxmetadatapool.cpp:1447 GetMetadataByTag() Invalid Slot to get a metadata from
05-03 14:45:34.396   839  6341 E CamX    : [ERROR][STATS_AEC] camxcaecstatsprocessor.cpp:1753 PopulatePropPoolFrameControl() Invalid exposure parameters: gain: 1.000000, exposureTime: 0
05-03 14:45:34.396   839  6341 E CamX    : [ERROR][HAL    ] camxmetadatapool.cpp:1447 GetMetadataByTag() Invalid Slot to get a metadata from
05-03 14:45:34.396   839  6341 E CamX    : [ERROR][HAL    ] camxmetadatapool.cpp:1447 GetMetadataByTag() Invalid Slot to get a metadata from
05-03 14:45:34.399   839  6341 E GoogTuning: Error! Unsupported tuning mode (usecase: 65535, sensorMode: 65535) - using the default tuning header instead
05-03 14:45:34.410   839  6341 D CamX    : [DEBUG][STATS_AWB] camxcawbstatsprocessor.cpp:740 SetOperationModetoAlgo() Mode set to Algo: 1
05-03 14:45:34.414   839  1333 I         : [GOOG_STATS] PDAF wrapper is successfully initialized
05-03 14:45:34.414   839  1333 I         : [GOOG_STATS] PDAF infinity DAC = 1058, macro DAC = 3004, image bits = 8
05-03 14:45:34.414   839  1333 I         : [GOOG_STATS] doDefaultPDProcess = 0
05-03 14:45:34.414   839  1333 I         : [GOOG_STATS] Calling QC PDLibInitialize: run on sparse PD = 1
05-03 14:45:34.414   854   854 I sensors-hal: flush_physical_sensor:231, android.sensor.gyroscope/10
05-03 14:45:34.416   854   854 I sensors-hal: flush_physical_sensor:237, android.sensor.gyroscope/10 completed
05-03 14:45:34.418   839  6374 I native  : flicker_wrapper.cc:82 FlickerCreate
05-03 14:45:34.418   839  6374 I native  : flicker_wrapper.cc:87 Using default flicker parameters.
05-03 14:45:34.419   854   930 I VSC     : @ 485.231: {Fusion} configure fusion 9 19230us 0us.
05-03 14:45:34.419   854   930 D VSC     : @ 485.231: [Gravity Sensor] Request accel, interval 19230000 ns, latency 0 ns
05-03 14:45:34.419   854   930 D VSC     : @ 485.231: [Gravity Sensor] Request gyro, interval 5000000 ns, latency 0 ns
05-03 14:45:34.420   839  6341 E GoogTuning: Error! Unsupported tuning mode (usecase: 65535, sensorMode: 65535) - using the default tuning header instead
05-03 14:45:34.442   839  6341 E CamX    : [ERROR][HAL    ] camxmetadatapool.cpp:1447 GetMetadataByTag() Invalid Slot to get a metadata from
05-03 14:45:34.444   839  6341 I GoogSensorSync: GoogSensorSync 67 Sensor sync camera ID: 1
05-03 14:45:34.446   839  6341 I GoogSensorSync: GetSensorHandle 109 handle for 1 is found.
05-03 14:45:34.448   854   854 I sensors-hal: batch_physical_sensor:192, com.google.sensor.camera_vsync/7, period=5000000, max_latency=0
05-03 14:45:34.448   854   854 I sensors-hal: batch_physical_sensor:201, com.google.sensor.camera_vsync/7, period=5000000, max_latency=0 request completed
05-03 14:45:34.448   854   854 I sensors-hal: activate_physical_sensor:129, com.google.sensor.camera_vsync/7 en=1
05-03 14:45:34.449   854   854 I sensors-hal: activate_physical_sensor:140, com.google.sensor.camera_vsync/7 en=1 completed
05-03 14:45:34.450   839  6341 E CamX    : [ERROR][HAL    ] camxmetadatapool.cpp:1600 SetMetadataByTag() Invalid slot; cannot set metadata tag 80080003
05-03 14:45:34.450   839  6341 E CamX    : [ERROR][HAL    ] camxmetadatapool.cpp:1763 PublishMetadataList() Invalid slot, cannot publish metadata list
05-03 14:45:34.454   854   854 I sensors-hal: flush_physical_sensor:231, android.sensor.gyroscope/10
05-03 14:45:34.455   854   854 I sensors-hal: flush_physical_sensor:237, android.sensor.gyroscope/10 completed
05-03 14:45:34.463   839  6341 E CamX    : [ERROR][STATS  ] gcamfastaeutil.cpp:1170 SetTuningData() [FastAE] ERROR! Failed to get the tuning data
05-03 14:45:34.463   839  6341 E CamX    : [ERROR][HAL    ] camxmetadatapool.cpp:1447 GetMetadataByTag() Invalid Slot to get a metadata from
05-03 14:45:34.463   839  6341 E CamX    : [ERROR][HAL    ] camxmetadatapool.cpp:1447 GetMetadataByTag() Invalid Slot to get a metadata from
05-03 14:45:34.463   839  6341 E CamX    : [ERROR][STATS_AEC] aec_led_calibration.cpp:560: aec_led_cal_apply_calibration Invalid pointer 0x74d97a3000 0x0
05-03 14:45:34.463   839  6341 E CamX    : [ERROR][STATS_AEC] aec_set.cpp:1346: aec_set_fps_range Aec_Error invalid input 0 
05-03 14:45:34.463   839  6341 E CamX    : [ERROR][STATS  ] camxae.cpp:2203 AECSetSensorInfo() Wrong initial sequence from HAL!
05-03 14:45:34.463   839  6341 E CamX    : [ERROR][STATS_AEC] aec_get.cpp:777: aec_get_param GET_EXP_PARAMS ERROR, Uninitialized exposure settings requested
05-03 14:45:34.463   839  6341 E CamX    : [ERROR][HAL    ] camxmetadatapool.cpp:1447 GetMetadataByTag() Invalid Slot to get a metadata from
05-03 14:45:34.463   839  6341 E CamX    : [ERROR][HAL    ] camxmetadatapool.cpp:1447 GetMetadataByTag() Invalid Slot to get a metadata from
05-03 14:45:34.463   839  6341 E CamX    : [ERROR][STATS_AEC] camxcaecstatsprocessor.cpp:1753 PopulatePropPoolFrameControl() Invalid exposure parameters: gain: 1.000000, exposureTime: 0
05-03 14:45:34.463   839  6341 E CamX    : [ERROR][HAL    ] camxmetadatapool.cpp:1600 SetMetadataByTag() Invalid slot; cannot set metadata tag 800a0005
05-03 14:45:34.463   839  6341 E CamX    : [ERROR][HAL    ] camxmetadatapool.cpp:1763 PublishMetadataList() Invalid slot, cannot publish metadata list
05-03 14:45:34.463   839  6341 E CamX    : [ERROR][HAL    ] camxmetadatapool.cpp:1447 GetMetadataByTag() Invalid Slot to get a metadata from
05-03 14:45:34.463   839  6341 E CamX    : [ERROR][HAL    ] camxmetadatapool.cpp:1447 GetMetadataByTag() Invalid Slot to get a metadata from
05-03 14:45:34.466   839  6341 E GoogTuning: Error! Unsupported tuning mode (usecase: 65535, sensorMode: 65535) - using the default tuning header instead
05-03 14:45:34.477   854   930 D CHRE    : @ 485.289: [ImuCal] Dynamic sensor configuration: high-performance.
05-03 14:45:34.477   839  6341 D CamX    : [DEBUG][STATS_AWB] camxcawbstatsprocessor.cpp:740 SetOperationModetoAlgo() Mode set to Algo: 1
05-03 14:45:34.479   839  6341 E GoogTuning: Error! Unsupported tuning mode (usecase: 65535, sensorMode: 65535) - using the default tuning header instead
05-03 14:45:34.493   853  2129 W libperfmgr: Failed to write to node: /sys/class/devfreq/soc:qcom,cpubw/bw_hwmon/hyst_trigger_count with value: 0, fd: -1
05-03 14:45:34.493   853  2129 W libperfmgr: Failed to write to node: /sys/class/devfreq/soc:qcom,cpubw/bw_hwmon/hist_memory with value: 0, fd: -1
05-03 14:45:34.493   853  2129 W libperfmgr: Failed to write to node: /sys/class/devfreq/soc:qcom,cpubw/bw_hwmon/hyst_length with value: 0, fd: -1
05-03 14:45:34.495   839  6341 E CamX    : [ERROR][HAL    ] camxmetadatapool.cpp:1447 GetMetadataByTag() Invalid Slot to get a metadata from
05-03 14:45:34.497   839  6341 I GoogSensorSync: GoogSensorSync 67 Sensor sync camera ID: 2
05-03 14:45:34.498   839  6341 I GoogSensorSync: GetSensorHandle 109 handle for 2 is found.
05-03 14:45:34.500   854   854 I sensors-hal: batch_physical_sensor:192, com.google.sensor.camera_vsync/6, period=5000000, max_latency=0
05-03 14:45:34.500   854   854 I sensors-hal: batch_physical_sensor:201, com.google.sensor.camera_vsync/6, period=5000000, max_latency=0 request completed
05-03 14:45:34.500   854   854 I sensors-hal: activate_physical_sensor:129, com.google.sensor.camera_vsync/6 en=1
05-03 14:45:34.502   854   854 I sensors-hal: activate_physical_sensor:140, com.google.sensor.camera_vsync/6 en=1 completed
05-03 14:45:34.502   839  6341 I CHIUSECASE: Build: building a session with pipeline for camera id 1
05-03 14:45:34.502   839  6341 I CHIUSECASE: Build: building a session with pipeline for camera id 2
05-03 14:45:34.520   839  6341 I GoogSensorSync: GoogSensorSync 67 Sensor sync camera ID: 1
05-03 14:45:34.521   839  6341 I GoogSensorSync: GetSensorHandle 109 handle for 1 is found.
05-03 14:45:34.525   839  6341 I GoogSensorSync: GoogSensorSync 67 Sensor sync camera ID: 2
05-03 14:45:34.526   839  6341 I GoogSensorSync: GetSensorHandle 109 handle for 2 is found.
05-03 14:45:34.528   839  6341 D CHIUSECASE: Create: Initialized Google use case successfully.
05-03 14:45:34.530   925  1603 D Camera3-Device: Set real time priority for request queue thread (tid 6349)
05-03 14:45:34.531  6264  6383 E ACameraDevice: Camera 0 submit request remote failure: ret -576481664
05-03 14:45:34.533  6264  6383 F libc    : selfdrive/camerad/cameras/camera_android.cc:128: void CameraState::start_preview(bool): assertion "status == ACAMERA_OK" failed
05-03 14:45:34.541  6264  6383 F libc    : Fatal signal 6 (SIGABRT), code -6 (SI_TKILL) in tid 6383 (android_road_ca), pid 6264 (android_driver_)
05-03 14:45:34.553  1780  1780 D FallbackHome: User unlocked but no home; let's hope someone enables one soon?
05-03 14:45:34.555   854  1023 I sensors-hal: update_qtimer_to_realtime_offset:192, updating qtimer-realtime offset (gap 990), offset_diff = 46183
05-03 14:45:34.668  6386  6386 I crash_dump64: obtaining output fd from tombstoned, type: kDebuggerdTombstone
05-03 14:45:34.670   953   953 I /system/bin/tombstoned: received crash request for pid 6383
05-03 14:45:34.672  6386  6386 I crash_dump64: performing dump of process 6264 (target tid = 6383)
05-03 14:45:34.682  6386  6386 F DEBUG   : *** *** *** *** *** *** *** *** *** *** *** *** *** *** *** ***
05-03 14:45:34.682  6386  6386 F DEBUG   : Build fingerprint: 'google/crosshatch/crosshatch:9/PQ3A.190801.002/5670241:user/release-keys'
05-03 14:45:34.682  6386  6386 F DEBUG   : Revision: 'MP1.0'
05-03 14:45:34.682  6386  6386 F DEBUG   : ABI: 'arm64'
05-03 14:45:34.682  6386  6386 F DEBUG   : pid: 6264, tid: 6383, name: android_road_ca  >>> ./camerad <<<
05-03 14:45:34.682  6386  6386 F DEBUG   : signal 6 (SIGABRT), code -6 (SI_TKILL), fault addr --------
05-03 14:45:34.682  6386  6386 F DEBUG   : Abort message: 'selfdrive/camerad/cameras/camera_android.cc:128: void CameraState::start_preview(bool): assertion "status == ACAMERA_OK" failed'
05-03 14:45:34.682  6386  6386 F DEBUG   :     x0  0000000000000000  x1  00000000000018ef  x2  0000000000000006  x3  0000000000000008
05-03 14:45:34.682  6386  6386 F DEBUG   :     x4  0000000000000000  x5  0000000000000000  x6  0000000000000000  x7  0000000000000040
05-03 14:45:34.682  6386  6386 F DEBUG   :     x8  0000000000000083  x9  0000007060ef60a0  x10 fffffff87fffffdf  x11 0000000000000001
05-03 14:45:34.682  6386  6386 F DEBUG   :     x12 0000000000000038  x13 0000000000043ab2  x14 00000000341555ac  x15 0000000000000018
05-03 14:45:34.682  6386  6386 F DEBUG   :     x16 0000007060f302c8  x17 0000007060e6ddcc  x18 0000000000000000  x19 0000000000001878
05-03 14:45:34.682  6386  6386 F DEBUG   :     x20 00000000000018ef  x21 0000006fb79e04f0  x22 0000187800001878  x23 00000063237b7210
05-03 14:45:34.682  6386  6386 F DEBUG   :     x24 0000006fb79e0570  x25 0000006fb78e3000  x26 00000070640fe5e0  x27 000000000000000b
05-03 14:45:34.682  6386  6386 F DEBUG   :     x28 0000000000000000  x29 0000006fb79e03c0
05-03 14:45:34.683  6386  6386 F DEBUG   :     sp  0000006fb79e0380  lr  0000007060e6294c  pc  0000007060e62974
05-03 14:45:34.690  6386  6386 F DEBUG   : 
05-03 14:45:34.690  6386  6386 F DEBUG   : backtrace:
05-03 14:45:34.690  6386  6386 F DEBUG   :     #00 pc 0000000000021974  /system/lib64/libc.so (abort+116)
05-03 14:45:34.690  6386  6386 F DEBUG   :     #01 pc 0000000000021d10  /system/lib64/libc.so (__assert2+52)
05-03 14:45:34.690  6386  6386 F DEBUG   :     #02 pc 0000000000012cc8  /data/openpilot/selfdrive/camerad/camerad (CameraState::camera_run(float*)+776)
05-03 14:45:34.690  6386  6386 F DEBUG   :     #03 pc 000000000001423c  /data/openpilot/selfdrive/camerad/camerad (_ZNSt6__ndk114__thread_proxyINS_5tupleIJNS_10unique_ptrINS_15__thread_structENS_14default_deleteIS3_EEEEPFvP11CameraStateES8_EEEEEPvSC_+44)
05-03 14:45:34.690  6386  6386 F DEBUG   :     #04 pc 00000000000821e0  /system/lib64/libc.so (__pthread_start(void*)+36)
05-03 14:45:34.690  6386  6386 F DEBUG   :     #05 pc 0000000000023178  /system/lib64/libc.so (__start_thread+68)
05-03 14:45:34.808  6386  6386 I unwind  : Malformed section header found, ignoring...
05-03 14:45:34.858   839  6351 I native  : precompiled_graph_loader.cc:1389 Preloaded 62 PCGs! Elapsed time(us): 520305
05-03 14:45:34.858   839  6351 I native  : easel_service_control.cc:196 RunReferenceCountIncrement run_reference_count_=3
05-03 14:45:34.858   839  6351 I native  : easel_service_control.cc:215 RunReferenceCountDecrement run_reference_count_=2
05-03 14:45:34.858   839  6364 I native  : imx_fine_grain_client.cc:20 Acquire ImxSession Reference. reference_count_=2
05-03 14:45:34.858   839  6364 I native  : easel_service_control.cc:196 RunReferenceCountIncrement run_reference_count_=3
05-03 14:45:34.858   839  6364 I native  : easel_service_control.cc:215 RunReferenceCountDecrement run_reference_count_=2
05-03 14:45:34.858   839  6351 I libgcam : [gcam.cc:623]: Gcam initialized.
05-03 14:45:34.858   839  6364 I libgcam : [gcam.cc:623]: Gcam initialized.
05-03 14:45:34.858   839  6351 I HdrplusProcessing: InitializeGcam: Initialized GCAM.
05-03 14:45:34.858   839  6364 I HdrplusProcessing: InitializeGcam: Initialized GCAM.
05-03 14:45:34.858   943   943 I EaselThermalMonitor: Cooling Device: mnh cur_state 0 max_state 4
05-03 14:45:34.859   943   943 I EaselThermalMonitor: Cooling Device: mnh cur_state 0 max_state 4
05-03 14:45:19.660  1208  1227 D KernelUidCpuTimeReader: Removing uids 1037-1037
05-03 14:45:34.864  1208  1571 W NativeCrashListener: Couldn't find ProcessRecord for pid 6264
05-03 14:45:34.866   953   953 E /system/bin/tombstoned: Tombstone written to: /data/tombstones/tombstone_04
05-03 14:45:34.872  1208  1238 I BootReceiver: Copying /data/tombstones/tombstone_04 to DropBox (SYSTEM_TOMBSTONE)
05-03 14:45:34.884   854   930 I CHRE    : @ 485.695: [ImuCal] [NanoSensorCal:GYRO_RPS] Offset | Temperature [C]: -0.000993, -0.001734, 0.001159 | 31.47
05-03 14:45:34.884   854   930 I CHRE    : @ 485.695: [ImuCal] [NanoSensorCal:GYRO_RPS] Temp Sensitivity: -0.000136, 0.000247, -0.000041
05-03 14:45:34.884   854   930 I CHRE    : @ 485.695: [ImuCal] [NanoSensorCal:GYRO_RPS] Temp Intercept: 0.003301, -0.009510, 0.002466
05-03 14:45:34.888   925   925 I Camera2ClientBase: Closed Camera 0. Client was:  (PID 6264, UID 0)
05-03 14:45:34.888   925  6349 E Camera3-OutputStream: getBufferLockedCommon: Stream 0: Can't dequeue next output buffer: Broken pipe (-32)
05-03 14:45:34.888   925  6349 E Camera3-Device: RequestThread: Can't get output buffer, skipping request: Broken pipe (-32)
05-03 14:45:34.892  1208  1223 W BroadcastQueue: Background execution not allowed: receiving Intent { act=android.intent.action.DROPBOX_ENTRY_ADDED flg=0x10 (has extras) } to com.google.android.gms/.stats.service.DropBoxEntryAddedReceiver
05-03 14:45:34.892  1208  1223 W BroadcastQueue: Background execution not allowed: receiving Intent { act=android.intent.action.DROPBOX_ENTRY_ADDED flg=0x10 (has extras) } to com.google.android.gms/.chimera.GmsIntentOperationService$PersistentTrustedReceiver
05-03 14:45:34.939   925  1603 I Camera3-Device: disconnect: E
05-03 14:45:34.939   839  6341 D CHIUSECASE: ExtensionModule::ExtendClose
05-03 14:45:34.939   839  6341 D CameraThermalHAL: Stopping Thermal HAL Polling thread
05-03 14:45:34.939   839  6347 D CameraThermalHAL: Thermal HAL thread exiting ...
05-03 14:45:34.939   853   853 D android.hardware.power@1.3-service.crosshatch-libperfmgr: CAMERA LAUNCH OFF
05-03 14:45:34.939   853  2129 W libperfmgr: Failed to write to node: /sys/class/devfreq/soc:qcom,cpubw/bw_hwmon/hyst_trigger_count with value: 0, fd: -1
05-03 14:45:34.939   853  2129 W libperfmgr: Failed to write to node: /sys/class/devfreq/soc:qcom,cpubw/bw_hwmon/hist_memory with value: 0, fd: -1
05-03 14:45:34.939   853  2129 W libperfmgr: Failed to write to node: /sys/class/devfreq/soc:qcom,cpubw/bw_hwmon/hyst_length with value: 0, fd: -1
05-03 14:45:34.939   839  6341 D CHIUSECASE: ExtensionModule::TeardownOverrideSession Enter
05-03 14:45:34.940   839  6341 D CHIUSECASE: Usecase::DestroyObject 0x74e8bada00
05-03 14:45:34.940   839  6341 D CamX    : [DEBUG][CORE   ] camxsession.cpp:347 Destroy() Destroying session 0x74e8fbb000
05-03 14:45:34.940   839  6341 D CamX    : [DEBUG][CORE   ] camxsession.cpp:296 Flush() flush is happening for session 0x74e8fbb000; we will wait till all results are available
05-03 14:45:34.940   839  6341 D CamX    : [DEBUG][CORE   ] camxsession.cpp:332 Flush() Flush is done
05-03 14:45:34.940   853  2129 W libperfmgr: Failed to write to node: /sys/class/devfreq/soc:qcom,cpubw/bw_hwmon/hyst_trigger_count with value: 0, fd: -1
05-03 14:45:34.940   853  2129 W libperfmgr: Failed to write to node: /sys/class/devfreq/soc:qcom,cpubw/bw_hwmon/hist_memory with value: 0, fd: -1
05-03 14:45:34.940   853  2129 W libperfmgr: Failed to write to node: /sys/class/devfreq/soc:qcom,cpubw/bw_hwmon/hyst_length with value: 0, fd: -1
05-03 14:45:34.940   853   853 D android.hardware.power@1.3-service.crosshatch-libperfmgr: CAMERA STREAMING OFF
05-03 14:45:34.940   853  2129 W libperfmgr: Failed to write to node: /sys/class/devfreq/soc:qcom,cpubw/bw_hwmon/hyst_trigger_count with value: 0, fd: -1
05-03 14:45:34.940   853  2129 W libperfmgr: Failed to write to node: /sys/class/devfreq/soc:qcom,cpubw/bw_hwmon/hist_memory with value: 0, fd: -1
05-03 14:45:34.940   853  2129 W libperfmgr: Failed to write to node: /sys/class/devfreq/soc:qcom,cpubw/bw_hwmon/hyst_length with value: 0, fd: -1
05-03 14:45:34.940   853   853 D android.hardware.power@1.3-service.crosshatch-libperfmgr: CAMERA LAUNCH ON: 1 MS, LAUNCH ON: 2500 MS
05-03 14:45:34.941   853  2129 W libperfmgr: Failed to write to node: /sys/class/devfreq/soc:qcom,cpubw/bw_hwmon/hyst_trigger_count with value: 0, fd: -1
05-03 14:45:34.941   853  2129 W libperfmgr: Failed to write to node: /sys/class/devfreq/soc:qcom,cpubw/bw_hwmon/hist_memory with value: 0, fd: -1
05-03 14:45:34.941   853  2129 W libperfmgr: Failed to write to node: /sys/class/devfreq/soc:qcom,cpubw/bw_hwmon/hyst_length with value: 0, fd: -1
05-03 14:45:34.941   853  2129 W libperfmgr: Failed to write to node: /sys/class/devfreq/soc:qcom,cpubw/bw_hwmon/hyst_trigger_count with value: 0, fd: -1
05-03 14:45:34.941   853  2129 W libperfmgr: Failed to write to node: /sys/class/devfreq/soc:qcom,cpubw/bw_hwmon/hist_memory with value: 0, fd: -1
05-03 14:45:34.941   853  2129 W libperfmgr: Failed to write to node: /sys/class/devfreq/soc:qcom,cpubw/bw_hwmon/hyst_length with value: 0, fd: -1
05-03 14:45:34.941   839  6341 D CamX    : [DEBUG][CORE   ] camxsession.cpp:531 Destroy() Done destroying the session
05-03 14:45:34.941   839  6341 D CamX    : [DEBUG][CORE   ] camxsession.cpp:82 ~Session() Session::~Session 0x74e8fbb000
05-03 14:45:34.942   854  1404 I sensors-hal: batch_physical_sensor:192, android.sensor.gyroscope/10, period=5000000, max_latency=0
05-03 14:45:34.942   854  1404 I sensors-hal: batch_physical_sensor:201, android.sensor.gyroscope/10, period=5000000, max_latency=0 request completed
05-03 14:45:34.943   854   930 D VSC     : @ 485.755: [Gravity Sensor] Stop accel
05-03 14:45:34.944   854   930 D VSC     : @ 485.756: [Gravity Sensor] Stop gyro
05-03 14:45:34.947   854   854 I sensors-hal: batch_physical_sensor:192, com.google.sensor.camera_vsync/6, period=5000000, max_latency=0
05-03 14:45:34.947   854   854 I sensors-hal: batch_physical_sensor:201, com.google.sensor.camera_vsync/6, period=5000000, max_latency=0 request completed
05-03 14:45:34.948   839  6341 I GoogSensorSync: ~GoogSensorSync 72 Total failure/sync for camera 2: 0/0
05-03 14:45:34.951   839  6374 I native  : flicker_wrapper.cc:108 FlickerDestroy
05-03 14:45:34.952   839  6374 I native  : timer_utils.cc:95 FlickerDetect Initialize total: 5.538000 ms, average: 2.769000 ms
05-03 14:45:34.952   839  6374 I native  : 
05-03 14:45:34.952   839  6374 I native  : flicker_wrapper.cc:111 flicker_obj deleted.
05-03 14:45:34.954   839  6341 I goog_warping: Destroy
05-03 14:45:34.954   854  1404 I sensors-hal: batch_physical_sensor:192, android.sensor.gyroscope/10, period=5000000, max_latency=0
05-03 14:45:34.954   854  1404 I sensors-hal: batch_physical_sensor:201, android.sensor.gyroscope/10, period=5000000, max_latency=0 request completed
05-03 14:45:34.955   839  6369 I GoogleFDNode: EnsembleStateLoop: [FD] Closing Ensemble in Google FD Node.
05-03 14:45:34.969   854  1404 I sensors-hal: batch_physical_sensor:192, com.google.sensor.camera_vsync/7, period=5000000, max_latency=0
05-03 14:45:34.969   854  1404 I sensors-hal: batch_physical_sensor:201, com.google.sensor.camera_vsync/7, period=5000000, max_latency=0 request completed
05-03 14:45:34.969   839  6341 I GoogSensorSync: ~GoogSensorSync 72 Total failure/sync for camera 1: 0/0
05-03 14:45:34.975   839  6341 I         : [GOOG_STATS] Calling PDLibDestroy in QC library
05-03 14:45:34.977   839  6341 I goog_warping: Destroy
05-03 14:45:34.979   854  1404 I sensors-hal: activate_physical_sensor:129, android.sensor.gyroscope/10 en=0
05-03 14:45:34.980   854  1404 I sensors-hal: activate_physical_sensor:140, android.sensor.gyroscope/10 en=0 completed
05-03 14:45:34.980   839  6357 I GoogleFDNode: EnsembleStateLoop: [FD] Closing Ensemble in Google FD Node.
05-03 14:45:34.983   854   930 D CHRE    : @ 485.795: [ImuCal] Dynamic sensor configuration: stand-by.
05-03 14:45:35.055  1780  1780 D FallbackHome: User unlocked but no home; let's hope someone enables one soon?
05-03 14:45:35.096   839  6341 D CamX    : [DEBUG][CORE   ] camxsession.cpp:347 Destroy() Destroying session 0x74d954e000
05-03 14:45:35.096   839  6341 D CamX    : [DEBUG][CORE   ] camxsession.cpp:296 Flush() flush is happening for session 0x74d954e000; we will wait till all results are available
05-03 14:45:35.096   839  6341 D CamX    : [DEBUG][CORE   ] camxsession.cpp:332 Flush() Flush is done
05-03 14:45:35.096   839  6395 I GOOGLE_CHINODE_HDRPLUS: MonitorEaselThermalState: Closing Easel monitor thread.
05-03 14:45:35.097   839  6396 I GOOGLE_CHINODE_HDRPLUS: MonitorEaselThermalState: Closing Easel monitor thread.
05-03 14:45:35.098   839  6341 D CamX    : [DEBUG][CORE   ] camxsession.cpp:531 Destroy() Done destroying the session
05-03 14:45:35.098   839  6341 D CamX    : [DEBUG][CORE   ] camxsession.cpp:82 ~Session() Session::~Session 0x74d954e000
05-03 14:45:35.098   854  1404 I sensors-hal: activate_physical_sensor:129, com.google.sensor.camera_vsync/6 en=0
05-03 14:45:35.098   854  1404 I sensors-hal: activate_physical_sensor:140, com.google.sensor.camera_vsync/6 en=0 completed
05-03 14:45:35.099   839  6341 I GoogSensorSync: ~GoogSensorSync 72 Total failure/sync for camera 2: 0/0
05-03 14:45:35.101   839  6341 I native  : easel_service_control.cc:196 RunReferenceCountIncrement run_reference_count_=3
05-03 14:45:35.101   839  6341 I native  : imx_fine_grain_client.cc:31 Release ImxSession Reference. reference_count_=1
05-03 14:45:35.101   839  6341 I native  : easel_service_control.cc:215 RunReferenceCountDecrement run_reference_count_=2
05-03 14:45:35.101   839  6341 I native  : easel_service_control.cc:215 RunReferenceCountDecrement run_reference_count_=1
05-03 14:45:35.102   854  1404 I sensors-hal: activate_physical_sensor:129, com.google.sensor.camera_vsync/7 en=0
05-03 14:45:35.103   854  1404 I sensors-hal: activate_physical_sensor:140, com.google.sensor.camera_vsync/7 en=0 completed
05-03 14:45:35.103   839  6341 I GoogSensorSync: ~GoogSensorSync 72 Total failure/sync for camera 1: 0/0
05-03 14:45:35.106   839  6341 I native  : easel_service_control.cc:196 RunReferenceCountIncrement run_reference_count_=2
05-03 14:45:35.106   839  6341 I native  : imx_fine_grain_client.cc:31 Release ImxSession Reference. reference_count_=0
05-03 14:45:35.136   839  6341 I native  : session.cc:151 No ImxDeviceBuffer leaks.
05-03 14:45:35.136   839  6341 I native  : easel_service_control.cc:215 RunReferenceCountDecrement run_reference_count_=1
05-03 14:45:35.136   839  6341 I native  : easel_service_control.cc:215 RunReferenceCountDecrement run_reference_count_=0
05-03 14:45:35.136   839  6341 I native  : easel_service_control.cc:225 EaselServiceControl Stopped
05-03 14:45:35.136   839  6341 I native  : easel_service_control.cc:351 COMMAND_PROCESSOR_3PA: Stop
05-03 14:45:35.136   839  6341 I native  : easel_service_control.cc:382 COMMAND_PROCESSOR_3PA: StopInternal
05-03 14:45:35.136   943   943 I EaselManagerServer: stopService: Service 7
05-03 14:45:35.139   943   974 I EaselManagerServer: Service 7 stopped, exit 0
05-03 14:45:35.139   839  1358 E native  : easel_manager_callback.cc:35 COMMAND_PROCESSOR_3PA on easel exited0
05-03 14:45:35.140   839  6341 I CHIUSECASE: DumpQueueState: ===== Dumping PendingResultDispatcher State Begin =====
05-03 14:45:35.140   839  6341 I CHIUSECASE: DumpQueueState: shutter frameNum queue len = 0 | result queue len = 0.
05-03 14:45:35.140   839  6341 I CHIUSECASE: DumpQueueState: metadata frameNum queue len = 0 | result queue len = 0.
05-03 14:45:35.140   839  6341 I CHIUSECASE: DumpQueueState: outputStream frameNum queue len = 0 | result queue len = 0.
05-03 14:45:35.140   839  6341 I CHIUSECASE: DumpQueueState: inputstream frameNum queue len = 0 | result queue len = 0.
05-03 14:45:35.140   839  6341 I CHIUSECASE: DumpQueueState: ===== Dumping PendingResultDispatcher State End =====
05-03 14:45:35.140   839  6341 D CHIUSECASE: ExtensionModule::TeardownOverrideSession Exit
05-03 14:45:35.141   925  1603 I CameraProviderManager: Camera device device@3.4/legacy/0 torch status is now AVAILABLE_OFF
05-03 14:45:35.141   925  1603 I CameraService: onTorchStatusChangedLocked: Torch status changed for cameraId=0, newStatus=1
05-03 14:45:35.141   839  6341 E CamX    : [ERROR][HAL    ] camxhaldevice.cpp:1103 CloseCachedSensorHandles() Failed to retrieve camera info
05-03 14:45:35.141   925  1603 W Camera3-OutputStream: disconnectLocked: While disconnecting stream 0 from native window, the native window died from under us
05-03 14:45:35.141   925  1603 I CameraLatencyHistogram: Stream 0 dequeueBuffer latency histogram (1) samples:
05-03 14:45:35.154   925  1603 I CameraLatencyHistogram:         5     10     15     20     25     30     35     40     45    inf (max ms)
05-03 14:45:35.154   925  1603 I CameraLatencyHistogram:      0.00   0.00   0.00   0.00   0.00   0.00   0.00   0.00   0.00   100.00 (%)
05-03 14:45:35.154   925  1603 I Camera3-Device: disconnect: X
05-03 14:45:35.154   925  1603 I Camera3-Device: disconnect: E
05-03 14:45:35.156   925  1603 I CameraService: disconnect: Disconnected client for camera 1 for PID 6264
05-03 14:45:35.156   925  1603 I Camera2ClientBase: Closed Camera 1. Client was:  (PID 6264, UID 0)
05-03 14:45:35.156   925  1603 E CameraService: binderDied: Java client's binder died, removing it from the list of active clients
05-03 14:45:35.196   943   974 I EaselPowerBlue: [TIME_LOGGER] suspend took 56 ms
05-03 14:45:35.345   853  2129 W libperfmgr: Failed to write to node: /sys/class/devfreq/soc:qcom,cpubw/bw_hwmon/hyst_trigger_count with value: 0, fd: -1
05-03 14:45:35.345   853  2129 W libperfmgr: Failed to write to node: /sys/class/devfreq/soc:qcom,cpubw/bw_hwmon/hist_memory with value: 0, fd: -1
05-03 14:45:35.345   853  2129 W libperfmgr: Failed to write to node: /sys/class/devfreq/soc:qcom,cpubw/bw_hwmon/hyst_length with value: 0, fd: -1
05-03 14:45:35.557  1780  1780 D FallbackHome: User unlocked but no home; let's hope someone enables one soon?
05-03 14:45:35.845   853  2129 W libperfmgr: Failed to write to node: /sys/class/devfreq/soc:qcom,cpubw/bw_hwmon/hyst_trigger_count with value: 0, fd: -1
05-03 14:45:35.845   853  2129 W libperfmgr: Failed to write to node: /sys/class/devfreq/soc:qcom,cpubw/bw_hwmon/hist_memory with value: 0, fd: -1
05-03 14:45:35.845   853  2129 W libperfmgr: Failed to write to node: /sys/class/devfreq/soc:qcom,cpubw/bw_hwmon/hyst_length with value: 0, fd: -1
05-03 14:45:35.939   853  2129 W libperfmgr: Failed to write to node: /sys/class/devfreq/soc:qcom,cpubw/bw_hwmon/hyst_trigger_count with value: 0, fd: -1
05-03 14:45:35.939   853  2129 W libperfmgr: Failed to write to node: /sys/class/devfreq/soc:qcom,cpubw/bw_hwmon/hist_memory with value: 0, fd: -1
05-03 14:45:35.939   853  2129 W libperfmgr: Failed to write to node: /sys/class/devfreq/soc:qcom,cpubw/bw_hwmon/hyst_length with value: 0, fd: -1
05-03 14:45:36.059  1780  1780 D FallbackHome: User unlocked but no home; let's hope someone enables one soon?
05-03 14:45:36.440   853  2129 W libperfmgr: Failed to write to node: /sys/class/devfreq/soc:qcom,cpubw/bw_hwmon/hyst_trigger_count with value: 0, fd: -1
05-03 14:45:36.440   853  2129 W libperfmgr: Failed to write to node: /sys/class/devfreq/soc:qcom,cpubw/bw_hwmon/hist_memory with value: 0, fd: -1
05-03 14:45:36.440   853  2129 W libperfmgr: Failed to write to node: /sys/class/devfreq/soc:qcom,cpubw/bw_hwmon/hyst_length with value: 0, fd: -1
05-03 14:45:36.560  1780  1780 D FallbackHome: User unlocked but no home; let's hope someone enables one soon?
05-03 14:45:36.940   853  2129 W libperfmgr: Failed to write to node: /sys/class/devfreq/soc:qcom,cpubw/bw_hwmon/hyst_trigger_count with value: 0, fd: -1
05-03 14:45:36.940   853  2129 W libperfmgr: Failed to write to node: /sys/class/devfreq/soc:qcom,cpubw/bw_hwmon/hist_memory with value: 0, fd: -1
05-03 14:45:36.940   853  2129 W libperfmgr: Failed to write to node: /sys/class/devfreq/soc:qcom,cpubw/bw_hwmon/hyst_length with value: 0, fd: -1
05-03 14:45:37.062  1780  1780 D FallbackHome: User unlocked but no home; let's hope someone enables one soon?
05-03 14:45:37.566  1780  1780 D FallbackHome: User unlocked but no home; let's hope someone enables one soon?
05-03 14:45:38.070  1780  1780 D FallbackHome: User unlocked but no home; let's hope someone enables one soon?
05-03 14:45:38.575  1780  1780 D FallbackHome: User unlocked but no home; let's hope someone enables one soon?
05-03 14:45:38.900   949   949 I CHRE    : Client 4 disconnected
05-03 14:45:38.905   854   930 I ASH     : @ 489.717: tmd2725: Disabling sensor 2
05-03 14:45:38.942   917   983 V /vendor/bin/cdsprpcd: vendor/qcom/proprietary/commonsys-intf/adsprpc/src/sysmon_cdsp_imp.c:45: Got L3 frequency request from CDSP for 576000KHz
05-03 14:45:38.952   917   983 V /vendor/bin/cdsprpcd: vendor/qcom/proprietary/commonsys-intf/adsprpc/src/sysmon_cdsp_imp.c:45: Got L3 frequency request from CDSP for 0KHz
05-03 14:45:39.079  1780  1780 D FallbackHome: User unlocked but no home; let's hope someone enables one soon?
05-03 14:45:39.583  1780  1780 D FallbackHome: User unlocked but no home; let's hope someone enables one soon?
05-03 14:45:40.086  1780  1780 D FallbackHome: User unlocked but no home; let's hope someone enables one soon?
05-03 14:45:40.092   644   644 I chatty  : uid=1000(system) /system/bin/surfaceflinger expire 653 lines
05-03 14:45:40.589  1780  1780 D FallbackHome: User unlocked but no home; let's hope someone enables one soon?
05-03 14:45:41.093  1780  1780 D FallbackHome: User unlocked but no home; let's hope someone enables one soon?
05-03 14:45:41.597  1780  1780 D FallbackHome: User unlocked but no home; let's hope someone enables one soon?
05-03 14:45:42.100  1780  1780 D FallbackHome: User unlocked but no home; let's hope someone enables one soon?
05-03 14:45:42.603  1780  1780 D FallbackHome: User unlocked but no home; let's hope someone enables one soon?
05-03 14:45:42.884  6437  6437 D AndroidRuntime: >>>>>> START com.android.internal.os.RuntimeInit uid 0 <<<<<<
05-03 14:45:43.012  6437  6437 I app_process: The ClassLoaderContext is a special shared library.
05-03 14:45:43.051  6437  6437 D AndroidRuntime: Calling main entry com.android.commands.content.Content
05-03 14:45:43.058  6437  6437 D AndroidRuntime: Shutting down VM
05-03 14:45:43.106  1780  1780 D FallbackHome: User unlocked but no home; let's hope someone enables one soon?
05-03 14:45:43.152  1208  2238 D BluetoothManagerService: disable(): mBluetooth = android.bluetooth.IBluetooth$Stub$Proxy@9e20cb9 mBinding = false
05-03 14:45:43.153  1208  1242 D BluetoothManagerService: MESSAGE_DISABLE: mBluetooth = android.bluetooth.IBluetooth$Stub$Proxy@9e20cb9
05-03 14:45:43.153  1208  1242 D BluetoothManagerService: Sending off request.
05-03 14:45:43.153  4798  4816 D BluetoothAdapterService: disable() called with mRunningProfiles.size() = 1
05-03 14:45:43.154  4798  4843 I AdapterState: BLE_ON : Unhandled message - USER_TURN_OFF
05-03 14:45:43.608  1780  1780 D FallbackHome: User unlocked but no home; let's hope someone enables one soon?
05-03 14:45:43.679  6454  6454 D vndksupport: Loading /vendor/lib64/egl/libEGL_adreno.so from current namespace instead of sphal namespace.
05-03 14:45:43.679  6454  6454 D libEGL  : loaded /vendor/lib64/egl/libEGL_adreno.so
