05-03 14:37:58.302   616   616 D vold    : Trying user CE key /data/misc/vold/user_keys/ce/0/current
05-03 14:37:58.310   616   616 I vold    : List of Keymaster HALs found:
05-03 14:37:58.310   616   616 I vold    : Keymaster HAL #1: CitadelKeymaster from Google SecurityLevel: STRONGBOX HAL: android.hardware.keymaster@4.0::IKeymasterDevice/strongbox
05-03 14:37:58.310   616   616 I vold    : Keymaster HAL #2: Keymaster HAL: 4 from QTI SecurityLevel: TRUSTED_ENVIRONMENT HAL: android.hardware.keymaster@4.0::IKeymasterDevice/default
05-03 14:37:58.310   616   616 I vold    : Using Keymaster HAL: 4 from QTI for encryption.  Security level: TRUSTED_ENVIRONMENT, HAL: android.hardware.keymaster@4.0::IKeymasterDevice/default
05-03 14:37:58.321   616   616 D vold    : Successfully retrieved key
05-03 14:37:58.323   616   616 D vold    : Added key 411451381 (ext4:fdfd1d981fd8ae04) to keyring 312729138 in process 616
05-03 14:37:58.323   616   616 D vold    : Added key 110415145 (f2fs:fdfd1d981fd8ae04) to keyring 312729138 in process 616
05-03 14:37:58.323   616   616 D vold    : Added key 714362202 (fscrypt:fdfd1d981fd8ae04) to keyring 312729138 in process 616
05-03 14:37:58.323   616   616 D vold    : Installed ce key for user 0
05-03 14:37:58.324  1208  1243 D ActivityManager: Started unlocking user 0
05-03 14:37:58.324  1208  1243 D ActivityManager: Unlocking user 0 progress 0
05-03 14:37:58.324  1208  1243 D ActivityManager: Unlocking user 0 progress 5
05-03 14:37:58.326   616   616 D vold    : e4crypt_prepare_user_storage for volume null, user 0, serial 0, flags 2
05-03 14:37:58.326   616   616 D vold    : Preparing: /data/system_ce/0
05-03 14:37:58.326  2065  2065 E ActivityThread: Failed to find provider info for com.google.android.gsf.gservices
05-03 14:37:58.326   616   616 D vold    : Preparing: /data/misc_ce/0
05-03 14:37:58.326   616   616 D vold    : Preparing: /data/vendor_ce/0
05-03 14:37:58.327   616   616 D vold    : Preparing: /data/media/0
05-03 14:37:58.327   616   616 D vold    : Preparing: /data/data
05-03 14:37:58.327   616   616 I vold    : Found policy fdfd1d981fd8ae04 at /data/system_ce/0 which matches expected value
05-03 14:37:58.327   616   616 I vold    : Found policy fdfd1d981fd8ae04 at /data/misc_ce/0 which matches expected value
05-03 14:37:58.327   616   616 I vold    : Found policy fdfd1d981fd8ae04 at /data/vendor_ce/0 which matches expected value
05-03 14:37:58.328   616   616 I vold    : Found policy fdfd1d981fd8ae04 at /data/media/0 which matches expected value
05-03 14:37:58.329   616   616 I vold    : Found policy fdfd1d981fd8ae04 at /data/data which matches expected value
05-03 14:37:58.329   616   616 V vold    : Starting restorecon of /data/system_ce/0
05-03 14:37:58.330  2065  2065 E ActivityThread: Failed to find provider info for com.google.android.gsf.gservices
05-03 14:37:58.330   616   616 V vold    : Finished restorecon of /data/system_ce/0
05-03 14:37:58.330   616   616 V vold    : Starting restorecon of /data/misc_ce/0
05-03 14:37:58.332  2065  2065 E ActivityThread: Failed to find provider info for com.google.android.gsf.gservices
05-03 14:37:58.333   616   616 V vold    : Finished restorecon of /data/misc_ce/0
05-03 14:37:58.333   616   616 V vold    : /system/bin/vold_prepare_subdirs
05-03 14:37:58.333   616   616 V vold    :     prepare
05-03 14:37:58.333   616   616 V vold    :     
05-03 14:37:58.333   616   616 V vold    :     0
05-03 14:37:58.333   616   616 V vold    :     2
05-03 14:37:58.342  1208  1225 I ActivityManager: Start proc 2114:com.google.android.apps.wellbeing/u0a45 for on-hold
05-03 14:37:58.354  1208  1225 W ActivityManager: Slow operation: 55ms so far, now at startProcess: returned from zygote!
05-03 14:37:58.354  1208  1225 W ActivityManager: Slow operation: 55ms so far, now at startProcess: done updating battery stats
05-03 14:37:58.355  1208  1225 W ActivityManager: Slow operation: 55ms so far, now at startProcess: building log message
05-03 14:37:58.355  1208  1225 I ActivityManager: Start proc 2132:com.google.vr.vrcore/u0a82 for on-hold
05-03 14:37:58.355  1208  1225 W ActivityManager: Slow operation: 55ms so far, now at startProcess: starting to update pids map
05-03 14:37:58.355  1208  1225 W ActivityManager: Slow operation: 55ms so far, now at startProcess: done updating pids map
05-03 14:37:58.361  2065  2065 E ActivityThread: Failed to find provider info for com.google.android.gsf.gservices
05-03 14:37:58.368  1208  1241 V UserDataPreparer: Found /data/user/0 with serial number 0
05-03 14:37:58.368  1208  1241 V UserDataPreparer: Found /data/system_ce/0 with serial number 0
05-03 14:37:58.368  1208  1241 D UserDataPreparer: Setting property: sys.user.0.ce_available=true
05-03 14:37:58.369  1208  1241 V PackageManager: reconcileAppsData for null u0 0x2 migrateAppData=false
05-03 14:37:58.378  2065  2065 E ActivityThread: Failed to find provider info for com.google.android.gsf.gservices
05-03 14:37:58.473  2065  2065 I chatty  : uid=10031 com.google.android.gms.persistent identical 8 lines
05-03 14:37:58.476  2065  2065 E ActivityThread: Failed to find provider info for com.google.android.gsf.gservices
05-03 14:37:58.478  2162  2162 I imsrcsd : Uce Service HAL  is starting up...
05-03 14:37:58.490  1208  1241 V PackageManager: reconcileAppsData finished 188 packages
05-03 14:37:58.490  1208  1241 I ActivityManager: User 0 state changed from RUNNING_LOCKED to RUNNING_UNLOCKING
05-03 14:37:58.490  1208  1241 D ActivityManager: Unlocking user 0 progress 20
05-03 14:37:58.490  1208  1241 W Looper  : Slow dispatch took 166ms android.fg h=android.os.Handler c=com.android.server.am.-$$Lambda$UserController$o6oQFjGYYIfx-I94cSakTLPLt6s@57b17d5 m=0
05-03 14:37:58.490  1208  1223 I SystemServiceManager: Calling onUnlockUser u0
05-03 14:37:58.490  1208  1223 D BluetoothManagerService: User 0 unlocked
05-03 14:37:58.491  1208  1242 D BluetoothManagerService: MESSAGE_USER_UNLOCKED
05-03 14:37:58.491  1208  1223 D StorageManagerService: onUnlockUser 0
05-03 14:37:58.491   616   616 D vold    : Linking /storage/emulated/0 to /mnt/user/0/primary
05-03 14:37:58.502  1208  1222 D PinnerService: pinRangeStream: null
05-03 14:37:58.504  1208  1225 I ActivityManager: Start proc 2173:com.google.process.gservices/u0a31 for content provider com.google.android.gsf/.gservices.GservicesProvider
05-03 14:37:58.508  1208  1222 D PinnerService: pinRangeStream: null
05-03 14:37:58.508  1208  1445 D StorageManagerService: Volume emulated broadcasting mounted to UserHandle{0}
05-03 14:37:58.509  1208  1222 D PinnerService: pinRangeStream: null
05-03 14:37:58.534  1208  1208 W InputMethodManagerService: Illegal subtype state: old subtype = null, new subtype = android.view.inputmethod.InputMethodSubtype@70bfcd7e
05-03 14:37:58.535  1208  1222 D PinnerService: pinRangeStream: java.util.zip.ZipFile$ZipFileInflaterInputStream@8c66e53
05-03 14:37:58.537  1208  2194 V BackupManagerService: Starting with transport com.google.android.gms/.backup.BackupTransportService
05-03 14:37:58.549  1208  1223 I ActivityManager: User 0 state changed from RUNNING_UNLOCKING to RUNNING_UNLOCKED
05-03 14:37:58.549  1208  1223 D SystemServerTiming: SystemUserUnlock took to complete: 225ms
05-03 14:37:58.555  1208  2194 E BackupPasswordManager: Unable to read backup pw version
05-03 14:37:58.557  1208  2194 E BackupPasswordManager: Unable to read saved backup pw hash
05-03 14:37:58.559  1208  1241 I ActivityManager: Loading recents for user 0 into memory.
05-03 14:37:58.568  1208  1225 I ActivityManager: Start proc 2204:com.google.android.googlequicksearchbox:interactor/u0a57 for service com.google.android.googlequicksearchbox/com.google.android.voiceinteraction.GsaVoiceInteractionService
05-03 14:37:58.604  1208  1225 W ActivityManager: Slow operation: 54ms so far, now at startProcess: done updating battery stats
05-03 14:37:58.604  1208  1225 W ActivityManager: Slow operation: 55ms so far, now at startProcess: building log message
05-03 14:37:58.604  1208  1225 I ActivityManager: Start proc 2223:com.android.nfc/1027 for added application com.android.nfc
05-03 14:37:58.604  1208  1225 W ActivityManager: Slow operation: 55ms so far, now at startProcess: starting to update pids map
05-03 14:37:58.604  1208  1225 W ActivityManager: Slow operation: 55ms so far, now at startProcess: done updating pids map
05-03 14:37:58.604  1208  1225 W ActivityManager: Slow operation: 55ms so far, now at startProcess: asking zygote to start proc
05-03 14:37:58.622  1208  1225 W ActivityManager: Slow operation: 72ms so far, now at startProcess: returned from zygote!
05-03 14:37:58.638  1208  1225 W ActivityManager: Slow operation: 88ms so far, now at startProcess: done updating battery stats
05-03 14:37:58.638  1208  1225 W ActivityManager: Slow operation: 88ms so far, now at startProcess: building log message
05-03 14:37:58.638  1208  1225 I ActivityManager: Start proc 2241:com.android.se/1068 for added application com.android.se
05-03 14:37:58.638  1208  1225 W ActivityManager: Slow operation: 88ms so far, now at startProcess: starting to update pids map
05-03 14:37:58.638  1208  1225 W ActivityManager: Slow operation: 88ms so far, now at startProcess: done updating pids map
05-03 14:37:58.640  1208  1225 W ActivityManager: Slow operation: 90ms so far, now at startProcess: asking zygote to start proc
05-03 14:37:58.651  1208  1225 W ActivityManager: Slow operation: 101ms so far, now at startProcess: returned from zygote!
05-03 14:37:58.656  1208  1208 E LockSettingsStorage: Cannot read file java.io.FileNotFoundException: /data/system_de/0/spblob/0000000000000000.handle: open failed: ENOENT (No such file or directory)
05-03 14:37:58.656  1208  1208 I LockSettingsService: Retrieved auth token for user 0
05-03 14:37:58.656  1208  1208 I LockSettingsService: Caching SP for user 0
05-03 14:37:58.656  1208  1208 W Looper  : Slow dispatch took 120ms main h=android.os.Handler c=com.android.server.locksettings.LockSettingsService$1@2246ea1 m=0
05-03 14:37:58.657  1208  1225 W ActivityManager: Slow operation: 107ms so far, now at startProcess: done updating battery stats
05-03 14:37:58.657  1208  1225 W ActivityManager: Slow operation: 107ms so far, now at startProcess: building log message
05-03 14:37:58.657  1208  1225 I ActivityManager: Start proc 2255:com.android.ims.rcsservice/1001 for added application com.android.ims.rcsservice
05-03 14:37:58.657  1208  1225 W ActivityManager: Slow operation: 107ms so far, now at startProcess: starting to update pids map
05-03 14:37:58.657  1208  1225 W ActivityManager: Slow operation: 107ms so far, now at startProcess: done updating pids map
05-03 14:37:58.657  1208  1225 W ActivityManager: Slow operation: 107ms so far, now at startProcess: asking zygote to start proc
05-03 14:37:58.664  1208  1208 I LockSettingsService: Removing SP from cache for user 0
05-03 14:37:58.683  1208  2194 V BackupManagerService: No ancestral data
05-03 14:37:58.685  1208  1225 W ActivityManager: Slow operation: 135ms so far, now at startProcess: returned from zygote!
05-03 14:37:58.711  1208  2287 W ActivityManager: Slow operation: 162ms so far, now at startProcess: done updating battery stats
05-03 14:37:58.713  1208  2287 W ActivityManager: Slow operation: 163ms so far, now at startProcess: building log message
05-03 14:37:58.713  1208  2287 I ActivityManager: Start proc 2265:com.google.SSRestartDetector/1000 for added application com.google.SSRestartDetector
05-03 14:37:58.713  1208  2287 W ActivityManager: Slow operation: 164ms so far, now at startProcess: starting to update pids map
05-03 14:37:58.713  1208  2287 W ActivityManager: Slow operation: 164ms so far, now at startProcess: done updating pids map
05-03 14:37:58.716  1208  1225 W ActivityManager: Slow operation: 166ms so far, now at startProcess: asking zygote to start proc
05-03 14:37:58.719  1208  1499 D ConditionProviders: Disabling component com.google.vr.vrcore/.common.VrCoreZenConditionProvider
05-03 14:37:58.722  1208  1499 D NotificationListeners: Disabling component com.google.vr.vrcore/.notification.VrNotificationService
05-03 14:37:58.738  1208  1225 W ActivityManager: Slow operation: 188ms so far, now at startProcess: returned from zygote!
05-03 14:37:58.738  1208  1225 W ActivityManager: Slow operation: 189ms so far, now at startProcess: done updating battery stats
05-03 14:37:58.738  1208  1225 W ActivityManager: Slow operation: 189ms so far, now at startProcess: building log message
05-03 14:37:58.738  1208  1225 I ActivityManager: Start proc 2303:com.qualcomm.qti.services.secureui:sui_service/u0a116 for added application com.qualcomm.qti.services.secureui:sui_service
05-03 14:37:58.738  1208  1225 W ActivityManager: Slow operation: 189ms so far, now at startProcess: starting to update pids map
05-03 14:37:58.738  1208  1225 W ActivityManager: Slow operation: 189ms so far, now at startProcess: done updating pids map
05-03 14:37:58.740  1208  1225 W ActivityManager: Slow operation: 81ms so far, now at startProcess: asking zygote to start proc
05-03 14:37:58.747  1762  1762 I TelecomFramework: PstnIncomingCallNotifier: Unregistering: Handler (com.android.internal.telephony.GsmCdmaPhone) {8ae8e45}
05-03 14:37:58.760  1208  2238 I Telecom : PhoneAccountRegistrar: Modify account: [ComponentInfo{com.android.phone/com.android.services.telephony.TelephonyConnectionService}, ***, UserHandle{0}]: TSI.rPA@ABA
05-03 14:37:58.761  1208  1225 W ActivityManager: Slow operation: 102ms so far, now at startProcess: returned from zygote!
05-03 14:37:58.761  1208  1225 W ActivityManager: Slow operation: 102ms so far, now at startProcess: done updating battery stats
05-03 14:37:58.761  1208  1225 W ActivityManager: Slow operation: 103ms so far, now at startProcess: building log message
05-03 14:37:58.761  1208  1225 I ActivityManager: Start proc 2313:com.google.android.gms/u0a31 for service com.google.android.gms/.chimera.GmsBoundBrokerService
05-03 14:37:58.761  1762  1762 I TelecomFramework: AccountEntry: Registered phoneAccount: [[ ] PhoneAccount: ComponentInfo{com.android.phone/com.android.services.telephony.TelephonyConnectionService}, ***, UserHandle{0} Capabilities: CallProvider MultiUser PlaceEmerg SimSub  Audio Routes: BESW Schemes: tel voicemail  Extras: Bundle[{android.telecom.extra.SUPPORTS_VIDEO_CALLING_FALLBACK=true}] GroupId: ***] with handle: ComponentInfo{com.android.phone/com.android.services.telephony.TelephonyConnectionService}, ***, UserHandle{0}
05-03 14:37:58.761  1208  1225 W ActivityManager: Slow operation: 103ms so far, now at startProcess: starting to update pids map
05-03 14:37:58.761  1762  1762 I TelecomFramework: PstnIncomingCallNotifier: Registering: Handler (com.android.internal.telephony.GsmCdmaPhone) {8ae8e45}
05-03 14:37:58.761  1208  1225 W ActivityManager: Slow operation: 103ms so far, now at startProcess: done updating pids map
05-03 14:37:58.764  1762  1762 I TelecomFramework: PstnPhoneCapabilitiesNotifier: handleVideoCapabilitesChanged. Video capability - false
05-03 14:37:58.777  1208  1499 I Telecom : PhoneAccountRegistrar: Modify account: [ComponentInfo{com.android.phone/com.android.services.telephony.TelephonyConnectionService}, ***, UserHandle{0}]: TSI.rPA@ABM
05-03 14:37:58.800  1208  1223 I AppWidgetServiceImpl: Processing of handleUserUnlocked u0 took 241 ms
05-03 14:37:58.800  1208  1223 I ActivityManager: Sending BOOT_COMPLETE user #0
05-03 14:37:58.812  1208  1208 V ConditionProviders: enabling condition provider for 0: ComponentInfo{com.google.android.apps.dreamliner/com.google.android.apps.dreamliner.dnd.DockConditionProviderService}
05-03 14:37:58.820  1208  1208 V ConditionProviders: binding: Intent { act=android.service.notification.ConditionProviderService cmp=com.google.android.apps.dreamliner/.dnd.DockConditionProviderService (has extras) }
05-03 14:37:58.824  1208  1208 V ConditionProviders: enabling condition provider for 0: ComponentInfo{com.google.android.gms/com.google.android.location.settings.DrivingConditionProvider}
05-03 14:37:58.824  1208  1208 V ConditionProviders: binding: Intent { act=android.service.notification.ConditionProviderService cmp=com.google.android.gms/com.google.android.location.settings.DrivingConditionProvider (has extras) }
05-03 14:37:58.834  1208  1208 V NotificationListeners: enabling notification listener for 0: ComponentInfo{com.google.android.projection.gearhead/com.google.android.gearhead.notifications.SharedNotificationListenerManager$ListenerService}
05-03 14:37:58.834  1208  1208 V NotificationListeners: binding: Intent { act=android.service.notification.NotificationListenerService cmp=com.google.android.projection.gearhead/com.google.android.gearhead.notifications.SharedNotificationListenerManager$ListenerService (has extras) }
05-03 14:37:58.834  1208  1208 V NotificationListeners: enabling notification listener for 0: ComponentInfo{com.google.android.apps.dreamliner/com.google.android.apps.dreamliner.DreamlinerNotificationService}
05-03 14:37:58.834  1208  1208 V NotificationListeners: binding: Intent { act=android.service.notification.NotificationListenerService cmp=com.google.android.apps.dreamliner/.DreamlinerNotificationService (has extras) }
05-03 14:37:58.835  1208  1208 W NotificationListeners: Not binding notification listener service ComponentInfo{com.google.android.apps.pixelmigrate/com.google.android.apps.pixelmigrate.component.NotificationConsolidatorService}: service not found
05-03 14:37:58.835  1208  1208 V NotificationListeners: enabling notification listener for 0: ComponentInfo{com.google.android.as/com.google.android.apps.miphone.aiai.odi.GathererNotificationListenerService}
05-03 14:37:58.835  1208  1208 V NotificationListeners: binding: Intent { act=android.service.notification.NotificationListenerService cmp=com.google.android.as/com.google.android.apps.miphone.aiai.odi.GathererNotificationListenerService (has extras) }
05-03 14:37:58.835  1208  1208 V NotificationAssistants: disabling notification assistant for user 0: ComponentInfo{com.google.android.ext.services/android.ext.services.notification.Assistant}
05-03 14:37:58.835  1208  1208 D NotificationListeners: Removing active service ComponentInfo{com.google.android.ext.services/android.ext.services.notification.Assistant}
05-03 14:37:58.836  1208  1208 V NotificationAssistants: enabling notification assistant for 0: ComponentInfo{com.google.android.ext.services/android.ext.services.notification.Assistant}
05-03 14:37:58.837  1208  1225 I ActivityManager: Start proc 2344:com.google.android.apps.dreamliner/u0a37 for service com.google.android.apps.dreamliner/.dnd.DockConditionProviderService
05-03 14:37:58.838  1208  1208 V NotificationAssistants: binding: Intent { act=android.service.notification.NotificationAssistantService cmp=com.google.android.ext.services/android.ext.services.notification.Assistant (has extras) }
05-03 14:37:58.852  1208  1225 I ActivityManager: Start proc 2357:com.google.android.projection.gearhead:shared/u0a103 for service com.google.android.projection.gearhead/com.google.android.gearhead.notifications.SharedNotificationListenerManager$ListenerService
05-03 14:37:58.863  1208  2194 I BackupManagerService: Unlocking system user; mService=com.android.server.backup.BackupManagerService@5cba1c3
05-03 14:37:58.863  1208  1225 I ActivityManager: Start proc 2364:com.google.android.as/u0a16 for service com.google.android.as/com.google.android.apps.miphone.aiai.odi.GathererNotificationListenerService
05-03 14:37:58.870  1208  2194 I BackupManagerService: Backup enabled => false
05-03 14:37:58.903  1208  1208 V SettingsProvider: Notifying for 0: content://settings/global/network_recommendations_enabled
05-03 14:37:58.905  1208  1557 I SyncManager: Loaded persisted syncs: 0 periodic syncs, 0 oneshot syncs, 11 total system server jobs, JobStats: FirstLoad: 90/2/0 LastSave: -1/-1/-1
05-03 14:37:58.909  1208  2194 V BackupManagerConstants: getKeyValueBackupIntervalMilliseconds(...) returns 14400000
05-03 14:37:58.909  1208  2194 V BackupManagerConstants: getKeyValueBackupFuzzMilliseconds(...) returns 600000
05-03 14:37:58.909  1208  2194 V BackupManagerConstants: getKeyValueBackupRequiredNetworkType(...) returns 1
05-03 14:37:58.909  1208  2194 V BackupManagerConstants: getKeyValueBackupRequireCharging(...) returns true
05-03 14:37:58.909  1208  2194 V KeyValueBackupJob: Scheduling k/v pass in 242 minutes
05-03 14:37:58.936  1208  1711 W BroadcastQueue: Background execution not allowed: receiving Intent { act=android.intent.action.USER_PRESENT flg=0x24200010 } to com.google.android.gms/.chimera.GmsIntentOperationService$PersistentTrustedReceiver
05-03 14:37:59.012  1208  2282 W ActivityManager: Receiver with filter android.content.IntentFilter@3a1891d already registered for pid 2344, callerPackage is com.google.android.apps.dreamliner
05-03 14:37:59.024  1208  1225 I ActivityManager: Start proc 2434:com.google.android.googlequicksearchbox:search/u0a57 for broadcast com.google.android.googlequicksearchbox/com.google.android.apps.gsa.broadcastreceiver.external.PixelLauncherBroadcastReceiver
05-03 14:37:59.056  1208  2282 D ConditionProviders: Disabling component com.google.android.apps.dreamliner/.dnd.DockConditionProviderService
05-03 14:37:59.059  1208  2238 D NotificationListeners: Disabling component com.google.android.apps.dreamliner/.DreamlinerNotificationService
05-03 14:37:59.212  1208  1208 D ConditionProviders: Subscribing to condition://com.google.android.gms/false/4?provider=Driving with ComponentInfo{com.google.android.gms/com.google.android.location.settings.DrivingConditionProvider}
05-03 14:37:59.321  1208  1243 W WindowManager: App freeze timeout expired.
05-03 14:37:59.343   860   860 I android.hardware.wifi@1.0-service: Wifi HAL started
05-03 14:37:59.358  1208  1222 D PinnerService: pinRangeStream: null
05-03 14:37:59.364  1208  1222 D PinnerService: pinRangeStream: null
05-03 14:37:59.365   860   860 E android.hardware.wifi@1.0-service: Unknown iface name: wlan0
05-03 14:37:59.410  1208  2282 D ConditionProviders: Disabling component com.google.android.gms/com.google.android.location.settings.DrivingConditionProvider
05-03 14:37:59.417  1208  2287 D NotificationListeners: Disabling component com.google.android.projection.gearhead/com.google.android.gearhead.notifications.SharedNotificationListenerManager$ListenerService
05-03 14:37:59.474  1208  1225 I ActivityManager: Start proc 2588:com.google.android.projection.gearhead:car/u0a103 for service com.google.android.projection.gearhead/com.google.android.apps.auto.carservice.service.impl.GearheadCarStartupService
05-03 14:37:59.483   860   860 I android.hardware.wifi@1.0-service: Adding interface handle for wlan0
05-03 14:37:59.483   860   860 I android.hardware.wifi@1.0-service: Adding interface handle for wlan1
05-03 14:37:59.483   860   860 I android.hardware.wifi@1.0-service: Adding interface handle for p2p0
05-03 14:37:59.484   860   860 I android.hardware.wifi@1.0-service: Configured chip in mode 2
05-03 14:37:59.493   941   941 I wificond: create scanner for interface with index: 29
05-03 14:37:59.493   941   941 I wificond: subscribe scan result for interface with index: 29
05-03 14:37:59.494   941   941 E wificond: No Offload Service available
05-03 14:37:59.494   941   941 I wificond: Offload HAL not supported 
05-03 14:37:59.532  1208  1225 I ActivityManager: Start proc 2615:com.android.printspooler/u0a113 for service com.android.printspooler/.model.PrintSpoolerService
05-03 14:37:59.546  1208  1227 E BatteryExternalStatsWorker: no controller energy info supplied for wifi
05-03 14:37:59.564   941   941 I wificond: Unsubscribe scan result for interface with index: 29
05-03 14:37:59.585   860   860 E android.hardware.wifi@1.0-service: Failed to open directory: Permission denied
05-03 14:37:59.585   860   860 E android.hardware.wifi@1.0-service: Error occurred while deleting old tombstone files
05-03 14:37:59.585   860   860 E android.hardware.wifi@1.0-service: Error writing files to flash
05-03 14:37:59.586   860  2605 I android.hardware.wifi@1.0-service: Legacy HAL stop complete callback received
05-03 14:37:59.642  1208  1225 I ActivityManager: Start proc 2654:com.android.keychain/1000 for service com.android.keychain/.KeyChainService
05-03 14:37:59.754  1208  1225 I ActivityManager: Start proc 2687:com.google.android.marvin.talkback/u0a104 for broadcast com.google.android.marvin.talkback/com.google.android.accessibility.talkback.BootReceiver
05-03 14:37:59.787   860   860 I android.hardware.wifi@1.0-service: Wifi HAL stopped
05-03 14:37:59.790  1208  1480 E WifiP2pService: Unexpected disable request when WifiChannel is null
05-03 14:37:59.793   860   860 I android.hardware.wifi@1.0-service: Wifi HAL started
05-03 14:37:59.800   860   860 E android.hardware.wifi@1.0-service: Unknown iface name: wlan0
05-03 14:37:59.802   860   860 E android.hardware.wifi@1.0-service: Unknown iface name: wlan0
05-03 14:37:59.822  1208  2240 D ConnectivityService: requestNetwork for uid/pid:10081/1570 NetworkRequest [ TRACK_DEFAULT id=14, [ Capabilities: INTERNET&NOT_RESTRICTED&TRUSTED Unwanted:  Uid: 10081] ]
05-03 14:37:59.870  1208  1225 I ActivityManager: Start proc 2721:com.google.process.gapps/u0a31 for content provider com.google.android.gsf/.settings.GoogleSettingsProvider
05-03 14:37:59.913   860   860 I android.hardware.wifi@1.0-service: Adding interface handle for wlan0
05-03 14:37:59.913   860   860 I android.hardware.wifi@1.0-service: Adding interface handle for wlan1
05-03 14:37:59.913   860   860 I android.hardware.wifi@1.0-service: Adding interface handle for p2p0
05-03 14:37:59.913   860   860 I android.hardware.wifi@1.0-service: Configured chip in mode 2
05-03 14:37:59.918   941   941 I wificond: create scanner for interface with index: 29
05-03 14:37:59.919   941   941 I wificond: subscribe scan result for interface with index: 29
05-03 14:37:59.919   941   941 E wificond: No Offload Service available
05-03 14:37:59.919   941   941 I wificond: Offload HAL not supported 
05-03 14:37:59.940   941   941 W wificond: No pno scan started
05-03 14:37:59.940   941   941 W wificond: Scheduled scan is not running!
05-03 14:37:59.950   860  2742 E android.hardware.wifi@1.0-service: Callback invoked on an invalid object
05-03 14:37:59.954   941   941 I wificond: Regulatory domain changed
05-03 14:37:59.955   941   941 I wificond: 2.4Ghz frequencies: 2412 2417 2422 2427 2432 2437 2442 2447 2452 2457 2462 2467 2472
05-03 14:37:59.955   941   941 I wificond: 5Ghz non-DFS frequencies:
05-03 14:37:59.955   941   941 I wificond: 5Ghz DFS frequencies: 5180 5200 5220 5240 5260 5280 5300 5320 5500 5520 5540 5560 5580 5600 5620 5640 5660 5680 5700 5745 5765 5785 5805 5825
05-03 14:37:59.981  1208  1482 D ConnectivityService: Got NetworkFactory Messenger for WIFI
05-03 14:37:59.981  1208  1482 D ConnectivityService: Got NetworkFactory Messenger for WIFI_UT
05-03 14:37:59.991  1208  1567 D ConnectivityService: requestNetwork for uid/pid:10057/2434 NetworkRequest [ TRACK_DEFAULT id=16, [ Capabilities: INTERNET&NOT_RESTRICTED&TRUSTED Unwanted:  Uid: 10057] ]
05-03 14:37:59.991  1208  1480 E WifiP2pService: Unhandled message { when=-3ms what=131203 target=com.android.internal.util.StateMachine$SmHandler }
05-03 14:38:00.026  1208  1225 I ActivityManager: Start proc 2769:com.google.android.deskclock/u0a101 for broadcast com.google.android.deskclock/com.android.deskclock.AlarmInitReceiver
05-03 14:38:00.301  2204  2204 W KeyphraseEnrollmentInfo: No enrollment application supports the given keyphrase/locale: 'null'/en_GB
05-03 14:38:00.322  1208  1225 I ActivityManager: Start proc 2821:com.google.modemservice/u0a26 for broadcast com.google.modemservice/.BootReceiver
05-03 14:38:00.393  1208  1225 I ActivityManager: Start proc 2838:com.qualcomm.qcrilmsgtunnel/1001 for broadcast com.qualcomm.qcrilmsgtunnel/.QcrilMsgTunnelAutoboot
05-03 14:38:00.440  2313  2523 W PackageParser: Unknown element under <manifest>: queries at /data/user_de/0/com.google.android.gms/app_chimera/m/00000020/dl-Pay.optional_221215100000.apk Binary XML file line #15
05-03 14:38:00.459  2313  2523 W PackageParser: Unknown element under <manifest>: queries at /data/user_de/0/com.google.android.gms/app_chimera/m/00000008/AdsDynamite.apk Binary XML file line #11
05-03 14:38:00.476  1208  1225 I ActivityManager: Start proc 2867:android.process.media/u0a8 for broadcast com.android.providers.downloads/.DownloadReceiver
05-03 14:38:00.491  2313  2523 W PackageParser: Unknown element under <manifest>: queries at /data/user_de/0/com.google.android.gms/app_chimera/m/0000001d/dl-AdsFdrDynamite.integ_221310604100000.apk Binary XML file line #11
05-03 14:38:00.583  2313  2757 W PackageParser: Unknown element under <manifest>: queries at /data/user_de/0/com.google.android.gms/app_chimera/m/0000002a/dl-Pay.optional_221514100000.apk Binary XML file line #15
05-03 14:38:00.630  1208  1225 I ActivityManager: Start proc 2897:com.google.android.apps.photos/u0a92 for broadcast com.google.android.apps.photos/.sdcard.envcache.ExternalStorageStateChangeBroadcastReceiver
05-03 14:38:00.710  2313  2757 W PackageParser: Unknown element under <manifest>: queries at /data/user_de/0/com.google.android.gms/app_chimera/m/0000001d/dl-AdsFdrDynamite.integ_221310604100000.apk Binary XML file line #11
05-03 14:38:00.737  2313  2757 W PackageParser: Unknown element under <manifest>: queries at /data/user_de/0/com.google.android.gms/app_chimera/m/00000020/dl-Pay.optional_221215100000.apk Binary XML file line #15
05-03 14:38:00.905  2313  2757 W PackageParser: Unknown element under <manifest>: queries at /data/user_de/0/com.google.android.gms/app_chimera/m/00000008/AdsDynamite.apk Binary XML file line #11
05-03 14:38:00.979  1208  1225 I ActivityManager: Start proc 2929:com.qualcomm.ltebc/u0a100 for broadcast com.qualcomm.ltebc/.LTEBroadcastReceiver
05-03 14:38:01.047  1208  2240 D ConnectivityService: requestNetwork for uid/pid:10092/2897 NetworkRequest [ TRACK_DEFAULT id=18, [ Capabilities: INTERNET&NOT_RESTRICTED&TRUSTED Unwanted:  Uid: 10092] ]
05-03 14:38:01.107  2313  2757 W PackageParser: Unknown element under <manifest>: queries at /data/user_de/0/com.google.android.gms/app_chimera/m/00000020/dl-Pay.optional_221215100000.apk Binary XML file line #15
05-03 14:38:01.112  2313  2757 W PackageParser: Unknown element under <manifest>: queries at /data/user_de/0/com.google.android.gms/app_chimera/m/00000008/AdsDynamite.apk Binary XML file line #11
05-03 14:38:01.126  2313  2757 W PackageParser: Unknown element under <manifest>: queries at /data/user_de/0/com.google.android.gms/app_chimera/m/0000001d/dl-AdsFdrDynamite.integ_221310604100000.apk Binary XML file line #11
05-03 14:38:01.315  1208  2240 W BroadcastQueue: Background execution not allowed: receiving Intent { act=android.intent.action.DROPBOX_ENTRY_ADDED flg=0x10 (has extras) } to com.google.android.gms/.stats.service.DropBoxEntryAddedReceiver
05-03 14:38:01.316  1208  1223 W BroadcastQueue: Background execution not allowed: receiving Intent { act=android.intent.action.DROPBOX_ENTRY_ADDED flg=0x10 (has extras) } to com.google.android.gms/.chimera.GmsIntentOperationService$PersistentTrustedReceiver
05-03 14:38:01.361  1208  2954 I BootReceiver: Copying /sys/fs/pstore/console-ramoops-0 to DropBox (SYSTEM_LAST_KMSG)
05-03 14:38:01.379  1208  2954 I BootReceiver: Copying audit failures to DropBox
05-03 14:38:01.387  1208  2954 I BootReceiver: Copied 4970 worth of audits to DropBox
05-03 14:38:01.389  1208  2954 I BootReceiver: Checking for fsck errors
05-03 14:38:01.389  1208  2954 I BootReceiver: fs_stat, partition:metadata stat:0x3
05-03 14:38:01.515  1208  1225 I ActivityManager: Start proc 2973:com.google.android.dialer/u0a47 for broadcast com.google.android.dialer/com.android.dialer.bootreceiver.DialerBootReceiver
05-03 14:38:01.903  1208  1208 I TransportClient: LocalTransportService#0: Notifying [TransportManager.registerTransport()] transport = IBackupTransport
05-03 14:38:01.904  1208  2194 D BackupTransportManager: Transport android/com.android.internal.backup.LocalTransportService registered
05-03 14:38:01.904  1208  2194 D BackupManagerService: Transport android/com.android.internal.backup.LocalTransport registered 3041ms after first request (delay = 3000ms)
05-03 14:38:01.940  1208  1208 I TransportClient: D2dTransportService#1: Notifying [TransportManager.registerTransport()] transport = IBackupTransport
05-03 14:38:01.947  1208  2194 D BackupTransportManager: Transport com.google.android.gms/.backup.component.D2dTransportService registered
05-03 14:38:01.947  1208  2194 D BackupManagerService: Transport com.google.android.gms/.backup.migrate.service.D2dTransport registered 3084ms after first request (delay = 3000ms)
05-03 14:38:01.968  1208  1218 I WifiService: WifiService trying to set country code to gb
05-03 14:38:01.970   941   941 I wificond: Regulatory domain changed to country: GB
05-03 14:38:01.971   941   941 I wificond: 2.4Ghz frequencies: 2412 2417 2422 2427 2432 2437 2442 2447 2452 2457 2462 2467 2472
05-03 14:38:01.971   941   941 I wificond: 5Ghz non-DFS frequencies: 5180 5200 5220 5240 5745 5765 5785 5805 5825 5845
05-03 14:38:01.971   941   941 I wificond: 5Ghz DFS frequencies: 5260 5280 5300 5320 5500 5520 5540 5560 5580 5600 5620 5640 5660 5680 5700
05-03 14:38:01.991   941   941 W wificond: Scan is not started. Ignore abort request
05-03 14:38:01.995  1208  1208 I TransportClient: BackupTransportService#2: Notifying [TransportManager.registerTransport()] transport = IBackupTransport
05-03 14:38:02.004  1208  2194 D BackupTransportManager: Transport com.google.android.gms/.backup.BackupTransportService registered
05-03 14:38:02.004  1208  2194 D BackupManagerService: Transport com.google.android.gms/.backup.BackupTransportService registered 3142ms after first request (delay = 3000ms)
05-03 14:38:02.013  1208  2194 I BackupManagerService: Found stale backup journal, scheduling
05-03 14:38:02.050  1208  2194 I chatty  : uid=1000(system) backup identical 600 lines
05-03 14:38:02.050  1208  2194 I BackupManagerService: Found stale backup journal, scheduling
05-03 14:38:02.053  1208  1715 W ActivityManager: Background start not allowed: service Intent { cmp=com.google.android.dialer/com.google.apps.tiktok.concurrent.AndroidFuturesService (has extras) } to com.google.android.dialer/com.google.apps.tiktok.concurrent.AndroidFuturesService from pid=2973 uid=10047 pkg=com.google.android.dialer startFg?=false
05-03 14:38:02.054  1208  2194 I BackupManagerService: Found stale backup journal, scheduling
05-03 14:38:02.056  1208  2194 I chatty  : uid=1000(system) backup identical 50 lines
05-03 14:38:02.056  1208  2194 I BackupManagerService: Found stale backup journal, scheduling
05-03 14:38:02.061  1208  1225 I ActivityManager: Start proc 3020:android.process.acore/u0a17 for content provider com.android.providers.contacts/.ContactsProvider2
05-03 14:38:02.120  1208  1458 D ConnectivityService: registerNetworkAgent NetworkAgentInfo{ ni{[type: WIFI[], state: CONNECTING/CONNECTING, reason: (unspecified), extra: (none), failover: false, available: true, roaming: false]}  network{100}  nethandle{432902426637}  lp{{LinkAddresses: []  Routes: [] DnsAddresses: [] UsePrivateDns: false PrivateDnsServerName: null Domains: null MTU: 0}}  nc{[ Transports: WIFI Capabilities: NOT_METERED&INTERNET&NOT_RESTRICTED&TRUSTED&NOT_VPN&NOT_ROAMING&FOREGROUND&NOT_CONGESTED&NOT_SUSPENDED Unwanted:  LinkUpBandwidth>=1048576Kbps LinkDnBandwidth>=1048576Kbps SSID: "Unipad-RH7"]}  Score{20}  everValidated{false}  lastValidated{false}  created{false} lingering{false} explicitlySelected{false} acceptUnvalidated{false} everCaptivePortalDetected{false} lastCaptivePortalDetected{false} clat{null} }
05-03 14:38:02.120  1208  1482 D ConnectivityService: NetworkAgentInfo [WIFI () - 100] EVENT_NETWORK_INFO_CHANGED, going from null to CONNECTING
05-03 14:38:02.141  1208  1482 D ConnectivityService: NetworkAgentInfo [WIFI () - 100] EVENT_NETWORK_INFO_CHANGED, going from CONNECTING to CONNECTING
05-03 14:38:02.179  1208  1482 D ConnectivityService: NetworkAgentInfo [WIFI () - 100] EVENT_NETWORK_INFO_CHANGED, going from CONNECTING to CONNECTED
05-03 14:38:02.180  1208  1482 W DnsManager: updatePrivateDns(100, PrivateDnsConfig{true:/[]})
05-03 14:38:02.180  1208  1482 D ConnectivityService: Setting DNS servers for network 100 to [/192.168.2.1]
05-03 14:38:02.181  1208  1482 D DnsManager: setDnsConfigurationForNetwork(100, [192.168.2.1], [Belkin], [1800, 25, 8, 64], , [192.168.2.1])
05-03 14:38:02.184  1208  1482 D ConnectivityService: Adding iface wlan0 to network 100
05-03 14:38:02.192  1208  1482 D ConnectivityService: Setting DNS servers for network 100 to [/192.168.2.1]
05-03 14:38:02.192  1208  1482 D DnsManager: setDnsConfigurationForNetwork(100, [192.168.2.1], [Belkin], [1800, 25, 8, 64], , [192.168.2.1])
05-03 14:38:02.213  1208  1482 D ConnectivityService: Switching to new default network: NetworkAgentInfo{ ni{[type: WIFI[], state: CONNECTED/CONNECTED, reason: (unspecified), extra: (none), failover: false, available: true, roaming: false]}  network{100}  nethandle{432902426637}  lp{{InterfaceName: wlan0 LinkAddresses: [fe80::3e28:6dff:fecf:9263/64,192.168.2.19/24,]  Routes: [fe80::/64 -> :: wlan0,192.168.2.0/24 -> 0.0.0.0 wlan0,0.0.0.0/0 -> 192.168.2.1 wlan0,] DnsAddresses: [192.168.2.1,] UsePrivateDns: false PrivateDnsServerName: null Domains: Belkin MTU: 0 TcpBufferSizes: 524288,2097152,8388608,262144,524288,4194304}}  nc{[ Transports: WIFI Capabilities: NOT_METERED&INTERNET&NOT_RESTRICTED&TRUSTED&NOT_VPN&NOT_ROAMING&FOREGROUND&NOT_CONGESTED&NOT_SUSPENDED Unwanted:  LinkUpBandwidth>=1048576Kbps LinkDnBandwidth>=1048576Kbps SignalStrength: -70 SSID: "Unipad-RH7"]}  Score{20}  everValidated{false}  lastValidated{false}  created{true} lingering{false} explicitlySelected{false} acceptUnvalidated{false} everCaptivePortalDetected{false} lastCaptivePortalDetected{false} clat{null} }
05-03 14:38:02.214   787   813 E NetlinkEvent: NetlinkEvent::FindParam(): Parameter 'INTERFACE' not found
05-03 14:38:02.214   787   813 E NetlinkEvent: NetlinkEvent::FindParam(): Parameter 'STATE' not found
05-03 14:38:02.214   787   813 E NetlinkEvent: NetlinkEvent::FindParam(): Parameter 'TIME_NS' not found
05-03 14:38:02.214   787   813 E NetlinkEvent: NetlinkEvent::FindParam(): Parameter 'UID' not found
05-03 14:38:02.226  1208  1482 D ConnectivityService: Sending CONNECTED broadcast for type 1 NetworkAgentInfo [WIFI () - 100] isDefaultNetwork=true
05-03 14:38:02.247  1208  1566 D ConnectivityService: Returning BLOCKED NetworkInfo to uid=10081
05-03 14:38:02.283  1208  1208 I Telecom : DefaultDialerCache: Refreshing default dialer for user 0: now com.google.android.dialer: DDC.oR@ABk
05-03 14:38:02.283  1208  1208 I Telecom : MissedCallNotifierImpl: reloadAfterBootComplete: user=0: TSBCR.oR@ABo
05-03 14:38:02.309  1208  1225 I ActivityManager: Start proc 3059:com.android.cellbroadcastreceiver/u0a22 for broadcast com.android.cellbroadcastreceiver/.CellBroadcastReceiver
05-03 14:38:02.313  1208  1482 D ConnectivityService: NetworkAgentInfo [WIFI () - 100] validation passed
05-03 14:38:02.316  1208  1482 D ConnectivityService: Setting DNS servers for network 100 to [/192.168.2.1]
05-03 14:38:02.317  1208  1482 D DnsManager: setDnsConfigurationForNetwork(100, [192.168.2.1], [Belkin], [1800, 25, 8, 64], , [192.168.2.1])
05-03 14:38:02.395  1208  2282 D ConnectivityService: Returning BLOCKED NetworkInfo to uid=10047
05-03 14:38:02.400  1208  2240 D ConnectivityService: requestNetwork for uid/pid:10047/2973 NetworkRequest [ TRACK_DEFAULT id=19, [ Capabilities: INTERNET&NOT_RESTRICTED&TRUSTED Unwanted:  Uid: 10047] ]
05-03 14:38:02.445  1208  1227 E BatteryExternalStatsWorker: no controller energy info supplied for bluetooth
05-03 14:38:02.452  1208  1225 I ActivityManager: Start proc 3102:com.android.connectivity.metrics/u0a43 for broadcast com.android.connectivity.metrics/.SnapshotSchedulingReceiver
05-03 14:38:02.466  2065  2397 E ActivityThread: Failed to find provider info for instantapp-dev-manager
05-03 14:38:02.545  1208  1225 I ActivityManager: Start proc 3127:com.android.hotwordenrollment.okgoogle/u0a9 for broadcast com.android.hotwordenrollment.okgoogle/.StartupReceiver
05-03 14:38:02.617  1208  1225 I ActivityManager: Start proc 3150:com.android.hotwordenrollment.tgoogle/u0a61 for broadcast com.android.hotwordenrollment.tgoogle/.StartupReceiver
05-03 14:38:02.665  1208  1225 I ActivityManager: Start proc 3168:com.android.hotwordenrollment.xgoogle/u0a46 for broadcast com.android.hotwordenrollment.xgoogle/.StartupReceiver
05-03 14:38:02.714  1208  1225 I ActivityManager: Start proc 3185:com.android.managedprovisioning/u0a12 for broadcast com.android.managedprovisioning/.preprovisioning.BootReminder
05-03 14:38:02.787  1208  1225 I ActivityManager: Start proc 3200:com.android.omadm.service/u0a32 for broadcast com.android.omadm.service/.DMIntentReceiver
05-03 14:38:02.851  1208  2240 I ActivityManager: Killing 2344:com.google.android.apps.dreamliner/u0a37 (adj 906): empty #17
05-03 14:38:02.868  1208  1225 I ActivityManager: Start proc 3216:com.android.providers.calendar/u0a38 for broadcast com.android.providers.calendar/.CalendarReceiver
05-03 14:38:02.939  1208  2240 I ActivityManager: Killing 2654:com.android.keychain/1000 (adj 906): empty #17
05-03 14:38:03.151  1208  1225 I ActivityManager: Start proc 3235:com.android.traceur/u0a84 for broadcast com.android.traceur/.Receiver
05-03 14:38:03.151  1208  1482 D ConnectivityService: Setting DNS servers for network 100 to [/fe80::1691:82ff:fef8:8a48%wlan0, /192.168.2.1]
05-03 14:38:03.152  1208  1482 D DnsManager: setDnsConfigurationForNetwork(100, [fe80::1691:82ff:fef8:8a48%wlan0, 192.168.2.1], [Belkin], [1800, 25, 8, 64], , [fe80::1691:82ff:fef8:8a48%wlan0, 192.168.2.1])
05-03 14:38:03.226  1208  2287 I ActivityManager: Killing 2769:com.google.android.deskclock/u0a101 (adj 906): empty #17
05-03 14:38:03.250  1208  1225 I ActivityManager: Start proc 3252:com.android.vending/u0a49 for broadcast com.android.vending/com.google.android.finsky.boothandler.BootCompletedReceiver
05-03 14:38:03.478  2162  2162 I imsrcsd : getAndroidPropValue[2]
05-03 14:38:03.478  2162  2162 I imsrcsd : Uce Service HAL  detected modemVersion[2]
05-03 14:38:03.478  2162  2162 I imsrcsd : Uce Service HAL  loading lib-imsrcs-v2
05-03 14:38:03.508  2162  2162 I Diag_Lib: StartImsService
05-03 14:38:03.508  2162  2162 I imsrcsd : ImsServiceMain startService[1]
05-03 14:38:03.512  2162  3275 I imsrcsd : ImsServiceMain Running..
05-03 14:38:03.621  2162  3274 I Diag_Lib: OnServiceStatusReceived iStatus[0]
05-03 14:38:03.621  2162  3274 I Diag_Lib: Starting Service for First Time
05-03 14:38:03.800  1208  1219 D ConnectivityService: requestNetwork for uid/pid:10049/3252 NetworkRequest [ TRACK_DEFAULT id=20, [ Capabilities: INTERNET&NOT_RESTRICTED&TRUSTED Unwanted:  Uid: 10049] ]
05-03 14:38:03.980  1208  1218 I ActivityManager: Killing 2132:com.google.vr.vrcore/u0a82 (adj 906): empty #17
05-03 14:38:04.006  1208  1225 I ActivityManager: Start proc 3324:com.google.android.apps.docs/u0a120 for broadcast com.google.android.apps.docs/com.google.android.libraries.internal.growth.growthkit.inject.GrowthKitBootCompletedBroadcastReceiver
05-03 14:38:04.219  1208  1225 I ActivityManager: Start proc 3354:com.android.vending:background/u0a49 for service com.android.vending/com.google.android.finsky.ipcservers.background.BackgroundGrpcServerAndroidService
05-03 14:38:04.454  1208  3331 D ConnectivityService: Returning BLOCKED NetworkInfo to uid=10120
05-03 14:38:04.589  1208  1225 I ActivityManager: Start proc 3408:com.google.android.apps.gcs/u0a29 for broadcast com.google.android.apps.gcs/.receiver.BootCompletedReceiver
05-03 14:38:04.619  1208  1567 I ActivityManager: Killing 2897:com.google.android.apps.photos/u0a92 (adj 906): empty #17
05-03 14:38:04.641  1208  2293 D ConnectivityService: requestNetwork for uid/pid:10049/3354 NetworkRequest [ TRACK_DEFAULT id=22, [ Capabilities: INTERNET&NOT_RESTRICTED&TRUSTED Unwanted:  Uid: 10049] ]
05-03 14:38:04.653  1208  1499 D ConnectivityService: ConnectivityService NetworkRequestInfo binderDied(NetworkRequest [ TRACK_DEFAULT id=18, [ Capabilities: INTERNET&NOT_RESTRICTED&TRUSTED Unwanted:  Uid: 10092] ], android.os.BinderProxy@ce09bae)
05-03 14:38:04.653  1208  1482 D ConnectivityService: releasing NetworkRequest [ TRACK_DEFAULT id=18, [ Capabilities: INTERNET&NOT_RESTRICTED&TRUSTED Unwanted:  Uid: 10092] ] (release request)
05-03 14:38:04.866  1208  1218 I ActivityManager: Killing 2929:com.qualcomm.ltebc/u0a100 (adj 906): empty #17
05-03 14:38:04.877  1208  1225 I ActivityManager: Start proc 3466:com.google.android.apps.maps/u0a93 for broadcast com.google.android.apps.maps/com.google.android.apps.gmm.geofence.RestartDetectionBroadcastReceiver
05-03 14:38:05.084  1208  1219 I ActivityManager: Killing 2588:com.google.android.projection.gearhead:car/u0a103 (adj 906): empty #17
05-03 14:38:05.084  1208  1219 I ActivityManager: Killing 2973:com.google.android.dialer/u0a47 (adj 906): empty #18
05-03 14:38:05.119  1208  1219 D ConnectivityService: ConnectivityService NetworkRequestInfo binderDied(NetworkRequest [ TRACK_DEFAULT id=19, [ Capabilities: INTERNET&NOT_RESTRICTED&TRUSTED Unwanted:  Uid: 10047] ], android.os.BinderProxy@f48ebe4)
05-03 14:38:05.119  1208  1482 D ConnectivityService: releasing NetworkRequest [ TRACK_DEFAULT id=19, [ Capabilities: INTERNET&NOT_RESTRICTED&TRUSTED Unwanted:  Uid: 10047] ] (release request)
05-03 14:38:05.137  1208  1715 W ActivityManager: Scheduling restart of crashed service com.google.android.projection.gearhead/com.google.android.apps.auto.carservice.service.impl.GearheadCarStartupService in 1000ms
05-03 14:38:05.156  1208  1225 I ActivityManager: Start proc 3493:com.google.android.projection.gearhead:car/u0a103 for service com.google.android.projection.gearhead/com.google.android.apps.auto.carservice.service.impl.GearheadCarStartupService
05-03 14:38:05.578  1208  2282 I ActivityManager: Killing 2357:com.google.android.projection.gearhead:shared/u0a103 (adj 906): empty #17
05-03 14:38:05.737  1208  2291 D ConnectivityService: Returning BLOCKED NetworkInfo to uid=10093
05-03 14:38:05.739  1208  2291 D ConnectivityService: requestNetwork for uid/pid:10093/3466 NetworkRequest [ TRACK_DEFAULT id=23, [ Capabilities: INTERNET&NOT_RESTRICTED&TRUSTED Unwanted:  Uid: 10093] ]
05-03 14:38:06.032  1208  1715 I ActivityManager: Killing 2687:com.google.android.marvin.talkback/u0a104 (adj 906): empty #17
05-03 14:38:06.043  1208  1225 I ActivityManager: Start proc 3568:com.google.android.apps.maps:server_recovery_process/u0a93 for broadcast com.google.android.apps.maps/com.google.android.apps.gmm.plugins.serverrecovery.PhenotypeServerRecoveryHandlerImpl
05-03 14:38:06.146  1208  3456 D ConnectivityService: requestNetwork for uid/pid:10093/3466 NetworkRequest [ TRACK_DEFAULT id=24, [ Capabilities: INTERNET&NOT_RESTRICTED&TRUSTED Unwanted:  Uid: 10093] ]
05-03 14:38:06.244  1208  2282 I ActivityManager: Killing 3059:com.android.cellbroadcastreceiver/u0a22 (adj 906): empty #17
05-03 14:38:06.260  1208  1225 I ActivityManager: Start proc 3599:com.google.android.apps.messaging/u0a90 for broadcast com.google.android.apps.messaging/com.google.android.libraries.internal.growth.growthkit.tiktok.GrowthKitBootCompletedListener_Receiver
05-03 14:38:06.271  1208  3456 I ActivityManager: Process com.google.android.apps.maps:server_recovery_process (pid 3568) has died: cch  CEM 
05-03 14:38:07.018  1208  3456 W ActivityManager: Background start not allowed: service Intent { cmp=com.google.android.apps.messaging/com.google.apps.tiktok.concurrent.AndroidFuturesService (has extras) } to com.google.android.apps.messaging/com.google.apps.tiktok.concurrent.AndroidFuturesService from pid=3599 uid=10090 pkg=com.google.android.apps.messaging startFg?=false
05-03 14:38:07.222  1208  1225 I ActivityManager: Start proc 3651:com.google.android.ims/u0a65 for service com.google.android.ims/.services.RcsService
05-03 14:38:07.500  1208  1225 I ActivityManager: Start proc 3678:com.google.android.apps.multidevice.client/u0a118 for broadcast com.google.android.apps.multidevice.client/.ui.pixel.SettingsActivityAvailabilityReceiver
05-03 14:38:07.631  1208  2282 I ActivityManager: Killing 3102:com.android.connectivity.metrics/u0a43 (adj 906): empty #17
05-03 14:38:07.650  1208  1225 I ActivityManager: Start proc 3702:com.google.android.apps.photos/u0a92 for broadcast com.google.android.apps.photos/.actionqueue.impl.SystemReceiver
05-03 14:38:07.675  1208  2287 D ConnectivityService: requestNetwork for uid/pid:10065/3651 NetworkRequest [ TRACK_DEFAULT id=26, [ Capabilities: INTERNET&NOT_RESTRICTED&TRUSTED Unwanted:  Uid: 10065] ]
05-03 14:38:07.709  1208  1219 W ActivityManager: Receiver with filter android.content.IntentFilter@700cd8 already registered for pid 3651, callerPackage is com.google.android.ims
05-03 14:38:08.049  1208  1715 D ConnectivityService: requestNetwork for uid/pid:10092/3702 NetworkRequest [ TRACK_DEFAULT id=27, [ Capabilities: INTERNET&NOT_RESTRICTED&TRUSTED Unwanted:  Uid: 10092] ]
05-03 14:38:08.069  1208  1715 D ConnectivityService: Returning BLOCKED NetworkInfo to uid=10092
05-03 14:38:08.077  1208  1715 D ConnectivityService: requestNetwork for uid/pid:10092/3702 NetworkRequest [ TRACK_DEFAULT id=28, [ Capabilities: INTERNET&NOT_RESTRICTED&TRUSTED Unwanted:  Uid: 10092] ]
05-03 14:38:08.254  1208  2287 D ConnectivityService: Returning BLOCKED NetworkInfo to uid=10090
05-03 14:38:08.553  1208  1225 I ActivityManager: Start proc 3764:com.google.android.apps.scone/u0a66 for broadcast com.google.android.apps.scone/.StartupReceiver
