--------- beginning of system
04-03 22:45:03.426   619   628 I QISL    : QSEE Interrupt Service Listener Thread is started
04-03 22:45:03.427   619   628 I QISL    : QSEE Interrupt Service Listener was activated successfully
04-03 22:45:03.428   619   619 D SPL     : Call QSEECom_register_listener()
04-03 22:45:03.429   619   619 D SPL     : Registered listener sucessfully!
04-03 22:45:03.429   619   619 D SPL     : pipe read-fd [31] write-fd [32]
04-03 22:45:03.429   619   619 D SPL     : Create thread
04-03 22:45:03.429   619   619 D SPL     : Thread created sucessfully.
04-03 22:45:03.429   619   629 D SPL     : spl_dispatch() started
04-03 22:45:03.429   619   629 D SPL     : ==== Wait For Request ======
04-03 22:45:03.467   616   616 I vold    : Vold 3.0 (the awakening) firing up
04-03 22:45:03.467   616   616 V vold    : Detected support for: ext4 f2fs vfat
04-03 22:45:03.471   616   616 V vold    : Found unmanaged dm device named product
04-03 22:45:03.471   616   616 V vold    : Found unmanaged dm device named vendor
04-03 22:45:03.471   616   616 W vold    : Failed to LOOP_GET_STATUS64 /dev/block/loop2: No such device or address
04-03 22:45:03.471   616   616 W vold    : Failed to LOOP_GET_STATUS64 /dev/block/loop7: No such device or address
04-03 22:45:03.471   616   616 W vold    : Failed to LOOP_GET_STATUS64 /dev/block/loop5: No such device or address
04-03 22:45:03.471   616   616 W vold    : Failed to LOOP_GET_STATUS64 /dev/block/loop1: No such device or address
04-03 22:45:03.471   616   616 W vold    : Failed to LOOP_GET_STATUS64 /dev/block/loop6: No such device or address
04-03 22:45:03.471   616   616 W vold    : Failed to LOOP_GET_STATUS64 /dev/block/loop3: No such device or address
04-03 22:45:03.471   616   616 W vold    : Failed to LOOP_GET_STATUS64 /dev/block/loop4: No such device or address
04-03 22:45:03.471   616   616 W vold    : Failed to LOOP_GET_STATUS64 /dev/block/loop0: No such device or address
04-03 22:45:03.473   616   616 D vold    : VoldNativeService::start() completed OK
04-03 22:45:03.568   616   616 D vold    : e4crypt_mount_metadata_encrypted: /data 0
04-03 22:45:03.568   616   616 D vold    : key_dir/key: /metadata/vold/metadata_encryption/key
04-03 22:45:03.572   616   616 D vold    : Key exists, using: /metadata/vold/metadata_encryption/key
04-03 22:45:03.582   616   616 I vold    : List of Keymaster HALs found:
04-03 22:45:03.582   616   616 I vold    : Keymaster HAL #1: CitadelKeymaster from Google SecurityLevel: STRONGBOX HAL: android.hardware.keymaster@4.0::IKeymasterDevice/strongbox
04-03 22:45:03.582   616   616 I vold    : Keymaster HAL #2: Keymaster HAL: 4 from QTI SecurityLevel: TRUSTED_ENVIRONMENT HAL: android.hardware.keymaster@4.0::IKeymasterDevice/default
04-03 22:45:03.595   616   616 D vold    : Computing HMAC with params { (seed: 000000000000000000000000000000000, nonce: 03cda352c08536b7c3f509ad3dfe082374a539ff4a32ad19f8cee32bf16f2), (seed: 2843eba9444cb9317dd68cf0d719b8e3ee25628b4eca16dd6683f966aac2fc18, nonce: 9fa5fa4160f950459bf2c3e971f7db82b41ee26277acf1c7f1e4f4db39d71f8) }
04-03 22:45:03.595   616   616 D vold    : Computing HMAC for CitadelKeymaster from Google SecurityLevel: STRONGBOX HAL: android.hardware.keymaster@4.0::IKeymasterDevice/strongbox
04-03 22:45:03.613   616   616 D vold    : Computing HMAC for Keymaster HAL: 4 from QTI SecurityLevel: TRUSTED_ENVIRONMENT HAL: android.hardware.keymaster@4.0::IKeymasterDevice/default
04-03 22:45:03.617   616   616 I vold    : Using Keymaster HAL: 4 from QTI for encryption.  Security level: TRUSTED_ENVIRONMENT, HAL: android.hardware.keymaster@4.0::IKeymasterDevice/default
04-03 22:45:03.653   616   616 D vold    : Mounting metadata-encrypted filesystem:/data
04-03 22:45:03.653   616   616 I vold    : [libfs_mgr]Running /system/bin/fsck.f2fs -a /dev/block/dm-2
04-03 22:45:12.042   616   616 I vold    : [libfs_mgr]__mount(source=/dev/block/dm-2,target=/data,type=f2fs)=0: Success
04-03 22:45:12.042   616   616 D vold    : Mounted /data
04-03 22:45:12.043   616   640 D vold    : Disk at 253:2 changed
05-03 14:37:52.037   616   616 I vold    : e4crypt_initialize_global_de
05-03 14:37:52.038   616   616 D vold    : Key exists, using: /data/unencrypted/key
05-03 14:37:52.041   616   616 I vold    : List of Keymaster HALs found:
05-03 14:37:52.041   616   616 I vold    : Keymaster HAL #1: CitadelKeymaster from Google SecurityLevel: STRONGBOX HAL: android.hardware.keymaster@4.0::IKeymasterDevice/strongbox
05-03 14:37:52.041   616   616 I vold    : Keymaster HAL #2: Keymaster HAL: 4 from QTI SecurityLevel: TRUSTED_ENVIRONMENT HAL: android.hardware.keymaster@4.0::IKeymasterDevice/default
05-03 14:37:52.041   616   616 I vold    : Using Keymaster HAL: 4 from QTI for encryption.  Security level: TRUSTED_ENVIRONMENT, HAL: android.hardware.keymaster@4.0::IKeymasterDevice/default
05-03 14:37:52.049   616   616 D vold    : Added key 287230507 (ext4:59f6b6d62904dcb2) to keyring 312729138 in process 616
05-03 14:37:52.049   616   616 D vold    : Added key 90001220 (f2fs:59f6b6d62904dcb2) to keyring 312729138 in process 616
05-03 14:37:52.049   616   616 D vold    : Added key 770830133 (fscrypt:59f6b6d62904dcb2) to keyring 312729138 in process 616
05-03 14:37:52.049   616   616 I vold    : Wrote system DE key reference to:/data/unencrypted/ref
05-03 14:37:52.098   616   616 D vold    : e4crypt_init_user0
05-03 14:37:52.098   616   616 D vold    : Preparing: /data/misc/vold/user_keys
05-03 14:37:52.098   616   616 D vold    : Preparing: /data/misc/vold/user_keys/ce
05-03 14:37:52.099   616   616 D vold    : Preparing: /data/misc/vold/user_keys/de
05-03 14:37:52.099   616   616 D vold    : Skipping non-de-key .
05-03 14:37:52.099   616   616 D vold    : Skipping non-de-key ..
05-03 14:37:52.102   616   616 I vold    : List of Keymaster HALs found:
05-03 14:37:52.102   616   616 I vold    : Keymaster HAL #1: CitadelKeymaster from Google SecurityLevel: STRONGBOX HAL: android.hardware.keymaster@4.0::IKeymasterDevice/strongbox
05-03 14:37:52.102   616   616 I vold    : Keymaster HAL #2: Keymaster HAL: 4 from QTI SecurityLevel: TRUSTED_ENVIRONMENT HAL: android.hardware.keymaster@4.0::IKeymasterDevice/default
05-03 14:37:52.102   616   616 I vold    : Using Keymaster HAL: 4 from QTI for encryption.  Security level: TRUSTED_ENVIRONMENT, HAL: android.hardware.keymaster@4.0::IKeymasterDevice/default
05-03 14:37:52.110   616   616 D vold    : Added key 22228738 (ext4:2227adb1f2d39808) to keyring 312729138 in process 616
05-03 14:37:52.110   616   616 D vold    : Added key 568442512 (f2fs:2227adb1f2d39808) to keyring 312729138 in process 616
05-03 14:37:52.110   616   616 D vold    : Added key 352615215 (fscrypt:2227adb1f2d39808) to keyring 312729138 in process 616
05-03 14:37:52.110   616   616 D vold    : Installed de key for user 0
05-03 14:37:52.110   616   616 D vold    : e4crypt_prepare_user_storage for volume null, user 0, serial 0, flags 1
05-03 14:37:52.110   616   616 D vold    : Preparing: /data/system/users/0
05-03 14:37:52.111   616   616 D vold    : Preparing: /data/misc/profiles/cur/0
05-03 14:37:52.111   616   616 D vold    : Preparing: /data/system_de/0
05-03 14:37:52.111   616   616 D vold    : Preparing: /data/misc_de/0
05-03 14:37:52.111   616   616 D vold    : Preparing: /data/vendor_de/0
05-03 14:37:52.112   616   616 D vold    : Preparing: /data/user_de/0
05-03 14:37:52.112   616   616 I vold    : Found policy 2227adb1f2d39808 at /data/system_de/0 which matches expected value
05-03 14:37:52.112   616   616 I vold    : Found policy 2227adb1f2d39808 at /data/misc_de/0 which matches expected value
05-03 14:37:52.112   616   616 I vold    : Found policy 2227adb1f2d39808 at /data/vendor_de/0 which matches expected value
05-03 14:37:52.114   616   616 I vold    : Found policy 2227adb1f2d39808 at /data/user_de/0 which matches expected value
05-03 14:37:52.114   616   616 V vold    : /system/bin/vold_prepare_subdirs
05-03 14:37:52.114   616   616 V vold    :     prepare
05-03 14:37:52.114   616   616 V vold    :     
05-03 14:37:52.114   616   616 V vold    :     0
05-03 14:37:52.114   616   616 V vold    :     1
05-03 14:37:52.386   870   870 I irsc_util: Starting irsc tool
05-03 14:37:52.395   870   870 I irsc_util: Num of entries:293
05-03 14:37:52.396   870   870 I irsc_util: Ending irsc tool
05-03 14:37:52.403   864   864 I WirelessCharger@1.0: WirelessCharger HAL is starting
05-03 14:37:52.436   864   864 I WirelessCharger@1.0: WirelessCharger HAL is started
05-03 14:37:52.463   860   860 I android.hardware.wifi@1.0-service: Wifi Hal is booting up...
05-03 14:37:52.537   931   931 I installd: installd firing up
05-03 14:37:52.632   941   941 I wificond: wificond is starting up...
05-03 14:37:54.293  1208  1208 I SystemServer: InitBeforeStartServices
05-03 14:37:54.293  1208  1208 I SystemServer: Entered the Android system server!
05-03 14:37:54.399  1208  1208 I SystemServer: StartServices
05-03 14:37:54.400  1208  1208 I SystemServer: Reading configuration...
05-03 14:37:54.400  1208  1208 I SystemServer: ReadingSystemConfig
05-03 14:37:54.400  1208  1208 I SystemServer: StartInstaller
05-03 14:37:54.400  1208  1208 I SystemServiceManager: Starting com.android.server.pm.Installer
05-03 14:37:54.401  1208  1208 I SystemServer: DeviceIdentifiersPolicyService
05-03 14:37:54.401  1208  1208 I SystemServiceManager: Starting com.android.server.os.DeviceIdentifiersPolicyService
05-03 14:37:54.402  1208  1208 I SystemServer: StartActivityManager
05-03 14:37:54.402  1208  1208 I SystemServiceManager: Starting com.android.server.am.ActivityManagerService$Lifecycle
05-03 14:37:54.412  1208  1208 I ActivityManager: Memory class: 192
05-03 14:37:54.420  1208  1208 D BatteryStatsImpl: Reading daily items from /data/system/batterystats-daily.xml
05-03 14:37:54.425  1208  1227 E BatteryExternalStatsWorker: no controller energy info supplied for telephony
05-03 14:37:54.425  1208  1227 I KernelUidCpuFreqTimeReader: mPerClusterTimesAvailable=false
05-03 14:37:54.459  1208  1208 W AppOps  : Unknown attribute in 'op' tag: n
05-03 14:37:54.464  1208  1208 I chatty  : uid=1000 system_server identical 335 lines
05-03 14:37:54.464  1208  1208 W AppOps  : Unknown attribute in 'op' tag: n
05-03 14:37:54.469  1208  1208 I IntentFirewall: Read new rules (A:0 B:0 S:0)
05-03 14:37:54.475  1208  1208 D AppOps  : AppOpsService published
05-03 14:37:54.475  1208  1208 I SystemServer: StartPowerManager
05-03 14:37:54.475  1208  1208 I SystemServiceManager: Starting com.android.server.power.PowerManagerService
05-03 14:37:54.477  1208  1208 I SystemServer: InitPowerManagement
05-03 14:37:54.478  1208  1208 I SystemServer: StartRecoverySystemService
05-03 14:37:54.478  1208  1208 I SystemServiceManager: Starting com.android.server.RecoverySystemService
05-03 14:37:54.479  1208  1208 W RescueParty: Noticed 1 events for UID 0 in last 12 sec
05-03 14:37:54.479  1208  1208 I SystemServer: StartLightsService
05-03 14:37:54.479  1208  1208 I SystemServiceManager: Starting com.android.server.lights.LightsService
05-03 14:37:54.481  1208  1208 I SystemServer: StartSidekickService
05-03 14:37:54.481  1208  1208 I SystemServer: StartDisplayManager
05-03 14:37:54.481  1208  1208 I SystemServiceManager: Starting com.android.server.display.DisplayManagerService
05-03 14:37:54.484  1208  1208 I SystemServer: WaitForDisplay
05-03 14:37:54.484  1208  1208 I SystemServiceManager: Starting phase 100
05-03 14:37:54.486  1208  1243 I DisplayManagerService: Display device added: DisplayDeviceInfo{"Built-in Screen": uniqueId="local:0", 1440 x 2960, modeId 1, defaultModeId 1, supportedModes [{id=1, width=1440, height=2960, fps=60.000004}], colorMode 0, supportedColorModes [0, 7, 9, 11, 12], HdrCapabilities android.view.Display$HdrCapabilities@8f198ca8, density 560, 522.514 x 522.111 dpi, appVsyncOff 2000000, presDeadline 11666666, cutout DisplayCutout{insets=Rect(0, 171 - 0, 0) boundingRect=Rect(462, 0 - 978, 171)}, touch INTERNAL, rotation 0, type BUILT_IN, state UNKNOWN, FLAG_DEFAULT_DISPLAY, FLAG_ROTATES_WITH_CONTENT, FLAG_SECURE, FLAG_SUPPORTS_PROTECTED_BUFFERS}
05-03 14:37:54.496  1208  1243 I DisplayManagerService: Display device changed state: "Built-in Screen", ON
05-03 14:37:54.496  1208  1208 I SystemServer: StartPackageManagerService
05-03 14:37:54.503  1208  1208 D SELinuxMMAC: Using policy file /system/etc/selinux/plat_mac_permissions.xml
05-03 14:37:54.504  1208  1208 D SELinuxMMAC: Using policy file /vendor/etc/selinux/vendor_mac_permissions.xml
05-03 14:37:54.641  1208  1208 W PackageManager: Failed to parse /system/framework/oat: Missing base APK in /system/framework/oat
05-03 14:37:54.641  1208  1208 W PackageManager: Failed to parse /system/framework/arm: Missing base APK in /system/framework/arm
05-03 14:37:54.641  1208  1208 W PackageManager: Failed to parse /system/framework/arm64: Missing base APK in /system/framework/arm64
05-03 14:37:54.672  1208  1208 W PackageManager: Failed to scan /system/priv-app/HelpRtcPrebuilt: Package com.google.android.apps.helprtc at /system/priv-app/HelpRtcPrebuilt ignored: updated version 1252 better than this 489
05-03 14:37:54.679  1208  1208 W PackageManager: Failed to scan /system/priv-app/AndroidMigratePrebuilt: Package com.google.android.apps.pixelmigrate at /system/priv-app/AndroidMigratePrebuilt ignored: updated version 754052 better than this 162029
05-03 14:37:54.681  1208  1208 W PackageManager: Failed to scan /system/priv-app/WellbeingPrebuilt: Package com.google.android.apps.wellbeing at /system/priv-app/WellbeingPrebuilt ignored: updated version 368057 better than this 28691
05-03 14:37:54.681  1208  1208 W PackageManager: Failed to scan /system/priv-app/PrebuiltGmsCorePi: Package com.google.android.gms at /system/priv-app/PrebuiltGmsCorePi ignored: updated version 221215028 better than this 12862063
05-03 14:37:54.683  1208  1208 W PackageManager: Failed to scan /system/priv-app/GoogleDialer: Package com.google.android.dialer at /system/priv-app/GoogleDialer ignored: updated version 8961663 better than this 3118119
05-03 14:37:54.688  1208  1208 W PackageManager: Failed to scan /system/priv-app/Phonesky: Package com.android.vending at /system/priv-app/Phonesky ignored: updated version 83021810 better than this 81344200
05-03 14:37:54.689  1208  1208 W PackageManager: Failed to scan /system/priv-app/Velvet: Package com.google.android.googlequicksearchbox at /system/priv-app/Velvet ignored: updated version 301193357 better than this 300778957
05-03 14:37:54.690  1208  1208 W PackageManager: Failed to scan /system/priv-app/AmbientSensePrebuilt: Package com.google.intelligence.sense at /system/priv-app/AmbientSensePrebuilt ignored: updated version 1183 better than this 503
05-03 14:37:54.693  1208  1208 W PackageManager: Failed to scan /system/priv-app/ScribePrebuilt: Package com.google.audio.hearing.visualization.accessibility.scribe at /system/priv-app/ScribePrebuilt ignored: updated version 73740 better than this 13957
05-03 14:37:54.698  1208  1208 W PackageManager: Failed to scan /system/priv-app/SoundAmplifierPrebuilt: Package com.google.android.accessibility.soundamplifier at /system/priv-app/SoundAmplifierPrebuilt ignored: updated version 51861 better than this 15449
05-03 14:37:54.699  1208  1208 W PackageManager: Failed to scan /system/priv-app/CarrierServices: Package com.google.android.ims at /system/priv-app/CarrierServices ignored: updated version 30750336 better than this 30021351
05-03 14:37:54.709  1208  1208 W PackageManager: Failed to scan /system/app/CalculatorGooglePrebuilt: Package com.google.android.calculator at /system/app/CalculatorGooglePrebuilt ignored: updated version 81000803 better than this 74100302
05-03 14:37:54.709  1208  1208 W PackageManager: Failed to scan /system/app/LatinIMEGooglePrebuilt: Package com.google.android.inputmethod.latin at /system/app/LatinIMEGooglePrebuilt ignored: updated version 80959522 better than this 26712010
05-03 14:37:54.711  1208  1208 W PackageManager: Failed to scan /system/app/GoogleTTS: Package com.google.android.tts at /system/app/GoogleTTS ignored: updated version 210361237 better than this 210315196
05-03 14:37:54.718  1208  1208 W PackageManager: Failed to scan /system/app/GoogleVrCore: Package com.google.vr.vrcore at /system/app/GoogleVrCore ignored: updated version 1607363513 better than this 160733895
05-03 14:37:54.721  1208  1208 W PackageManager: Failed to scan /system/app/PrebuiltBugle: Package com.google.android.apps.messaging at /system/app/PrebuiltBugle ignored: updated version 125287063 better than this 33039849
05-03 14:37:54.726  1208  1208 W PackageManager: Failed to scan /system/app/Photos: Package com.google.android.apps.photos at /system/app/Photos ignored: updated version 43116431 better than this 2544459
05-03 14:37:54.726  1208  1208 W PackageManager: Failed to scan /system/app/PrebuiltGmail: Package com.google.android.gm at /system/app/PrebuiltGmail ignored: updated version 63212392 better than this 60362702
05-03 14:37:54.728  1208  1208 W PackageManager: Failed to scan /system/app/Chrome: Package com.android.chrome at /system/app/Chrome ignored: updated version 489612723 better than this 357809952
05-03 14:37:54.728  1208  1208 W PackageManager: Failed to scan /system/app/Videos: Package com.google.android.videos at /system/app/Videos ignored: updated version 43106389 better than this 40443081
05-03 14:37:54.730  1208  1208 W PackageManager: Failed to scan /system/app/Maps: Package com.google.android.apps.maps at /system/app/Maps ignored: updated version 1066482031 better than this 1007100244
05-03 14:37:54.731  1208  1208 W PackageManager: Failed to scan /system/app/PrebuiltDeskClockGoogle: Package com.google.android.deskclock at /system/app/PrebuiltDeskClockGoogle ignored: updated version 71001997 better than this 52202302
05-03 14:37:54.731  1208  1208 W PackageManager: Failed to scan /system/app/AndroidAutoPrebuilt: Package com.google.android.projection.gearhead at /system/app/AndroidAutoPrebuilt ignored: updated version 74620964 better than this 33582064
05-03 14:37:54.732  1208  1208 W PackageManager: Failed to scan /system/app/talkback: Package com.google.android.marvin.talkback at /system/app/talkback ignored: updated version 60123274 better than this 60101116
05-03 14:37:54.735  1208  1208 W PackageManager: Failed to scan /system/app/GoogleCamera: Package com.google.android.GoogleCamera at /system/app/GoogleCamera ignored: updated version 49456928 better than this 44450387
05-03 14:37:54.736  1208  1208 W PackageManager: Failed to scan /system/app/CalendarGooglePrebuilt: Package com.google.android.calendar at /system/app/CalendarGooglePrebuilt ignored: updated version 2017067278 better than this 2015805971
05-03 14:37:54.737  1208  1208 W PackageManager: Failed to scan /system/app/arcore: Package com.google.ar.core at /system/app/arcore ignored: updated version 220390123 better than this 0
05-03 14:37:54.740  1208  1208 W PackageManager: Failed to scan /system/app/Drive: Package com.google.android.apps.docs at /system/app/Drive ignored: updated version 212694080 better than this 182320446
05-03 14:37:54.742  1208  1208 W PackageManager: Failed to scan /system/app/Ornament: Package com.google.vr.apps.ornament at /system/app/Ornament ignored: updated version 220118016 better than this 170601013
05-03 14:37:54.742  1208  1208 W PackageManager: Failed to scan /system/app/GoogleContacts: Package com.google.android.contacts at /system/app/GoogleContacts ignored: updated version 2794307 better than this 2102907
05-03 14:37:54.746  1208  1208 W PackageManager: Failed to scan /system/app/YouTube: Package com.google.android.youtube at /system/app/YouTube ignored: updated version 1528942016 better than this 1323603440
05-03 14:37:54.749  1208  1208 W PackageManager: Failed to scan /vendor/app/embms: Application package com.qualcomm.embms already installed.  Skipping duplicate.
05-03 14:37:54.769  1208  1208 W PackageManager: Expecting better updated system app for com.google.android.youtube; removing system app.  Last known codePath=/data/app/com.google.android.youtube-dGQAAe70xQz1UCfFczjw1Q==, versionCode=1528942016; scanned versionCode=1323603440
05-03 14:37:54.771  1208  1208 W PackageManager: Expecting better updated system app for com.google.android.googlequicksearchbox; removing system app.  Last known codePath=/data/app/com.google.android.googlequicksearchbox-w8cJzqnAk1qZXsU1Qpyp_g==, versionCode=301193357; scanned versionCode=300778957
05-03 14:37:54.772  1208  1208 W PackageManager: Expecting better updated system app for com.google.android.apps.messaging; removing system app.  Last known codePath=/data/app/com.google.android.apps.messaging-wyKCW3hI8k-77K8JF-QCOQ==, versionCode=125287063; scanned versionCode=33039849
05-03 14:37:54.772  1208  1208 W PackageManager: Expecting better updated system app for com.google.ar.core; removing system app.  Last known codePath=/data/app/com.google.ar.core-Q4UgNBPfllDkx3Z1z6hHlQ==, versionCode=220390123; scanned versionCode=0
05-03 14:37:54.772  1208  1208 W PackageManager: Expecting better updated system app for com.android.vending; removing system app.  Last known codePath=/data/app/com.android.vending-5LhnbmCrw-tkjSXkhxAEfw==, versionCode=83021810; scanned versionCode=81344200
05-03 14:37:54.773  1208  1208 W PackageManager: Expecting better updated system app for com.google.android.marvin.talkback; removing system app.  Last known codePath=/data/app/com.google.android.marvin.talkback-cfb8NNGd1yY27ZIcjDLQoQ==, versionCode=60123274; scanned versionCode=60101116
05-03 14:37:54.773  1208  1208 W PackageManager: Expecting better updated system app for com.google.android.deskclock; removing system app.  Last known codePath=/data/app/com.google.android.deskclock-IcQYj9Hulrn83coMJOJIyQ==, versionCode=71001997; scanned versionCode=52202302
05-03 14:37:54.773  1208  1208 W PackageManager: Expecting better updated system app for com.google.android.gm; removing system app.  Last known codePath=/data/app/com.google.android.gm-zy-KZlLoe7z5RQRTcHC6OA==, versionCode=63212392; scanned versionCode=60362702
05-03 14:37:54.773  1208  1208 W PackageManager: Expecting better updated system app for com.google.intelligence.sense; removing system app.  Last known codePath=/data/app/com.google.intelligence.sense-nbKxTXbQnnMtKUQuwfC0yg==, versionCode=1183; scanned versionCode=503
05-03 14:37:54.774  1208  1208 W PackageManager: Expecting better updated system app for com.google.android.apps.wellbeing; removing system app.  Last known codePath=/data/app/com.google.android.apps.wellbeing-IBxjF3dW1HRfbVWjv3pS8w==, versionCode=368057; scanned versionCode=28691
05-03 14:37:54.774  1208  1208 W PackageManager: Expecting better updated system app for com.google.android.dialer; removing system app.  Last known codePath=/data/app/com.google.android.dialer-VuJgRbZy6aVI0YeIBrHhXA==, versionCode=8961663; scanned versionCode=3118119
05-03 14:37:54.774  1208  1208 W PackageManager: Expecting better updated system app for com.google.audio.hearing.visualization.accessibility.scribe; removing system app.  Last known codePath=/data/app/com.google.audio.hearing.visualization.accessibility.scribe-rTy0dp2p607Z1d0qXMqWwQ==, versionCode=73740; scanned versionCode=13957
05-03 14:37:54.774  1208  1208 W PackageManager: Expecting better updated system app for com.google.android.accessibility.soundamplifier; removing system app.  Last known codePath=/data/app/com.google.android.accessibility.soundamplifier-8PMEpMN0dzNVxKu4STLdJQ==, versionCode=51861; scanned versionCode=15449
05-03 14:37:54.774  1208  1208 W PackageManager: Expecting better updated system app for com.google.android.apps.docs; removing system app.  Last known codePath=/data/app/com.google.android.apps.docs-Y86xtqT4FwGTIX1TY6LKcg==, versionCode=212694080; scanned versionCode=182320446
05-03 14:37:54.775  1208  1208 W PackageManager: Expecting better updated system app for com.google.android.apps.maps; removing system app.  Last known codePath=/data/app/com.google.android.apps.maps-IV9IL834X2D1zavxoYQAZA==, versionCode=1066482031; scanned versionCode=1007100244
05-03 14:37:54.775  1208  1208 W PackageManager: Expecting better updated system app for com.google.android.contacts; removing system app.  Last known codePath=/data/app/com.google.android.contacts-e3R0jvi4-MbDUOhP3ABn9g==, versionCode=2794307; scanned versionCode=2102907
05-03 14:37:54.775  1208  1208 W PackageManager: Expecting better updated system app for com.google.android.calculator; removing system app.  Last known codePath=/data/app/com.google.android.calculator-GB1q0gsF_HdFSxCjD97LWQ==, versionCode=81000803; scanned versionCode=74100302
05-03 14:37:54.775  1208  1208 W PackageManager: Expecting better updated system app for com.android.chrome; removing system app.  Last known codePath=/data/app/com.android.chrome-SZ39H73blR7BThJZ5T7H4A==, versionCode=489612723; scanned versionCode=357809952
05-03 14:37:54.776  1208  1208 W PackageManager: Expecting better updated system app for com.google.android.gms; removing system app.  Last known codePath=/data/app/com.google.android.gms-HPsDSgWhPELds4XEHUX_Fg==, versionCode=221215028; scanned versionCode=12862063
05-03 14:37:54.777  1208  1208 W PackageManager: Expecting better updated system app for com.google.android.ims; removing system app.  Last known codePath=/data/app/com.google.android.ims-1D-AT4c0WLrlCrhnwNLSFQ==, versionCode=30750336; scanned versionCode=30021351
05-03 14:37:54.777  1208  1208 W PackageManager: Expecting better updated system app for com.google.android.tts; removing system app.  Last known codePath=/data/app/com.google.android.tts-4UNPdl5pTUJfrv7SlNu7LQ==, versionCode=210361237; scanned versionCode=210315196
05-03 14:37:54.778  1208  1208 W PackageManager: Expecting better updated system app for com.google.android.videos; removing system app.  Last known codePath=/data/app/com.google.android.videos-AprOz6pbJqySKT9saV3Pqg==, versionCode=43106389; scanned versionCode=40443081
05-03 14:37:54.778  1208  1208 W PackageManager: Expecting better updated system app for com.google.android.apps.photos; removing system app.  Last known codePath=/data/app/com.google.android.apps.photos-kyuBZHXLkgEcOwd8r6Tc0w==, versionCode=43116431; scanned versionCode=2544459
05-03 14:37:54.778  1208  1208 W PackageManager: Expecting better updated system app for com.google.android.calendar; removing system app.  Last known codePath=/data/app/com.google.android.calendar-XkjypeFn73odS94u4ZnW8A==, versionCode=2017067278; scanned versionCode=2015805971
05-03 14:37:54.778  1208  1208 W PackageManager: Expecting better updated system app for com.google.android.apps.pixelmigrate; removing system app.  Last known codePath=/data/app/com.google.android.apps.pixelmigrate-ZDrqd6Hdh9hZi5iY3dFIbQ==, versionCode=754052; scanned versionCode=162029
05-03 14:37:54.779  1208  1208 W PackageManager: Expecting better updated system app for com.google.android.projection.gearhead; removing system app.  Last known codePath=/data/app/com.google.android.projection.gearhead-v9Jbj48o1XnlOXz-zPmVCA==, versionCode=74620964; scanned versionCode=33582064
05-03 14:37:54.779  1208  1208 W PackageManager: Expecting better updated system app for com.google.vr.vrcore; removing system app.  Last known codePath=/data/app/com.google.vr.vrcore-XR-SqqHGd46JP40T-W4Ndw==, versionCode=1607363513; scanned versionCode=160733895
05-03 14:37:54.780  1208  1208 W PackageManager: Expecting better updated system app for com.google.vr.apps.ornament; removing system app.  Last known codePath=/data/app/com.google.vr.apps.ornament-OVisblmamtmzrTXcQDz0GQ==, versionCode=220118016; scanned versionCode=170601013
05-03 14:37:54.781  1208  1208 W PackageManager: Expecting better updated system app for com.google.android.apps.helprtc; removing system app.  Last known codePath=/data/app/com.google.android.apps.helprtc-FNzRH9bpt4CJxMFab32I4w==, versionCode=1252; scanned versionCode=489
05-03 14:37:54.781  1208  1208 W PackageManager: Expecting better updated system app for com.google.android.GoogleCamera; removing system app.  Last known codePath=/data/app/com.google.android.GoogleCamera-lRELTyLM3cgzAkkN4QoUOA==, versionCode=49456928; scanned versionCode=44450387
05-03 14:37:54.781  1208  1208 W PackageManager: Expecting better updated system app for com.google.android.inputmethod.latin; removing system app.  Last known codePath=/data/app/com.google.android.inputmethod.latin-ROhey6XcEnLEkGlHZ3df2A==, versionCode=80959522; scanned versionCode=26712010
05-03 14:37:54.782  1208  1208 I PackageManager: Finished scanning system apps. Time: 151 ms, packageCount: 163 , timePerPackage: 0 , cached: 195
05-03 14:37:54.789  1208  1208 W PackageManager: Relax SCAN_REQUIRE_KNOWN requirement for package com.google.android.tts
05-03 14:37:54.795  1208  1208 I PackageManager: /data/app/com.google.android.apps.pixelmigrate-ZDrqd6Hdh9hZi5iY3dFIbQ== changed; collecting certs (forced)
05-03 14:37:54.825  1208  1208 W PackageManager: Relax SCAN_REQUIRE_KNOWN requirement for package com.google.android.apps.pixelmigrate
05-03 14:37:54.827  1208  1208 W PackageManager: Relax SCAN_REQUIRE_KNOWN requirement for package com.google.ar.core
05-03 14:37:54.828  1208  1208 W PackageManager: Relax SCAN_REQUIRE_KNOWN requirement for package com.google.vr.vrcore
05-03 14:37:54.830  1208  1208 W PackageManager: Relax SCAN_REQUIRE_KNOWN requirement for package com.google.android.apps.messaging
05-03 14:37:54.833  1208  1208 W PackageManager: Relax SCAN_REQUIRE_KNOWN requirement for package com.google.android.deskclock
05-03 14:37:54.837  1208  1208 I PackageManager: /data/app/com.android.vending-5LhnbmCrw-tkjSXkhxAEfw== changed; collecting certs (forced)
05-03 14:37:54.900  1208  1208 W PackageManager: Relax SCAN_REQUIRE_KNOWN requirement for package com.android.vending
05-03 14:37:54.905  1208  1208 I PackageManager: /data/app/com.google.android.ims-1D-AT4c0WLrlCrhnwNLSFQ== changed; collecting certs (forced)
05-03 14:37:54.928  1208  1208 W PackageManager: Relax SCAN_REQUIRE_KNOWN requirement for package com.google.android.ims
05-03 14:37:54.930  1208  1208 W PackageManager: Relax SCAN_REQUIRE_KNOWN requirement for package com.google.android.apps.docs
05-03 14:37:54.934  1208  1208 I PackageManager: /data/app/com.google.android.apps.helprtc-FNzRH9bpt4CJxMFab32I4w== changed; collecting certs (forced)
05-03 14:37:54.982  1208  1208 W PackageManager: Relax SCAN_REQUIRE_KNOWN requirement for package com.google.android.apps.helprtc
05-03 14:37:54.983  1208  1208 W PackageManager: Relax SCAN_REQUIRE_KNOWN requirement for package com.google.android.calculator
05-03 14:37:54.987  1208  1208 I PackageManager: /data/app/com.google.android.gms-HPsDSgWhPELds4XEHUX_Fg== changed; collecting certs (forced)
05-03 14:37:55.204  1208  1208 W PackageManager: Relax SCAN_REQUIRE_KNOWN requirement for package com.google.android.gms
05-03 14:37:55.218  1208  1208 I PackageManager: /data/app/com.google.intelligence.sense-nbKxTXbQnnMtKUQuwfC0yg== changed; collecting certs (forced)
05-03 14:37:55.219  1208  1208 W PackageManager: Relax SCAN_REQUIRE_KNOWN requirement for package com.google.intelligence.sense
05-03 14:37:55.220  1208  1208 W PackageManager: Relax SCAN_REQUIRE_KNOWN requirement for package com.google.android.GoogleCamera
05-03 14:37:55.221  1208  1208 W PackageManager: Relax SCAN_REQUIRE_KNOWN requirement for package com.google.vr.apps.ornament
05-03 14:37:55.225  1208  1208 W PackageManager: Relax SCAN_REQUIRE_KNOWN requirement for package com.android.chrome
05-03 14:37:55.227  1208  1208 W PackageManager: Relax SCAN_REQUIRE_KNOWN requirement for package com.google.android.contacts
05-03 14:37:55.229  1208  1208 W PackageManager: Relax SCAN_REQUIRE_KNOWN requirement for package com.google.android.videos
05-03 14:37:55.230  1208  1208 W PackageManager: Relax SCAN_REQUIRE_KNOWN requirement for package com.google.android.apps.photos
05-03 14:37:55.235  1208  1208 I PackageManager: /data/app/com.google.android.accessibility.soundamplifier-8PMEpMN0dzNVxKu4STLdJQ== changed; collecting certs (forced)
05-03 14:37:55.257  1208  1208 W PackageManager: Relax SCAN_REQUIRE_KNOWN requirement for package com.google.android.accessibility.soundamplifier
05-03 14:37:55.260  1208  1208 W PackageManager: Relax SCAN_REQUIRE_KNOWN requirement for package com.google.android.apps.maps
05-03 14:37:55.262  1208  1208 W PackageManager: Relax SCAN_REQUIRE_KNOWN requirement for package com.google.android.inputmethod.latin
05-03 14:37:55.264  1208  1208 W PackageManager: Relax SCAN_REQUIRE_KNOWN requirement for package com.google.android.marvin.talkback
05-03 14:37:55.266  1208  1208 W PackageManager: Relax SCAN_REQUIRE_KNOWN requirement for package com.google.android.youtube
05-03 14:37:55.268  1208  1208 W PackageManager: Relax SCAN_REQUIRE_KNOWN requirement for package com.google.android.calendar
05-03 14:37:55.272  1208  1208 I PackageManager: /data/app/com.google.android.apps.wellbeing-IBxjF3dW1HRfbVWjv3pS8w== changed; collecting certs (forced)
05-03 14:37:55.311  1208  1208 W PackageManager: Relax SCAN_REQUIRE_KNOWN requirement for package com.google.android.apps.wellbeing
05-03 14:37:55.316  1208  1208 I PackageManager: /data/app/com.google.android.googlequicksearchbox-w8cJzqnAk1qZXsU1Qpyp_g== changed; collecting certs (forced)
05-03 14:37:55.711  1208  1208 W PackageManager: Relax SCAN_REQUIRE_KNOWN requirement for package com.google.android.googlequicksearchbox
05-03 14:37:55.722  1208  1208 I PackageManager: /data/app/com.google.audio.hearing.visualization.accessibility.scribe-rTy0dp2p607Z1d0qXMqWwQ== changed; collecting certs (forced)
05-03 14:37:55.928  1208  1208 W PackageManager: Relax SCAN_REQUIRE_KNOWN requirement for package com.google.audio.hearing.visualization.accessibility.scribe
05-03 14:37:55.932  1208  1208 I PackageManager: /data/app/com.google.android.dialer-VuJgRbZy6aVI0YeIBrHhXA== changed; collecting certs (forced)
05-03 14:37:56.053  1208  1208 W PackageManager: Relax SCAN_REQUIRE_KNOWN requirement for package com.google.android.dialer
05-03 14:37:56.056  1208  1208 W PackageManager: Relax SCAN_REQUIRE_KNOWN requirement for package com.google.android.projection.gearhead
05-03 14:37:56.059  1208  1208 W PackageManager: Relax SCAN_REQUIRE_KNOWN requirement for package com.google.android.gm
05-03 14:37:56.062  1208  1208 I PackageManager: Finished scanning non-system apps. Time: 1281 ms, packageCount: 34 , timePerPackage: 37 , cached: 34
05-03 14:37:56.065  1208  1208 E PackageManager: updateAllSharedLibrariesLPw failed: Package com.qualcomm.qcrilmsgtunnel requires unavailable shared library android.hidl.manager@1.0-java; failing!
05-03 14:37:56.068  1208  1208 I PackageManager: Time to scan packages: 1.437 seconds
05-03 14:37:56.072  1208  1208 V PackageManager: reconcileAppsData for null u0 0x1 migrateAppData=true
05-03 14:37:56.116  1208  1208 V PackageManager: reconcileAppsData finished 26 packages
05-03 14:37:56.235  1208  1208 I SystemServer: StartOtaDexOptService
05-03 14:37:56.235  1208  1208 D OTADexopt: No upgrade, skipping A/B artifacts check.
05-03 14:37:56.235  1208  1208 I SystemServer: StartUserManagerService
05-03 14:37:56.235  1208  1208 I SystemServiceManager: Starting com.android.server.pm.UserManagerService$LifeCycle
05-03 14:37:56.236  1208  1208 I SystemServer: InitAttributerCache
05-03 14:37:56.236  1208  1208 I SystemServer: SetSystemProcess
05-03 14:37:56.241  1208  1208 I SystemServer: StartOverlayManagerService
05-03 14:37:56.242  1208  1208 I SystemServer: StartBatteryService
05-03 14:37:56.242  1208  1208 I SystemServiceManager: Starting com.android.server.BatteryService
05-03 14:37:56.268  1208  1208 I HealthServiceWrapper: health: HealthServiceWrapper listening to instance default
05-03 14:37:56.268  1208  1208 I BatteryService: health: Waited 0ms and received the update.
05-03 14:37:56.268  1208  1223 W ProcessCpuTracker: Skipping unknown process pid 1406
05-03 14:37:56.269  1208  1208 I SystemServer: StartUsageService
05-03 14:37:56.269  1208  1208 I SystemServiceManager: Starting com.android.server.usage.UsageStatsService
05-03 14:37:56.282  1208  1208 I UsageStatsService: User[0] Rollover scheduled @ 2022-05-03 16:24:10(1651591450824)
05-03 14:37:56.282  1208  1208 I SystemServer: StartWebViewUpdateService
05-03 14:37:56.282  1208  1208 I SystemServiceManager: Starting com.android.server.webkit.WebViewUpdateService
05-03 14:37:56.284  1208  1208 I SystemServer: StartBinderCallsStatsService
05-03 14:37:56.284  1208  1208 I SystemServer: StartKeyAttestationApplicationIdProviderService
05-03 14:37:56.284  1208  1220 I SystemServer: SecondaryZygotePreload
05-03 14:37:56.285  1208  1208 I SystemServer: StartKeyChainSystemService
05-03 14:37:56.285  1208  1208 I SystemServiceManager: Starting com.android.server.security.KeyChainSystemService
05-03 14:37:56.285  1208  1208 I SystemServer: StartSchedulingPolicyService
05-03 14:37:56.285  1208  1208 I SystemServer: StartTelecomLoaderService
05-03 14:37:56.285  1208  1208 I SystemServiceManager: Starting com.android.server.telecom.TelecomLoaderService
05-03 14:37:56.285  1208  1208 I SystemServer: StartTelephonyRegistry
05-03 14:37:56.286  1208  1208 I SystemServer: StartEntropyMixer
05-03 14:37:56.287  1208  1208 W EntropyMixer: Failed to add HW RNG output to entropy pool
05-03 14:37:56.287  1208  1208 W EntropyMixer: java.io.FileNotFoundException: /dev/hw_random (Permission denied)
05-03 14:37:56.287  1208  1208 W EntropyMixer: 	at java.io.FileInputStream.open0(Native Method)
05-03 14:37:56.287  1208  1208 W EntropyMixer: 	at java.io.FileInputStream.open(FileInputStream.java:231)
05-03 14:37:56.287  1208  1208 W EntropyMixer: 	at java.io.FileInputStream.<init>(FileInputStream.java:165)
05-03 14:37:56.287  1208  1208 W EntropyMixer: 	at java.io.FileInputStream.<init>(FileInputStream.java:112)
05-03 14:37:56.287  1208  1208 W EntropyMixer: 	at com.android.server.RandomBlock.fromFile(RandomBlock.java:45)
05-03 14:37:56.287  1208  1208 W EntropyMixer: 	at com.android.server.EntropyMixer.addHwRandomEntropy(EntropyMixer.java:205)
05-03 14:37:56.287  1208  1208 W EntropyMixer: 	at com.android.server.EntropyMixer.<init>(EntropyMixer.java:115)
05-03 14:37:56.287  1208  1208 W EntropyMixer: 	at com.android.server.EntropyMixer.<init>(EntropyMixer.java:97)
05-03 14:37:56.287  1208  1208 W EntropyMixer: 	at com.android.server.SystemServer.startOtherServices(SystemServer.java:822)
05-03 14:37:56.287  1208  1208 W EntropyMixer: 	at com.android.server.SystemServer.run(SystemServer.java:437)
05-03 14:37:56.287  1208  1208 W EntropyMixer: 	at com.android.server.SystemServer.main(SystemServer.java:296)
05-03 14:37:56.287  1208  1208 W EntropyMixer: 	at java.lang.reflect.Method.invoke(Native Method)
05-03 14:37:56.287  1208  1208 W EntropyMixer: 	at com.android.internal.os.RuntimeInit$MethodAndArgsCaller.run(RuntimeInit.java:493)
05-03 14:37:56.287  1208  1208 W EntropyMixer: 	at com.android.internal.os.ZygoteInit.main(ZygoteInit.java:838)
05-03 14:37:56.287  1208  1208 I EntropyMixer: Writing entropy...
05-03 14:37:56.288  1208  1208 I SystemServer: StartAccountManagerService
05-03 14:37:56.288  1208  1208 I SystemServiceManager: Starting com.android.server.accounts.AccountManagerService$Lifecycle
05-03 14:37:56.291  1208  1208 I SystemServer: StartContentService
05-03 14:37:56.291  1208  1208 I SystemServiceManager: Starting com.android.server.content.ContentService$Lifecycle
05-03 14:37:56.292  1208  1208 I SystemServer: InstallSystemProviders
05-03 14:37:56.314  1208  1208 I SystemServer: StartDropBoxManager
05-03 14:37:56.314  1208  1208 I SystemServiceManager: Starting com.android.server.DropBoxManagerService
05-03 14:37:56.315  1208  1208 I SystemServer: StartVibratorService
05-03 14:37:56.317  1208  1208 I SystemServer: StartConsumerIrService
05-03 14:37:56.317  1208  1208 I SystemServer: StartAlarmManagerService
05-03 14:37:56.317  1208  1208 I SystemServiceManager: Starting com.android.server.AlarmManagerService
05-03 14:37:56.320  1208  1208 I SystemServer: InitWatchdog
05-03 14:37:56.321  1208  1208 I SystemServer: StartInputManagerService
05-03 14:37:56.321  1208  1208 I InputManager: Initializing input manager, mUseDevInputEventForAudioJack=true
05-03 14:37:56.321  1208  1208 I SystemServer: StartWindowManagerService
05-03 14:37:56.326  1208  1243 I WindowManager: No existing display settings /data/system/display_settings.xml; starting empty
05-03 14:37:56.334  1208  1208 I SystemServer: SetWindowManagerService
05-03 14:37:56.343   939  1019 I storaged: storaged: Start
05-03 14:37:56.351  1208  1208 I SystemServer: WindowManagerServiceOnInitReady
05-03 14:37:56.411  1208  1208 I SystemServer: StartVrManagerService
05-03 14:37:56.411  1208  1208 I SystemServiceManager: Starting com.android.server.vr.VrManagerService
05-03 14:37:56.414  1208  1208 I SystemServer: StartInputManager
05-03 14:37:56.414  1208  1208 I InputManager: Starting input manager
05-03 14:37:56.416  1208  1208 I SystemServer: DisplayManagerWindowManagerAndInputReady
05-03 14:37:56.416  1208  1208 I SystemServer: StartBluetoothService
05-03 14:37:56.416  1208  1208 I SystemServiceManager: Starting com.android.server.BluetoothService
05-03 14:37:56.417  1208  1208 D BluetoothManagerService: Loading stored name and address
05-03 14:37:56.417  1208  1208 D BluetoothManagerService: Stored bluetooth Name=Pixel 3 XL,Address=3C:28:6D:CF:92:62
05-03 14:37:56.417  1208  1208 D BluetoothManagerService: Bluetooth persisted state: 0
05-03 14:37:56.417  1208  1208 D BluetoothManagerService: Detected SystemUiUid: 10023
05-03 14:37:56.417  1208  1208 I SystemServer: IpConnectivityMetrics
05-03 14:37:56.417  1208  1208 I SystemServiceManager: Starting com.android.server.connectivity.IpConnectivityMetrics
05-03 14:37:56.417  1208  1208 I SystemServer: NetworkWatchlistService
05-03 14:37:56.417  1208  1208 I SystemServiceManager: Starting com.android.server.net.watchlist.NetworkWatchlistService$Lifecycle
05-03 14:37:56.429  1208  1208 I WatchlistSettings: Reload watchlist settings done
05-03 14:37:56.430  1208  1208 I SystemServer: PinnerService
05-03 14:37:56.430  1208  1208 I SystemServiceManager: Starting com.android.server.PinnerService
05-03 14:37:56.430  1208  1441 I WatchlistLoggingHandler: No need to aggregate record yet.
05-03 14:37:56.430  1208  1441 I WatchlistLoggingHandler: Milliseconds spent on tryAggregateRecords(): 0
05-03 14:37:56.431  1208  1208 I SystemServer: StartInputMethodManagerLifecycle
05-03 14:37:56.431  1208  1208 I SystemServiceManager: Starting com.android.server.InputMethodManagerService$Lifecycle
05-03 14:37:56.432  1208  1222 D PinnerService: pinRangeStream: null
05-03 14:37:56.434  1208  1208 I SystemServer: StartAccessibilityManagerService
05-03 14:37:56.434  1208  1222 D PinnerService: pinRangeStream: null
05-03 14:37:56.443  1208  1208 I SystemServer: MakeDisplayReady
05-03 14:37:56.443  1208  1208 I ActivityManager: Config changes=20005df8 {1.0 ?mcc?mnc [en_GB] ldltr sw411dp w411dp h796dp 560dpi nrml long hdr port ?uimode ?night -touch -keyb/v/h -nav/h winConfig={ mBounds=Rect(0, 0 - 0, 0) mAppBounds=Rect(0, 171 - 1440, 2960) mWindowingMode=fullscreen mActivityType=undefined} s.2}
05-03 14:37:56.447  1208  1208 I ActivityManager: Override config changes=60007dfc {1.0 ?mcc?mnc [en_GB] ldltr sw411dp w411dp h796dp 560dpi nrml long hdr port ?uimode ?night -touch -keyb/v/h -nav/h winConfig={ mBounds=Rect(0, 0 - 1440, 2960) mAppBounds=Rect(0, 171 - 1440, 2960) mWindowingMode=fullscreen mActivityType=undefined} s.2} for displayId=0
05-03 14:37:56.448  1208  1222 D PinnerService: pinRangeStream: null
05-03 14:37:56.450  1208  1208 I ActivityManager: Config changes=20000408 {1.0 ?mcc?mnc [en_GB] ldltr sw411dp w411dp h748dp 560dpi nrml long hdr port ?uimode ?night finger -keyb/v/h -nav/h winConfig={ mBounds=Rect(0, 0 - 0, 0) mAppBounds=Rect(0, 171 - 1440, 2792) mWindowingMode=fullscreen mActivityType=undefined} s.3}
05-03 14:37:56.454  1208  1208 I ActivityManager: Override config changes=20000408 {1.0 ?mcc?mnc [en_GB] ldltr sw411dp w411dp h748dp 560dpi nrml long hdr port ?uimode ?night finger -keyb/v/h -nav/h winConfig={ mBounds=Rect(0, 0 - 1440, 2960) mAppBounds=Rect(0, 171 - 1440, 2792) mWindowingMode=fullscreen mActivityType=undefined} s.3} for displayId=0
05-03 14:37:56.456  1208  1222 D PinnerService: pinRangeStream: null
05-03 14:37:56.458  1208  1208 I SystemServer: StartStorageManagerService
05-03 14:37:56.458  1208  1208 I SystemServiceManager: Starting com.android.server.StorageManagerService$Lifecycle
05-03 14:37:56.460  1208  1222 D PinnerService: pinRangeStream: null
05-03 14:37:56.466  1208  1222 I chatty  : uid=1000(system) android.bg identical 3 lines
05-03 14:37:56.467  1208  1222 D PinnerService: pinRangeStream: null
05-03 14:37:56.467  1208  1445 D StorageManagerService: Thinking about init, mSystemReady=false, mDaemonConnected=true
05-03 14:37:56.467  1208  1445 D StorageManagerService: Thinking about reset, mSystemReady=false, mDaemonConnected=true
05-03 14:37:56.467  1208  1208 I SystemServer: StartStorageStatsService
05-03 14:37:56.467  1208  1208 I SystemServiceManager: Starting com.android.server.usage.StorageStatsService$Lifecycle
05-03 14:37:56.469  1208  1208 I SystemServer: StartUiModeManager
05-03 14:37:56.469  1208  1208 I SystemServiceManager: Starting com.android.server.UiModeManagerService
05-03 14:37:56.470  1208  1222 D PinnerService: pinRangeStream: null
05-03 14:37:56.470  1208  1401 I ActivityManager: Config changes=200 {1.0 ?mcc?mnc [en_GB] ldltr sw411dp w411dp h748dp 560dpi nrml long hdr port finger -keyb/v/h -nav/h winConfig={ mBounds=Rect(0, 0 - 0, 0) mAppBounds=Rect(0, 171 - 1440, 2792) mWindowingMode=fullscreen mActivityType=undefined} s.4}
05-03 14:37:56.470  1208  1208 I SystemServer: UpdatePackagesIfNeeded
05-03 14:37:56.470  1208  1208 I SystemServer: PerformFstrimIfNeeded
05-03 14:37:56.471  1208  1208 I SystemServer: StartLockSettingsService
05-03 14:37:56.471  1208  1208 I SystemServiceManager: Starting com.android.server.locksettings.LockSettingsService$Lifecycle
05-03 14:37:56.474  1208  1401 I ActivityManager: Override config changes=200 {1.0 ?mcc?mnc [en_GB] ldltr sw411dp w411dp h748dp 560dpi nrml long hdr port finger -keyb/v/h -nav/h winConfig={ mBounds=Rect(0, 0 - 1440, 2960) mAppBounds=Rect(0, 171 - 1440, 2792) mWindowingMode=fullscreen mActivityType=undefined} s.4} for displayId=0
05-03 14:37:56.476  1208  1208 I SystemServer: StartPersistentDataBlock
05-03 14:37:56.476  1208  1208 I SystemServiceManager: Starting com.android.server.PersistentDataBlockService
05-03 14:37:56.476  1208  1208 I SystemServer: StartOemLockService
05-03 14:37:56.477  1208  1208 I SystemServiceManager: Starting com.android.server.oemlock.OemLockService
05-03 14:37:56.478  1208  1208 I OemLock : Using vendor lock via the HAL
05-03 14:37:56.478  1208  1208 I SystemServer: StartDeviceIdleController
05-03 14:37:56.478  1208  1208 I SystemServiceManager: Starting com.android.server.DeviceIdleController
05-03 14:37:56.480  1208  1208 I SystemServer: StartDevicePolicyManager
05-03 14:37:56.480  1208  1208 I SystemServiceManager: Starting com.android.server.devicepolicy.DevicePolicyManagerService$Lifecycle
05-03 14:37:56.485  1208  1208 I SystemServer: StartStatusBarManagerService
05-03 14:37:56.486  1208  1208 I SystemServer: StartClipboardService
05-03 14:37:56.486  1208  1208 I SystemServiceManager: Starting com.android.server.clipboard.ClipboardService
05-03 14:37:56.486  1208  1208 I SystemServer: StartNetworkManagementService
05-03 14:37:56.488  1208  1448 I NetworkManagement: onDaemonConnected()
05-03 14:37:56.488  1208  1208 I SystemServer: StartIpSecService
05-03 14:37:56.489  1208  1208 I SystemServer: StartTextServicesManager
05-03 14:37:56.489  1208  1208 I SystemServiceManager: Starting com.android.server.TextServicesManagerService$Lifecycle
05-03 14:37:56.490  1208  1208 I SystemServer: StartTextClassificationManagerService
05-03 14:37:56.490  1208  1208 I SystemServiceManager: Starting com.android.server.textclassifier.TextClassificationManagerService$Lifecycle
05-03 14:37:56.490  1208  1208 I SystemServer: StartNetworkScoreService
05-03 14:37:56.490  1208  1208 I SystemServiceManager: Starting com.android.server.NetworkScoreService$Lifecycle
05-03 14:37:56.491  1208  1208 I SystemServer: StartNetworkStatsService
05-03 14:37:56.492  1208  1208 I SystemServer: StartNetworkPolicyManagerService
05-03 14:37:56.495  1208  1208 I SystemServer: StartWifi
05-03 14:37:56.500  1208  1222 D PinnerService: pinRangeStream: null
05-03 14:37:56.505  1208  1208 I SystemServiceManager: Starting com.android.server.wifi.WifiService
05-03 14:37:56.507  1208  1222 D PinnerService: pinRangeStream: null
05-03 14:37:56.538  1208  1222 I chatty  : uid=1000(system) android.bg identical 1 line
05-03 14:37:56.538  1208  1222 D PinnerService: pinRangeStream: null
05-03 14:37:56.549  1208  1222 D PinnerService: pinRangeStream: java.util.zip.ZipFile$ZipFileInflaterInputStream@d937a69
05-03 14:37:56.562  1208  1208 I SystemServer: StartWifiScanning
05-03 14:37:56.563  1208  1208 I SystemServiceManager: Starting com.android.server.wifi.scanner.WifiScanningService
05-03 14:37:56.564  1208  1208 I SystemServer: StartRttService
05-03 14:37:56.565  1208  1208 I SystemServiceManager: Starting com.android.server.wifi.rtt.RttService
05-03 14:37:56.565  1208  1208 I SystemServer: StartWifiAware
05-03 14:37:56.566  1208  1208 I SystemServiceManager: Starting com.android.server.wifi.aware.WifiAwareService
05-03 14:37:56.567  1208  1208 I SystemServer: StartWifiP2P
05-03 14:37:56.567  1208  1208 I SystemServiceManager: Starting com.android.server.wifi.p2p.WifiP2pService
05-03 14:37:56.575  1208  1208 I SystemServer: StartEthernet
