05-03 14:38:08.713  1208  2287 D ConditionProviders: Disabling component com.google.android.apps.wellbeing/.dnd.impl.DndConditionProviderService
05-03 14:38:08.722  1208  2287 I ActivityManager: Killing 3127:com.android.hotwordenrollment.okgoogle/u0a9 (adj 906): empty #17
05-03 14:38:08.746  1208  1225 I ActivityManager: Start proc 3787:com.google.android.apps.tips/u0a68 for broadcast com.google.android.apps.tips/.onboarding.OnboardingReceiver
05-03 14:38:08.840  1208  2287 I ActivityManager: Killing 3150:com.android.hotwordenrollment.tgoogle/u0a61 (adj 906): empty #17
05-03 14:38:08.863  1208  1225 I ActivityManager: Start proc 3807:com.google.android.apps.turbo:aab/u0a59 for broadcast com.google.android.apps.turbo/.nudges.battery.BatteryChangedReceiver
05-03 14:38:09.007  1208  1225 I ActivityManager: Start proc 3836:com.google.android.apps.wallpaper/u0a15 for broadcast com.google.android.apps.wallpaper/com.android.wallpaper.module.RotationWallpaperMoveReceiver
05-03 14:38:09.671  1208  1225 I ActivityManager: Start proc 3859:com.google.android.calendar/u0a112 for broadcast com.google.android.calendar/com.google.android.apps.calendar.sync.SyncOnUnlockReceiver
05-03 14:38:10.271  1208  1715 I ActivityManager: Killing 3168:com.android.hotwordenrollment.xgoogle/u0a46 (adj 906): empty #17
05-03 14:38:10.545  1208  1715 I ActivityManager: Killing 3185:com.android.managedprovisioning/u0a12 (adj 906): empty #17
05-03 14:38:10.559  1208  1225 I ActivityManager: Start proc 3924:com.google.android.carrier/u0a19 for broadcast com.google.android.carrier/.CarrierSettingsReceiver
05-03 14:38:10.680  1208  1225 I ActivityManager: Start proc 3944:com.google.android.configupdater/u0a24 for broadcast com.google.android.configupdater/.MainReceiver
05-03 14:38:10.840  1208  1715 I ActivityManager: Killing 3200:com.android.omadm.service/u0a32 (adj 906): empty #17
05-03 14:38:10.860  1208  1225 I ActivityManager: Start proc 3988:com.google.android.connectivitymonitor/1001 for broadcast com.google.android.connectivitymonitor/.ConnectivityMonitorAutoboot
05-03 14:38:10.971  1208  1225 I ActivityManager: Start proc 4004:com.google.android.contacts/u0a122 for broadcast com.google.android.contacts/com.google.android.apps.contacts.receiver.OnBootOrUpgradeReceiver
05-03 14:38:11.230  1208  2291 D ActivityManager: Raise procstate to external provider: ProcessRecord{1a25b7 3020:android.process.acore/u0a17}
05-03 14:38:11.559  1208  3542 I ActivityManager: Killing 3235:com.android.traceur/u0a84 (adj 906): empty #17
05-03 14:38:11.576  1208  1225 I ActivityManager: Start proc 4046:com.google.android.deskclock/u0a101 for broadcast com.google.android.deskclock/com.android.deskclock.AlarmInitReceiver
05-03 14:38:11.715  1208  1715 I ActivityManager: Killing 3324:com.google.android.apps.docs/u0a120 (adj 906): empty #17
05-03 14:38:11.730  1208  1225 I ActivityManager: Start proc 4068:com.google.android.dialer/u0a47 for broadcast com.google.android.dialer/com.google.android.libraries.internal.growth.growthkit.tiktok.GrowthKitBootCompletedListener_Receiver
05-03 14:38:12.143  1208  2240 D ConnectivityService: requestNetwork for uid/pid:10047/4068 NetworkRequest [ TRACK_DEFAULT id=30, [ Capabilities: INTERNET&NOT_RESTRICTED&TRUSTED Unwanted:  Uid: 10047] ]
05-03 14:38:12.184  1208  3542 I ActivityManager: Killing 3408:com.google.android.apps.gcs/u0a29 (adj 906): empty #17
05-03 14:38:12.205  1208  1225 I ActivityManager: Start proc 4108:com.google.android.gm/u0a94 for broadcast com.google.android.gm/.GoogleMailDeviceStartupReceiver
05-03 14:38:13.047  1208  1225 I ActivityManager: Start proc 4201:com.android.chrome/u0a95 for service com.android.chrome/org.chromium.chrome.browser.customtabs.CustomTabsConnectionService
05-03 14:38:13.379  1208  3331 I ActivityManager: Killing 2615:com.android.printspooler/u0a113 (adj 906): empty #17
05-03 14:38:13.433  1208  2293 W ActivityManager: Background start not allowed: service Intent { cmp=com.google.android.apps.messaging/.shared.datamodel.action.execution.ActionExecutorImpl$EmptyService } to com.google.android.apps.messaging/.shared.datamodel.action.execution.ActionExecutorImpl$EmptyService from pid=3599 uid=10090 pkg=com.google.android.apps.messaging startFg?=false
05-03 14:38:13.473  1208  2293 D ActivityManager: Raise procstate to external provider: ProcessRecord{8545219 3216:com.android.providers.calendar/u0a38}
05-03 14:38:13.495  1208  3331 D ConnectivityService: requestNetwork for uid/pid:10057/2434 NetworkRequest [ TRACK_DEFAULT id=31, [ Capabilities: INTERNET&NOT_RESTRICTED&TRUSTED Unwanted:  Uid: 10057] ]
05-03 14:38:13.608  1208  1225 I ActivityManager: Start proc 4266:com.google.android.hardwareinfo/u0a25 for broadcast com.google.android.hardwareinfo/.HardwareInfoBootReceiver
05-03 14:38:13.706  1208  2240 I ActivityManager: Killing 3354:com.android.vending:background/u0a49 (adj 906): empty #17
05-03 14:38:13.736  1208  1225 I ActivityManager: Start proc 4284:com.google.android.onetimeinitializer/u0a20 for broadcast com.google.android.onetimeinitializer/.OneTimeInitializerReceiver
05-03 14:38:13.753  1208  3331 D ConnectivityService: ConnectivityService NetworkRequestInfo binderDied(NetworkRequest [ TRACK_DEFAULT id=22, [ Capabilities: INTERNET&NOT_RESTRICTED&TRUSTED Unwanted:  Uid: 10049] ], android.os.BinderProxy@59ec425)
05-03 14:38:13.753  1208  1482 D ConnectivityService: releasing NetworkRequest [ TRACK_DEFAULT id=22, [ Capabilities: INTERNET&NOT_RESTRICTED&TRUSTED Unwanted:  Uid: 10049] ] (release request)
05-03 14:38:13.754  1208  2294 W ActivityManager: Scheduling restart of crashed service com.android.vending/com.google.android.finsky.ipcservers.background.BackgroundGrpcServerAndroidService in 1000ms
05-03 14:38:13.848  1208  1219 I ActivityManager: Killing 3252:com.android.vending/u0a49 (adj 906): empty #17
05-03 14:38:13.856  1208  1219 I ActivityManager: Killing 3493:com.google.android.projection.gearhead:car/u0a103 (adj 906): empty #17
05-03 14:38:13.859  1208  1225 I ActivityManager: Start proc 4306:com.google.android.packageinstaller/u0a70 for broadcast com.google.android.packageinstaller/com.android.packageinstaller.TemporaryFileManager
05-03 14:38:13.920  1208  4319 D ConnectivityService: ConnectivityService NetworkRequestInfo binderDied(NetworkRequest [ LISTEN id=21, [ Capabilities: INTERNET&NOT_RESTRICTED&TRUSTED Unwanted:  Uid: 10049] ], android.os.BinderProxy@dc20095)
05-03 14:38:13.920  1208  1566 D ConnectivityService: ConnectivityService NetworkRequestInfo binderDied(NetworkRequest [ TRACK_DEFAULT id=20, [ Capabilities: INTERNET&NOT_RESTRICTED&TRUSTED Unwanted:  Uid: 10049] ], android.os.BinderProxy@5d5aa)
05-03 14:38:13.921  1208  1482 D ConnectivityService: releasing NetworkRequest [ TRACK_DEFAULT id=20, [ Capabilities: INTERNET&NOT_RESTRICTED&TRUSTED Unwanted:  Uid: 10049] ] (release request)
05-03 14:38:13.929  1208  3492 I ActivityManager: Killing 3466:com.google.android.apps.maps/u0a93 (adj 906): empty #17
05-03 14:38:13.943  1208  1225 I ActivityManager: Start proc 4325:com.google.android.partnersetup/u0a35 for broadcast com.google.android.partnersetup/.GooglePartnerSetup
05-03 14:38:13.990  1208  1711 D ConnectivityService: ConnectivityService NetworkRequestInfo binderDied(NetworkRequest [ TRACK_DEFAULT id=24, [ Capabilities: INTERNET&NOT_RESTRICTED&TRUSTED Unwanted:  Uid: 10093] ], android.os.BinderProxy@d42ad4d)
05-03 14:38:13.990  1208  3492 D ConnectivityService: ConnectivityService NetworkRequestInfo binderDied(NetworkRequest [ TRACK_DEFAULT id=23, [ Capabilities: INTERNET&NOT_RESTRICTED&TRUSTED Unwanted:  Uid: 10093] ], android.os.BinderProxy@cbf7002)
05-03 14:38:13.990  1208  1482 D ConnectivityService: releasing NetworkRequest [ TRACK_DEFAULT id=24, [ Capabilities: INTERNET&NOT_RESTRICTED&TRUSTED Unwanted:  Uid: 10093] ] (release request)
05-03 14:38:13.991  1208  1716 D ConnectivityService: ConnectivityService NetworkRequestInfo binderDied(NetworkRequest [ LISTEN id=25, [ Capabilities: INTERNET&NOT_RESTRICTED&TRUSTED Unwanted:  Uid: 10093] ], android.os.BinderProxy@52f7d13)
05-03 14:38:13.991  1208  1482 D ConnectivityService: releasing NetworkRequest [ TRACK_DEFAULT id=23, [ Capabilities: INTERNET&NOT_RESTRICTED&TRUSTED Unwanted:  Uid: 10093] ] (release request)
05-03 14:38:14.115  1208  4340 I ActivityManager: Killing 3678:com.google.android.apps.multidevice.client/u0a118 (adj 906): empty #17
05-03 14:38:14.128  1208  1225 I ActivityManager: Start proc 4347:com.google.android.projection.gearhead:shared/u0a103 for broadcast com.google.android.projection.gearhead/com.google.android.apps.auto.components.app.fzero.FzeroReceiver
05-03 14:38:14.128  1208  1218 D ActivityManager: Raise procstate to external provider: ProcessRecord{8545219 3216:com.android.providers.calendar/u0a38}
05-03 14:38:14.132  1208  1566 D ActivityManager: Raise procstate to external provider: ProcessRecord{8545219 3216:com.android.providers.calendar/u0a38}
05-03 14:38:14.377  1208  1208 I Telecom : DefaultDialerCache: Refreshing default dialer for user 0: now com.google.android.dialer: DDC.oR@ADg
05-03 14:38:14.452  1208  4340 I ActivityManager: Killing 3764:com.google.android.apps.scone/u0a66 (adj 906): empty #17
05-03 14:38:14.462  1208  1225 I ActivityManager: Start proc 4393:com.google.android.projection.gearhead:car/u0a103 for broadcast com.google.android.projection.gearhead/com.google.android.apps.auto.carservice.frx.FrxReceiver
05-03 14:38:14.645  1208  3456 I ActivityManager: Killing 3787:com.google.android.apps.tips/u0a68 (adj 906): empty #17
05-03 14:38:14.656  1208  1225 I ActivityManager: Start proc 4422:com.google.android.settings.intelligence/u0a10 for broadcast com.google.android.settings.intelligence/.modules.predictive.impl.triggers.GeofenceBootBroadcastReceiver
05-03 14:38:14.744  1208  3492 I ActivityManager: Killing 3836:com.google.android.apps.wallpaper/u0a15 (adj 906): empty #17
05-03 14:38:14.758  1208  1225 I ActivityManager: Start proc 4444:com.google.android.storagemanager/u0a39 for broadcast com.google.android.storagemanager/com.android.storagemanager.automatic.AutomaticStorageBroadcastReceiver
05-03 14:38:14.813  1208  1218 I ActivityManager: Killing 2114:com.google.android.apps.wellbeing/u0a45 (adj 906): empty #17
05-03 14:38:14.826  1208  1225 I ActivityManager: Start proc 4459:com.google.process.gapps/u0a125 for broadcast com.google.android.syncadapters.contacts/.ContactsSyncAdapterBroadcastReceiver
05-03 14:38:14.912  1208  1716 I ActivityManager: Killing 3859:com.google.android.calendar/u0a112 (adj 906): empty #17
05-03 14:38:14.915  1208  1225 I ActivityManager: Start proc 4479:com.google.android.tts/u0a77 for broadcast com.google.android.tts/androidx.work.impl.background.systemalarm.RescheduleReceiver
05-03 14:38:15.303  1208  4323 D ConnectivityService: Returning BLOCKED NetworkInfo to uid=10077
05-03 14:38:15.373  1208  1223 I ActivityManager: Waited long enough for: ServiceRecord{e3237 u0 com.google.modemservice/.StateService}
05-03 14:38:15.383  1208  4340 I ActivityManager: Killing 3944:com.google.android.configupdater/u0a24 (adj 906): empty #17
05-03 14:38:15.399  1208  1225 I ActivityManager: Start proc 4523:com.google.android.videos/u0a97 for broadcast com.google.android.videos/com.google.android.libraries.notifications.entrypoints.restart.RestartReceiver
05-03 14:38:15.510  1208  1208 V SettingsProvider: Notifying for 0: content://settings/global/Phenotype_boot_count
05-03 14:38:15.634  1208  2287 D ConnectivityService: requestNetwork for uid/pid:10057/2434 NetworkRequest [ REQUEST id=33, [ Transports: CELLULAR Capabilities: INTERNET&NOT_RESTRICTED&TRUSTED&NOT_VPN Unwanted:  Uid: 10057] ]
05-03 14:38:15.638  1208  1482 D ConnectivityService: reportNetworkConnectivity(100, false) by 10057
05-03 14:38:15.655  1208  3456 D BackupTransportManager: Transport com.google.android.gms/.backup.BackupTransportService updated its attributes
05-03 14:38:15.677  1208  1482 D ConnectivityService: NetworkAgentInfo [WIFI () - 100] validation passed
05-03 14:38:15.740  1208  1225 I ActivityManager: Start proc 4589:com.android.vending/u0a49 for service com.android.vending/com.google.android.finsky.contentfilterui.ContentFiltersService
05-03 14:38:15.830  1208  1225 I ActivityManager: Start proc 4612:com.google.android.gms.unstable/u0a31 for service com.google.android.gms/.droidguard.DroidGuardService
05-03 14:38:15.969  1208  2287 D ConnectivityService: Returning BLOCKED NetworkInfo to uid=10097
05-03 14:38:16.030  1208  2287 I ActivityManager: Killing 4004:com.google.android.contacts/u0a122 (adj 906): empty #17
05-03 14:38:16.045  1208  1225 I ActivityManager: Start proc 4683:com.google.android.wfcactivation/u0a44 for broadcast com.google.android.wfcactivation/.WfcEntitlementPollingReceiver
05-03 14:38:16.063  1208  1219 I ActivityManager: Killing 4046:com.google.android.deskclock/u0a101 (adj 906): empty #17
05-03 14:38:16.119  1208  2238 D ConnectivityService: requestNetwork for uid/pid:10049/4589 NetworkRequest [ TRACK_DEFAULT id=34, [ Capabilities: INTERNET&NOT_RESTRICTED&TRUSTED Unwanted:  Uid: 10049] ]
05-03 14:38:16.163  1208  1225 I ActivityManager: Start proc 4725:com.google.android.youtube/u0a131 for broadcast com.google.android.youtube/com.google.android.libraries.notifications.entrypoints.restart.RestartReceiver
05-03 14:38:16.175  1208  2240 I ActivityManager: Killing 4068:com.google.android.dialer/u0a47 (adj 906): empty #17
05-03 14:38:16.194  1208  1219 D ConnectivityService: ConnectivityService NetworkRequestInfo binderDied(NetworkRequest [ TRACK_DEFAULT id=30, [ Capabilities: INTERNET&NOT_RESTRICTED&TRUSTED Unwanted:  Uid: 10047] ], android.os.BinderProxy@ffb9e1e)
05-03 14:38:16.194  1208  1482 D ConnectivityService: releasing NetworkRequest [ TRACK_DEFAULT id=30, [ Capabilities: INTERNET&NOT_RESTRICTED&TRUSTED Unwanted:  Uid: 10047] ] (release request)
05-03 14:38:16.443  1208  3492 D BluetoothManagerService: Registered for death of com.google.android.gms
05-03 14:38:16.443  1208  3492 D BluetoothManagerService: 1 registered Ble Apps
05-03 14:38:16.453  1208  4749 D BluetoothManagerService: enable(com.google.android.gms):  mBluetooth =null mBinding = false mState = OFF
05-03 14:38:16.453  1208  1242 D BluetoothManagerService: MESSAGE_ENABLE(0): mBluetooth = null
05-03 14:38:16.453  1208  4749 D BluetoothManagerService: enable returning
05-03 14:38:16.465  1208  1225 I ActivityManager: Start proc 4798:com.android.bluetooth/1002 for service com.android.bluetooth/.btservice.AdapterService
05-03 14:38:16.486  1208  1711 I ActivityManager: Killing 4108:com.google.android.gm/u0a94 (adj 906): empty #17
05-03 14:38:16.628  1208  1225 I ActivityManager: Start proc 4835:com.android.vending:background/u0a49 for service com.android.vending/com.google.android.finsky.ipcservers.background.BackgroundGrpcServerAndroidService
05-03 14:38:16.704  1208  1208 D BluetoothManagerService: BluetoothServiceConnection: com.android.bluetooth.btservice.AdapterService
05-03 14:38:16.704  1208  1242 D BluetoothManagerService: MESSAGE_BLUETOOTH_SERVICE_CONNECTED: 1
05-03 14:38:16.706  1208  1242 D BluetoothManagerService: Broadcasting onBluetoothServiceUp() to 8 receivers.
05-03 14:38:16.708  1208  1242 D BluetoothManagerService: MESSAGE_BLUETOOTH_STATE_CHANGE: OFF > BLE_TURNING_ON
05-03 14:38:16.708  1208  1242 D BluetoothManagerService: Sending BLE State Change: OFF > BLE_TURNING_ON
05-03 14:38:16.985  1208  1567 D ConnectivityService: requestNetwork for uid/pid:10049/4835 NetworkRequest [ TRACK_DEFAULT id=36, [ Capabilities: INTERNET&NOT_RESTRICTED&TRUSTED Unwanted:  Uid: 10049] ]
05-03 14:38:17.030  1208  4749 I ActivityManager: Killing 4284:com.google.android.onetimeinitializer/u0a20 (adj 906): empty #17
05-03 14:38:17.170  1208  3456 D ConnectivityService: Returning BLOCKED NetworkInfo to uid=10131
05-03 14:38:17.443  1208  1225 I ActivityManager: Start proc 4973:com.google.android.contacts/u0a122 for service com.google.android.contacts/com.google.android.apps.contacts.shortcut.ShortcutJobService
05-03 14:38:17.468  1208  3456 D ConnectivityService: requestNetwork for uid/pid:10131/4725 NetworkRequest [ TRACK_DEFAULT id=37, [ Capabilities: INTERNET&NOT_RESTRICTED&TRUSTED Unwanted:  Uid: 10131] ]
05-03 14:38:17.513  1208  3456 D BluetoothManagerService: 1 registered Ble Apps
05-03 14:38:17.518  1208  3456 D BluetoothManagerService: enable(com.google.android.gms):  mBluetooth =android.bluetooth.IBluetooth$Stub$Proxy@9e20cb9 mBinding = false mState = BLE_TURNING_ON
05-03 14:38:17.518  1208  3456 D BluetoothManagerService: enable returning
05-03 14:38:17.518  1208  1242 D BluetoothManagerService: MESSAGE_ENABLE(0): mBluetooth = android.bluetooth.IBluetooth$Stub$Proxy@9e20cb9
05-03 14:38:17.523  1208  3456 D ConnectivityService: requestNetwork for uid/pid:10131/4725 NetworkRequest [ TRACK_DEFAULT id=39, [ Capabilities: INTERNET&NOT_RESTRICTED&TRUSTED Unwanted:  Uid: 10131] ]
05-03 14:38:17.530  1208  3456 D ActivityManager: Raise procstate to external provider: ProcessRecord{1a25b7 3020:android.process.acore/u0a17}
05-03 14:38:17.679  1208  4749 I ActivityManager: Killing 4201:com.android.chrome/u0a95 (adj 906): empty #17
05-03 14:38:18.103  1208  4824 D ConnectivityService: requestNetwork for uid/pid:10131/4725 NetworkRequest [ TRACK_DEFAULT id=40, [ Capabilities: INTERNET&NOT_RESTRICTED&TRUSTED Unwanted:  Uid: 10131] ]
05-03 14:38:18.160  1208  1208 D BluetoothManagerService: Bluetooth Adapter address changed to 3C:28:6D:CF:92:62
05-03 14:38:18.161  1208  1208 D BluetoothManagerService: Stored Bluetoothaddress: 3C:28:6D:CF:92:62
05-03 14:38:18.161  1208  1208 D BluetoothManagerService: Bluetooth Adapter name changed to Pixel 3 XL
05-03 14:38:18.162  1208  1208 D BluetoothManagerService: Stored Bluetooth name: Pixel 3 XL
05-03 14:38:18.408  1208  1716 D ConnectivityService: requestNetwork for uid/pid:10131/4725 NetworkRequest [ TRACK_DEFAULT id=41, [ Capabilities: INTERNET&NOT_RESTRICTED&TRUSTED Unwanted:  Uid: 10131] ]
05-03 14:38:18.559  1208  1716 I ActivityManager: Killing 4266:com.google.android.hardwareinfo/u0a25 (adj 906): empty #17
05-03 14:38:18.583  1208  1499 I ActivityManager: Killing 2434:com.google.android.googlequicksearchbox:search/u0a57 (adj 906): empty #17
05-03 14:38:18.597  1208  1225 I ActivityManager: Start proc 5094:com.google.intelligence.sense/u0a51 for broadcast com.google.intelligence.sense/.common.SystemBroadcastReceiver
05-03 14:38:18.638  1208  1499 D ConnectivityService: ConnectivityService NetworkRequestInfo binderDied(NetworkRequest [ LISTEN id=32, [ Capabilities: INTERNET&NOT_RESTRICTED&TRUSTED Unwanted:  Uid: 10057] ], android.os.BinderProxy@ec24e12)
05-03 14:38:18.638  1208  1567 D ConnectivityService: ConnectivityService NetworkRequestInfo binderDied(NetworkRequest [ TRACK_DEFAULT id=31, [ Capabilities: INTERNET&NOT_RESTRICTED&TRUSTED Unwanted:  Uid: 10057] ], android.os.BinderProxy@3ccf99d)
05-03 14:38:18.639  1208  2291 D ConnectivityService: ConnectivityService NetworkRequestInfo binderDied(NetworkRequest [ REQUEST id=33, [ Transports: CELLULAR Capabilities: INTERNET&NOT_RESTRICTED&TRUSTED&NOT_VPN Unwanted:  Uid: 10057] ], android.os.BinderProxy@70e9e3)
05-03 14:38:18.639  1208  2240 D ConnectivityService: ConnectivityService NetworkRequestInfo binderDied(NetworkRequest [ TRACK_DEFAULT id=16, [ Capabilities: INTERNET&NOT_RESTRICTED&TRUSTED Unwanted:  Uid: 10057] ], android.os.BinderProxy@fe8efe0)
05-03 14:38:18.639  1208  1482 D ConnectivityService: releasing NetworkRequest [ TRACK_DEFAULT id=31, [ Capabilities: INTERNET&NOT_RESTRICTED&TRUSTED Unwanted:  Uid: 10057] ] (release request)
05-03 14:38:18.641  1208  1482 D ConnectivityService: releasing NetworkRequest [ REQUEST id=33, [ Transports: CELLULAR Capabilities: INTERNET&NOT_RESTRICTED&TRUSTED&NOT_VPN Unwanted:  Uid: 10057] ] (release request)
05-03 14:38:18.641  1208  1482 D ConnectivityService: releasing NetworkRequest [ TRACK_DEFAULT id=16, [ Capabilities: INTERNET&NOT_RESTRICTED&TRUSTED Unwanted:  Uid: 10057] ] (release request)
05-03 14:38:18.780  1208  4340 I SoundTriggerService: deleteSoundModel(): id = 9f6ad62a-1f0b-11e7-87c5-40a8f03d3f15
05-03 14:38:18.811  1208  1715 I ActivityManager: Killing 4306:com.google.android.packageinstaller/u0a70 (adj 906): empty #17
05-03 14:38:18.831  1208  2240 I SoundTriggerService: deleteSoundModel(): id = 9f6ad62a-1f0b-11e7-87c5-40a8f03d3f15
05-03 14:38:18.850  1208  1225 I ActivityManager: Start proc 5120:com.qualcomm.ltebc/u0a100 for broadcast com.qualcomm.ltebc/.LTEBroadcastBootReceiver
05-03 14:38:19.078  1208  1715 I ActivityManager: Killing 4325:com.google.android.partnersetup/u0a35 (adj 906): empty #17
05-03 14:38:19.084  1208  1225 I ActivityManager: Start proc 5139:com.qualcomm.ltebc_vzw/u0a73 for broadcast com.qualcomm.ltebc_vzw/.LTEBroadcastReceiver
05-03 14:38:19.115  1208  2240 I ActivityManager: Process com.qualcomm.ltebc (pid 5120) has died: cch  CEM 
05-03 14:38:19.441  1208  1225 I ActivityManager: Start proc 5158:com.qualcomm.qti.lpa/1001 for broadcast com.qualcomm.qti.lpa/.UimLpaBootReceiver
05-03 14:38:19.457  1208  1566 I ActivityManager: Process com.qualcomm.ltebc_vzw (pid 5139) has died: fore SVC 
05-03 14:38:19.544  1208  1225 I ActivityManager: Start proc 5173:com.qualcomm.qti.smcinvokepkgmgr/1000 for broadcast com.qualcomm.qti.smcinvokepkgmgr/.SmcInvokeBroadcastReceiver
05-03 14:38:19.597  5173  5173 W ContextImpl: Calling a method in the system process without a qualified user: android.app.ContextImpl.startService:1531 android.content.ContextWrapper.startService:664 android.content.ContextWrapper.startService:664 com.qualcomm.qti.smcinvokepkgmgr.SmcInvokeBroadcastReceiver.onReceive:22 android.app.ActivityThread.handleReceiver:3417 
05-03 14:38:19.605  1208  4472 I ActivityManager: Finished processing BOOT_COMPLETED for u0
05-03 14:38:19.634  1208  1225 I ActivityManager: Start proc 5192:com.android.sdm.plugins.sprintdm/1001 for broadcast com.android.sdm.plugins.sprintdm/.SprintDMReceiver
05-03 14:38:19.686  1208  1225 I ActivityManager: Start proc 5207:com.android.chrome/u0a95 for service com.android.chrome/org.chromium.chrome.browser.customtabs.CustomTabsConnectionService
05-03 14:38:19.715  1208  4340 I ActivityManager: Killing 4347:com.google.android.projection.gearhead:shared/u0a103 (adj 906): empty #17
05-03 14:38:19.742  1208  1225 I ActivityManager: Start proc 5223:com.google.android.carriersetup/u0a42 for broadcast com.google.android.carriersetup/.VzwActivationReceiver
05-03 14:38:19.804  1208  1225 I ActivityManager: Start proc 5237:com.google.android.apps.wellbeing/u0a45 for content provider com.google.android.apps.wellbeing/.api.impl.WellbeingSettingsProvider
05-03 14:38:19.824  1208  1566 I ActivityManager: Killing 4393:com.google.android.projection.gearhead:car/u0a103 (adj 906): empty #17
05-03 14:38:19.910  1208  3331 I ActivityManager: Killing 4422:com.google.android.settings.intelligence/u0a10 (adj 906): empty #17
05-03 14:38:19.947  1208  1225 I ActivityManager: Start proc 5261:com.google.android.partnersetup/u0a35 for broadcast com.google.android.partnersetup/.PhoneStateReceiver
05-03 14:38:20.003  1208  4749 I ActivityManager: Killing 4444:com.google.android.storagemanager/u0a39 (adj 906): empty #17
05-03 14:38:20.072  1208  2238 I ActivityManager: Killing 4459:com.google.process.gapps/u0a125 (adj 906): empty #17
05-03 14:38:20.083  1208  1225 I ActivityManager: Start proc 5284:com.google.omadm.trigger/1001 for broadcast com.google.omadm.trigger/.SIMChangedReceiver
05-03 14:38:20.191  1208  2238 W BroadcastQueue: Failure [background] sending broadcast result of Intent { act=com.google.apps.tiktok.account.api.controller.REQUIREMENT_STATE_CHANGED flg=0x10 pkg=com.google.android.googlequicksearchbox }
05-03 14:38:20.191  1208  2238 W BroadcastQueue: android.os.RemoteException: app.thread must not be null
05-03 14:38:20.191  1208  2238 W BroadcastQueue: 	at com.android.server.am.BroadcastQueue.performReceiveLocked(BroadcastQueue.java:512)
05-03 14:38:20.191  1208  2238 W BroadcastQueue: 	at com.android.server.am.BroadcastQueue.processNextBroadcastLocked(BroadcastQueue.java:970)
05-03 14:38:20.191  1208  2238 W BroadcastQueue: 	at com.android.server.am.ActivityManagerService.finishReceiver(ActivityManagerService.java:22145)
05-03 14:38:20.191  1208  2238 W BroadcastQueue: 	at android.app.IActivityManager$Stub.onTransact$finishReceiver$(IActivityManager.java:10202)
05-03 14:38:20.191  1208  2238 W BroadcastQueue: 	at android.app.IActivityManager$Stub.onTransact(IActivityManager.java:189)
05-03 14:38:20.191  1208  2238 W BroadcastQueue: 	at com.android.server.am.ActivityManagerService.onTransact(ActivityManagerService.java:3297)
05-03 14:38:20.191  1208  2238 W BroadcastQueue: 	at android.os.Binder.execTransact(Binder.java:731)
05-03 14:38:20.202  1208  1225 I ActivityManager: Start proc 5305:com.google.android.googlequicksearchbox:search/u0a57 for broadcast com.google.android.googlequicksearchbox/com.google.android.apps.gsa.broadcastreceiver.CommonBroadcastReceiver
05-03 14:38:20.315  5237  5327 E SchedPolicy: set_timerslack_ns write failed: Operation not permitted
05-03 14:38:20.527  1208  1242 E BluetoothManagerService: waitForOnOff time out
05-03 14:38:20.527  1208  1242 D BluetoothManagerService: MESSAGE_BLUETOOTH_STATE_CHANGE: BLE_TURNING_ON > BLE_ON
05-03 14:38:20.527  1208  1242 D BluetoothManagerService: Bluetooth is in LE only mode
05-03 14:38:20.527  1208  1242 D BluetoothManagerService: Binding Bluetooth GATT service
05-03 14:38:20.528  1208  1242 D BluetoothManagerService: Sending BLE State Change: BLE_TURNING_ON > BLE_ON
05-03 14:38:20.530  1208  1208 D BluetoothManagerService: BluetoothServiceConnection: com.android.bluetooth.gatt.GattService
05-03 14:38:20.530  1208  1242 D BluetoothManagerService: MESSAGE_BLUETOOTH_SERVICE_CONNECTED: 2
05-03 14:38:20.530  1208  1242 D BluetoothManagerService: continueFromBleOnState()
05-03 14:38:20.530  1208  1242 D BluetoothManagerService: isBleAppPresent() count: 1
05-03 14:38:20.654  1208  2238 I ActivityManager: Killing 4479:com.google.android.tts/u0a77 (adj 906): empty #17
05-03 14:38:20.927  1208  1242 D BluetoothManagerService: MESSAGE_RESTART_BLUETOOTH_SERVICE
05-03 14:38:21.101  1208  4472 W BroadcastQueue: Background execution not allowed: receiving Intent { act=com.google.android.location.internal.server.ACTION_RESTARTED flg=0x10 (has extras) } to com.google.android.gms/.chimera.GmsIntentOperationService$PersistentInternalReceiver
05-03 14:38:21.106  1208  4749 W BroadcastQueue: Background execution not allowed: receiving Intent { act=android.intent.action.DROPBOX_ENTRY_ADDED flg=0x10 (has extras) } to com.google.android.gms/.stats.service.DropBoxEntryAddedReceiver
05-03 14:38:21.106  1208  1223 W BroadcastQueue: Background execution not allowed: receiving Intent { act=android.intent.action.DROPBOX_ENTRY_ADDED flg=0x10 (has extras) } to com.google.android.gms/.chimera.GmsIntentOperationService$PersistentTrustedReceiver
05-03 14:38:21.106  1208  1223 W BroadcastQueue: Background execution not allowed: receiving Intent { act=android.intent.action.DROPBOX_ENTRY_ADDED flg=0x10 (has extras) } to com.google.android.gms/.stats.service.DropBoxEntryAddedReceiver
05-03 14:38:21.106  1208  1223 W BroadcastQueue: Background execution not allowed: receiving Intent { act=android.intent.action.DROPBOX_ENTRY_ADDED flg=0x10 (has extras) } to com.google.android.gms/.chimera.GmsIntentOperationService$PersistentTrustedReceiver
05-03 14:38:21.107  1208  1223 W BroadcastQueue: Background execution not allowed: receiving Intent { act=android.intent.action.DROPBOX_ENTRY_ADDED flg=0x10 (has extras) } to com.google.android.gms/.stats.service.DropBoxEntryAddedReceiver
05-03 14:38:21.107  1208  1223 W BroadcastQueue: Background execution not allowed: receiving Intent { act=android.intent.action.DROPBOX_ENTRY_ADDED flg=0x10 (has extras) } to com.google.android.gms/.chimera.GmsIntentOperationService$PersistentTrustedReceiver
05-03 14:38:21.107  1208  1223 W BroadcastQueue: Background execution not allowed: receiving Intent { act=android.net.conn.NETWORK_CONDITIONS_MEASURED flg=0x10 (has extras) } to com.google.android.gms/.chimera.GmsIntentOperationService$PersistentTrustedReceiver
05-03 14:38:21.461  1208  1225 I ActivityManager: Start proc 5375:com.google.android.apps.scone/u0a66 for broadcast com.google.android.apps.scone/.awareness.AwarenessReceiver
05-03 14:38:21.609  1208  1225 I ActivityManager: Start proc 5394:com.google.android.calendar/u0a112 for broadcast com.google.android.calendar/com.google.android.apps.calendar.config.phenotypesupport.broadcast.PhenotypeBroadcastReceiver
05-03 14:38:22.347  1208  4472 I ActivityManager: Killing 4523:com.google.android.videos/u0a97 (adj 906): empty #17
--------- beginning of main
05-03 14:38:22.778  3599  5410 E AssistantConnector: Couldn't read whether gRPC is supported from public value
05-03 14:38:22.778  3599  5410 E AssistantConnector: java.lang.IllegalStateException: Failed to query AGSA value. This is most likely caused by a Google signature check failure. Please make sure both of the AGSA app and the client app are either release or dev builds.
05-03 14:38:22.778  3599  5410 E AssistantConnector: 	at azca.call(PG:17)
05-03 14:38:22.778  3599  5410 E AssistantConnector: 	at bnpg.call(PG:2)
05-03 14:38:22.778  3599  5410 E AssistantConnector: 	at brzx.a(PG:1)
05-03 14:38:22.778  3599  5410 E AssistantConnector: 	at brza.run(PG:4)
05-03 14:38:22.778  3599  5410 E AssistantConnector: 	at brzy.run(PG:1)
05-03 14:38:22.778  3599  5410 E AssistantConnector: 	at java.util.concurrent.ThreadPoolExecutor.runWorker(ThreadPoolExecutor.java:1167)
05-03 14:38:22.778  3599  5410 E AssistantConnector: 	at java.util.concurrent.ThreadPoolExecutor$Worker.run(ThreadPoolExecutor.java:641)
05-03 14:38:22.778  3599  5410 E AssistantConnector: 	at java.lang.Thread.run(Thread.java:764)
05-03 14:38:22.779  3599  5410 I AssistantConnector: Fallback to Maestro connector
05-03 14:38:22.781  3599  5445 W AssistantConfig: appIntegrationDataInBase64 is null
05-03 14:38:22.782  3599  3623 W Bugle   : AssistantIntegrationStartupTask: Error getting assistant availability.
05-03 14:38:22.782  3599  3623 W Bugle   : java.lang.IllegalStateException: Failed to query AGSA value. This is most likely caused by a Google signature check failure. Please make sure both of the AGSA app and the client app are either release or dev builds.
05-03 14:38:22.782  3599  3623 W Bugle   : 	at azca.call(PG:17)
05-03 14:38:22.782  3599  3623 W Bugle   : 	at bnpg.call(PG:2)
05-03 14:38:22.782  3599  3623 W Bugle   : 	at brzx.a(PG:1)
05-03 14:38:22.782  3599  3623 W Bugle   : 	at brza.run(PG:4)
05-03 14:38:22.782  3599  3623 W Bugle   : 	at brzy.run(PG:1)
05-03 14:38:22.782  3599  3623 W Bugle   : 	at java.util.concurrent.ThreadPoolExecutor.runWorker(ThreadPoolExecutor.java:1167)
05-03 14:38:22.782  3599  3623 W Bugle   : 	at java.util.concurrent.ThreadPoolExecutor$Worker.run(ThreadPoolExecutor.java:641)
05-03 14:38:22.782  3599  3623 W Bugle   : 	at java.lang.Thread.run(Thread.java:764)
05-03 14:38:22.786  5305  5371 I A       : Loaded shared library: nativecrashreporter
05-03 14:38:22.799  3599  3620 I BugleNetwork: FirebaseRegistrationStartupTask: Enabling Firebase component
05-03 14:38:22.823  1208  2240 I ActivityManager: Killing 3924:com.google.android.carrier/u0a19 (adj 906): empty #17
05-03 14:38:22.834  1208  1225 I ActivityManager: Start proc 5481:com.google.android.gm/u0a94 for broadcast com.google.android.gm/.widget.GmailWidgetProvider
05-03 14:38:22.838  5481  5481 E ogle.android.g: Not starting debugger since process cannot load the jdwp agent.
05-03 14:38:22.842   800   800 I Zygote  : Process 3924 exited due to signal (9)
05-03 14:38:22.865  5481  5481 I ogle.android.g: The ClassLoaderContext is a special shared library.
05-03 14:38:22.872  5305  5478 I tflite  : Initialized TensorFlow Lite runtime.
05-03 14:38:22.891  1780  1780 D FallbackHome: User unlocked but no home; let's hope someone enables one soon?
05-03 14:38:22.893  5481  5481 W ogle.android.g: JIT profile information will not be recorded: profile file does not exits.
05-03 14:38:22.893  5481  5481 I chatty  : uid=10094(com.google.android.gm) identical 1 line
05-03 14:38:22.893  5481  5481 W ogle.android.g: JIT profile information will not be recorded: profile file does not exits.
05-03 14:38:22.898  5305  5478 I HotwordService: Model ID: x_google_en_us_micro_20211111_fedhot_mlmp_adjust_confidence_050_r42p50_with_speakerid_uVerDrLb_bUDrggo30BUrw
05-03 14:38:22.901  5305  5478 I HotwordService: hotwordModelLocation is null false, locale is en-GB, re-mapped Chinese locale 
05-03 14:38:22.901  5305  5478 I A       : Using proto config with mendel
05-03 14:38:22.904  5305  5478 I A       : Using proto config with mendel
05-03 14:38:22.904  5305  5478 I A       : Merging legacy hotword config map with new proto.
05-03 14:38:22.905  5305  5478 I A       : Adding from config to map. Locale: cmn-Hant-TW modelPrefix: x_google Location:4e7cae00daee30ec565c34e3aa67a51f isSpeakerIdSupported: true
05-03 14:38:22.905  5305  5478 I A       : Adding from config to map. Locale: id-ID modelPrefix: x_google Location:cfffcc1a4c1c084c003c8eb27f73d770 isSpeakerIdSupported: true
05-03 14:38:22.905  5305  5478 I A       : Adding from config to map. Locale: ko-KR modelPrefix: x_google Location:0b132163a2eb2c1194b202067475724b isSpeakerIdSupported: true
05-03 14:38:22.905  5305  5478 I A       : Skipping. Expected model: 2 Found: 1
05-03 14:38:22.907  5305  5478 I A       : Using proto config with mendel
05-03 14:38:22.907  5305  5478 I A       : Using proto config with mendel
05-03 14:38:22.907  5305  5478 I A       : Merging legacy hotword config map with new proto.
05-03 14:38:22.907  5305  5478 I A       : Adding from config to map. Locale: cmn-Hant-TW modelPrefix: x_google Location:4e7cae00daee30ec565c34e3aa67a51f isSpeakerIdSupported: true
05-03 14:38:22.907  5305  5478 I A       : Adding from config to map. Locale: id-ID modelPrefix: x_google Location:cfffcc1a4c1c084c003c8eb27f73d770 isSpeakerIdSupported: true
05-03 14:38:22.907  5305  5478 I A       : Adding from config to map. Locale: ko-KR modelPrefix: x_google Location:0b132163a2eb2c1194b202067475724b isSpeakerIdSupported: true
05-03 14:38:22.907  5305  5478 I A       : Skipping. Expected model: 2 Found: 1
05-03 14:38:22.909  5305  5350 I DspModelDownloadCntrl: Requesting DSP models download.
05-03 14:38:22.909  5305  5350 W DspHwModelPopulator: DSP model download enabled, but no available models found.
05-03 14:38:22.910  2204  2634 I MicroModelsUtil: #getHotwordModelFromMobstore [mobstoreUri: android://com.google.android.googlequicksearchbox/files/datadownload/shared/public/datadownloadfile_1646781392125]
05-03 14:38:22.911  2204  2634 I GsaVoiceInteractionSrv: hotwordModel is null :  false
05-03 14:38:22.911  2204  2634 I BistoHotwordHelper: getHotwordActive::active query: null, watch: false, devices connected: []
05-03 14:38:22.911  2204  2634 I GsaVoiceInteractionSrv: #checkDspStatus
05-03 14:38:22.912  2204  2634 I BistoHotwordHelper: setting speaker id present: false
05-03 14:38:22.912  2204  2634 I BistoHotwordHelper: setting hotword model of size: 638909 bytes
05-03 14:38:22.912  2204  2634 I BistoHotwordHelper: setting modeltype: X Google
05-03 14:38:22.912  2204  2634 I BistoHotwordHelper: setHotwordVoiceLocale: prev: en-GB, new: en-GB
05-03 14:38:22.913  5305  5351 W DspModelDownloadCntrl: Error when trying to download DSP models. Will retry 2 more times
05-03 14:38:22.913  5305  5351 W DspModelDownloadCntrl: com.google.android.libraries.mdi.download.bg: Nothing to download for file group: dsp_model_x-google_en-GB
05-03 14:38:22.913  5305  5351 W DspModelDownloadCntrl: 	at com.google.android.libraries.mdi.download.be.a(PG:2)
05-03 14:38:22.913  5305  5351 W DspModelDownloadCntrl: 	at com.google.android.libraries.mdi.download.fa.apply(PG:5)
05-03 14:38:22.913  5305  5351 W DspModelDownloadCntrl: 	at com.google.apps.tiktok.tracing.el.apply(PG:2)
05-03 14:38:22.913  5305  5351 W DspModelDownloadCntrl: 	at com.google.common.util.concurrent.h.e(PG:2)
05-03 14:38:22.913  5305  5351 W DspModelDownloadCntrl: 	at com.google.common.util.concurrent.j.run(PG:9)
05-03 14:38:22.913  5305  5351 W DspModelDownloadCntrl: 	at com.google.common.util.concurrent.do.run(PG:4)
05-03 14:38:22.913  5305  5351 W DspModelDownloadCntrl: 	at com.google.android.libraries.i.ae.run(PG:1)
05-03 14:38:22.913  5305  5351 W DspModelDownloadCntrl: 	at java.util.concurrent.ThreadPoolExecutor.runWorker(ThreadPoolExecutor.java:1167)
05-03 14:38:22.913  5305  5351 W DspModelDownloadCntrl: 	at java.util.concurrent.ThreadPoolExecutor$Worker.run(ThreadPoolExecutor.java:641)
05-03 14:38:22.913  5305  5351 W DspModelDownloadCntrl: 	at com.google.android.libraries.i.i.run(PG:2)
05-03 14:38:22.913  5305  5351 W DspModelDownloadCntrl: 	at com.google.android.libraries.i.p.run(PG:4)
05-03 14:38:22.913  5305  5351 W DspModelDownloadCntrl: 	at java.lang.Thread.run(Thread.java:764)
05-03 14:38:22.913  5305  5351 I DspModelDownloadCntrl: Requesting DSP models download.
05-03 14:38:22.913  5305  5351 W DspHwModelPopulator: DSP model download enabled, but no available models found.
05-03 14:38:22.914  5305  5348 W SessionLifecycleManager: Client : AttachedClient[23333288326507611, ClientConfig[mFlags=[40000088001] mSuggestFlags=[0] mClientId=HOTWORD_SERVICE mSessionType=search publicSearchServiceCallerUid=-1]] has no associated SessionController
05-03 14:38:22.923  5305  5343 W DspModelDownloadCntrl: Error when trying to download DSP models. Will retry 1 more times
05-03 14:38:22.923  5305  5343 W DspModelDownloadCntrl: com.google.android.libraries.mdi.download.bg: Nothing to download for file group: dsp_model_x-google_en-GB
05-03 14:38:22.923  5305  5343 W DspModelDownloadCntrl: 	at com.google.android.libraries.mdi.download.be.a(PG:2)
05-03 14:38:22.923  5305  5343 W DspModelDownloadCntrl: 	at com.google.android.libraries.mdi.download.fa.apply(PG:5)
05-03 14:38:22.923  5305  5343 W DspModelDownloadCntrl: 	at com.google.apps.tiktok.tracing.el.apply(PG:2)
05-03 14:38:22.923  5305  5343 W DspModelDownloadCntrl: 	at com.google.common.util.concurrent.h.e(PG:2)
05-03 14:38:22.923  5305  5343 W DspModelDownloadCntrl: 	at com.google.common.util.concurrent.j.run(PG:9)
05-03 14:38:22.923  5305  5343 W DspModelDownloadCntrl: 	at com.google.common.util.concurrent.do.run(PG:4)
05-03 14:38:22.923  5305  5343 W DspModelDownloadCntrl: 	at com.google.android.libraries.i.ae.run(PG:1)
05-03 14:38:22.923  5305  5343 W DspModelDownloadCntrl: 	at java.util.concurrent.ThreadPoolExecutor.runWorker(ThreadPoolExecutor.java:1167)
05-03 14:38:22.923  5305  5343 W DspModelDownloadCntrl: 	at java.util.concurrent.ThreadPoolExecutor$Worker.run(ThreadPoolExecutor.java:641)
05-03 14:38:22.923  5305  5343 W DspModelDownloadCntrl: 	at com.google.android.libraries.i.i.run(PG:2)
05-03 14:38:22.923  5305  5343 W DspModelDownloadCntrl: 	at com.google.android.libraries.i.p.run(PG:4)
05-03 14:38:22.923  5305  5343 W DspModelDownloadCntrl: 	at java.lang.Thread.run(Thread.java:764)
05-03 14:38:22.923  5305  5343 I DspModelDownloadCntrl: Requesting DSP models download.
05-03 14:38:22.923  5305  5343 W DspHwModelPopulator: DSP model download enabled, but no available models found.
05-03 14:38:22.928  5305  5347 W DspModelDownloadCntrl: Error when trying to download DSP models. Will retry 0 more times
05-03 14:38:22.928  5305  5347 W DspModelDownloadCntrl: com.google.android.libraries.mdi.download.bg: Nothing to download for file group: dsp_model_x-google_en-GB
05-03 14:38:22.928  5305  5347 W DspModelDownloadCntrl: 	at com.google.android.libraries.mdi.download.be.a(PG:2)
05-03 14:38:22.928  5305  5347 W DspModelDownloadCntrl: 	at com.google.android.libraries.mdi.download.fa.apply(PG:5)
05-03 14:38:22.928  5305  5347 W DspModelDownloadCntrl: 	at com.google.apps.tiktok.tracing.el.apply(PG:2)
05-03 14:38:22.928  5305  5347 W DspModelDownloadCntrl: 	at com.google.common.util.concurrent.h.e(PG:2)
05-03 14:38:22.928  5305  5347 W DspModelDownloadCntrl: 	at com.google.common.util.concurrent.j.run(PG:9)
05-03 14:38:22.928  5305  5347 W DspModelDownloadCntrl: 	at com.google.common.util.concurrent.do.run(PG:4)
05-03 14:38:22.928  5305  5347 W DspModelDownloadCntrl: 	at com.google.android.libraries.i.ae.run(PG:1)
05-03 14:38:22.928  5305  5347 W DspModelDownloadCntrl: 	at java.util.concurrent.ThreadPoolExecutor.runWorker(ThreadPoolExecutor.java:1167)
05-03 14:38:22.928  5305  5347 W DspModelDownloadCntrl: 	at java.util.concurrent.ThreadPoolExecutor$Worker.run(ThreadPoolExecutor.java:641)
05-03 14:38:22.928  5305  5347 W DspModelDownloadCntrl: 	at com.google.android.libraries.i.i.run(PG:2)
05-03 14:38:22.928  5305  5347 W DspModelDownloadCntrl: 	at com.google.android.libraries.i.p.run(PG:4)
05-03 14:38:22.928  5305  5347 W DspModelDownloadCntrl: 	at java.lang.Thread.run(Thread.java:764)
05-03 14:38:22.988  3599  3623 E TraceManagerImpl: Duplicate root trace creation found.
05-03 14:38:22.988  3599  3623 E TraceManagerImpl: bnlj: Starting new trace SharedStorageProvider#call when already associated with a trace. For more help, see http://go/tiktok-tracing#fixing-duplicate-trace-issues
05-03 14:38:22.988  3599  3623 E TraceManagerImpl: 	at bnqg.o(PG:6)
05-03 14:38:22.988  3599  3623 E TraceManagerImpl: 	at bnot.c(PG:2)
05-03 14:38:22.988  3599  3623 E TraceManagerImpl: 	at bnot.b(PG:2)
05-03 14:38:22.988  3599  3623 E TraceManagerImpl: 	at bnoj.k(PG:1)
05-03 14:38:22.988  3599  3623 E TraceManagerImpl: 	at abni.call(PG:7)
05-03 14:38:22.988  3599  3623 E TraceManagerImpl: 	at ablx.call(PG:1)
05-03 14:38:22.988  3599  3623 E TraceManagerImpl: 	at android.content.ContentProvider$Transport.call(ContentProvider.java:404)
05-03 14:38:22.988  3599  3623 E TraceManagerImpl: 	at android.content.ContentResolver.call(ContentResolver.java:1757)
05-03 14:38:22.988  3599  3623 E TraceManagerImpl: 	at aykn.g(PG:9)
05-03 14:38:22.988  3599  3623 E TraceManagerImpl: 	at aykn.l(PG:3)
05-03 14:38:22.988  3599  3623 E TraceManagerImpl: 	at aykl.b(PG:1)
05-03 14:38:22.988  3599  3623 E TraceManagerImpl: 	at aggy.aF(PG:5)
05-03 14:38:22.988  3599  3623 E TraceManagerImpl: 	at aggy.K(PG:2)
05-03 14:38:22.988  3599  3623 E TraceManagerImpl: 	at aerc.e(PG:1)
05-03 14:38:22.988  3599  3623 E TraceManagerImpl: 	at aagd.e(PG:1)
05-03 14:38:22.988  3599  3623 E TraceManagerImpl: 	at aafw.run(PG:4)
05-03 14:38:22.988  3599  3623 E TraceManagerImpl: 	at bnpe.run(PG:2)
05-03 14:38:22.988  3599  3623 E TraceManagerImpl: 	at java.util.concurrent.Executors$RunnableAdapter.call(Executors.java:458)
05-03 14:38:22.988  3599  3623 E TraceManagerImpl: 	at brzx.a(PG:1)
05-03 14:38:22.988  3599  3623 E TraceManagerImpl: 	at brza.run(PG:4)
05-03 14:38:22.988  3599  3623 E TraceManagerImpl: 	at brzy.run(PG:1)
05-03 14:38:22.988  3599  3623 E TraceManagerImpl: 	at bcbm.run(PG:1)
05-03 14:38:22.988  3599  3623 E TraceManagerImpl: 	at java.util.concurrent.ThreadPoolExecutor.runWorker(ThreadPoolExecutor.java:1167)
05-03 14:38:22.988  3599  3623 E TraceManagerImpl: 	at java.util.concurrent.ThreadPoolExecutor$Worker.run(ThreadPoolExecutor.java:641)
05-03 14:38:22.988  3599  3623 E TraceManagerImpl: 	at bcas.run(PG:2)
05-03 14:38:22.988  3599  3623 E TraceManagerImpl: 	at bcax.run(PG:4)
05-03 14:38:22.988  3599  3623 E TraceManagerImpl: 	at java.lang.Thread.run(Thread.java:764)
05-03 14:38:22.988  3599  3623 E TraceManagerImpl: 	Suppressed: bnpx: 
05-03 14:38:22.988  3599  3623 E TraceManagerImpl: 		at tk_trace.E2eeStartupTask(Unknown Source:0)
05-03 14:38:22.988  3599  3623 E TraceManagerImpl: 		at tk_trace.StartupHandlerImpl#onAppInteractiveInternal(Unknown Source:0)
05-03 14:38:22.988  3599  3623 E TraceManagerImpl: 		at tk_trace.StartupHandlerImpl App Interactive Delay Timer Fired(Unknown Source:0)
05-03 14:38:22.988  3599  3623 E Tracer  : Duplicate trace
05-03 14:38:22.988  3599  3623 E Tracer  : bnlj: Starting new trace SharedStorageProvider#call when already associated with a trace. For more help, see http://go/tiktok-tracing#fixing-duplicate-trace-issues
05-03 14:38:22.988  3599  3623 E Tracer  : 	at bnqg.o(PG:6)
05-03 14:38:22.988  3599  3623 E Tracer  : 	at bnot.c(PG:3)
05-03 14:38:22.988  3599  3623 E Tracer  : 	at bnot.b(PG:2)
05-03 14:38:22.988  3599  3623 E Tracer  : 	at bnoj.k(PG:1)
05-03 14:38:22.988  3599  3623 E Tracer  : 	at abni.call(PG:7)
05-03 14:38:22.988  3599  3623 E Tracer  : 	at ablx.call(PG:1)
05-03 14:38:22.988  3599  3623 E Tracer  : 	at android.content.ContentProvider$Transport.call(ContentProvider.java:404)
05-03 14:38:22.988  3599  3623 E Tracer  : 	at android.content.ContentResolver.call(ContentResolver.java:1757)
05-03 14:38:22.988  3599  3623 E Tracer  : 	at aykn.g(PG:9)
05-03 14:38:22.988  3599  3623 E Tracer  : 	at aykn.l(PG:3)
05-03 14:38:22.988  3599  3623 E Tracer  : 	at aykl.b(PG:1)
05-03 14:38:22.988  3599  3623 E Tracer  : 	at aggy.aF(PG:5)
05-03 14:38:22.988  3599  3623 E Tracer  : 	at aggy.K(PG:2)
05-03 14:38:22.988  3599  3623 E Tracer  : 	at aerc.e(PG:1)
05-03 14:38:22.988  3599  3623 E Tracer  : 	at aagd.e(PG:1)
05-03 14:38:22.988  3599  3623 E Tracer  : 	at aafw.run(PG:4)
05-03 14:38:22.988  3599  3623 E Tracer  : 	at bnpe.run(PG:2)
05-03 14:38:22.988  3599  3623 E Tracer  : 	at java.util.concurrent.Executors$RunnableAdapter.call(Executors.java:458)
05-03 14:38:22.988  3599  3623 E Tracer  : 	at brzx.a(PG:1)
05-03 14:38:22.988  3599  3623 E Tracer  : 	at brza.run(PG:4)
05-03 14:38:22.988  3599  3623 E Tracer  : 	at brzy.run(PG:1)
05-03 14:38:22.988  3599  3623 E Tracer  : 	at bcbm.run(PG:1)
05-03 14:38:22.988  3599  3623 E Tracer  : 	at java.util.concurrent.ThreadPoolExecutor.runWorker(ThreadPoolExecutor.java:1167)
05-03 14:38:22.988  3599  3623 E Tracer  : 	at java.util.concurrent.ThreadPoolExecutor$Worker.run(ThreadPoolExecutor.java:641)
05-03 14:38:22.988  3599  3623 E Tracer  : 	at bcas.run(PG:2)
05-03 14:38:22.988  3599  3623 E Tracer  : 	at bcax.run(PG:4)
05-03 14:38:22.988  3599  3623 E Tracer  : 	at java.lang.Thread.run(Thread.java:764)
05-03 14:38:22.988  3599  3623 E Tracer  : 	Suppressed: bnpx: 
05-03 14:38:22.988  3599  3623 E Tracer  : 		at tk_trace.E2eeStartupTask(Unknown Source:0)
05-03 14:38:22.988  3599  3623 E Tracer  : 		at tk_trace.StartupHandlerImpl#onAppInteractiveInternal(Unknown Source:0)
05-03 14:38:22.988  3599  3623 E Tracer  : 		at tk_trace.StartupHandlerImpl App Interactive Delay Timer Fired(Unknown Source:0)
05-03 14:38:22.989  3599  3623 W BugleAction: Null config in BugleSharedPrefs
05-03 14:38:22.989  3599  3623 W BugleAction: Failed to get msisdn from Bugle
05-03 14:38:22.996  3651  3752 I CarrierServices: [257] ctd.e: RCS Configuration storage in Bugle is disabled by p/h flag, using ProvisioningEngineStateCacheUtil.getProvisioningConfigurationForGivenSimIfExist()
05-03 14:38:22.999  3599  3623 W BugleRcsEngine: [236] RcsProfileService.g: Result is null when getting value for id:4
05-03 14:38:23.000  3599  3623 W Bugle   : SubscriptionMetadataUtils get: invalid subId = -2
05-03 14:38:23.005  5481  5504 W ogle.android.g: Accessing hidden field Ljava/util/Collections$SynchronizedCollection;->mutex:Ljava/lang/Object; (dark greylist, reflection)
05-03 14:38:23.006  5481  5504 W ogle.android.g: Accessing hidden method Ljava/util/Collections$SynchronizedSet;-><init>(Ljava/util/Set;Ljava/lang/Object;)V (dark greylist, reflection)
05-03 14:38:23.006  5481  5504 W ogle.android.g: Accessing hidden method Ljava/util/Collections$SynchronizedCollection;-><init>(Ljava/util/Collection;Ljava/lang/Object;)V (dark greylist, reflection)
05-03 14:38:23.006  3599  3623 W Bugle   : SubscriptionMetadataUtils get: invalid subId = -2
05-03 14:38:23.008  3599  3623 W Bugle   : SubscriptionMetadataUtils get: invalid subId = -2
05-03 14:38:23.008  3599  3623 W Bugle   : SubscriptionUtilsAsOfLMR1: getSelfRawNumber: subInfo is null for subscription{id:-1}
05-03 14:38:23.009  3599  3623 W Bugle   : SubscriptionMetadataUtils get: invalid subId = -1
05-03 14:38:23.010  3599  3623 W Bugle   : SubscriptionMetadataUtils get: invalid subId = -1
05-03 14:38:23.011  3599  3623 W BugleAction: No default number, returning empty msisdn
05-03 14:38:23.012  3599  3623 W BugleEtouffee: E2eeStartupTask: Skip prekey checking because MSISDN is empty.
05-03 14:38:23.048  3599  3623 I FirebaseApp: Device unlocked: initializing all Firebase APIs for app [DEFAULT]
05-03 14:38:23.090  3599  5521 W .apps.messagin: Unsupported class loader
05-03 14:38:23.093  3599  5521 W .apps.messagin: Skipping duplicate class check due to unsupported classloader
05-03 14:38:23.097  3599  5521 I DynamiteModule: Considering local module com.google.android.gms.measurement.dynamite:72 and remote module com.google.android.gms.measurement.dynamite:70
05-03 14:38:23.097  3599  5521 I DynamiteModule: Selected local version of com.google.android.gms.measurement.dynamite
05-03 14:38:23.142  3599  3618 I BugleRcsProvisioning: RcsProvisioningTrigger: Schedule provisioning on app startup
05-03 14:38:23.145  3599  3618 W BugleRcsEngine: [231] axhb.b: [SR]: Single Registration is disabled. Skipping Single Registration capability check for subId: -1
05-03 14:38:23.148  3599  3618 I BugleRcsProvisioning: RcsProvisioningTrigger: DR is active, initializing DR provisioning. DUAL_REG
05-03 14:38:23.152  2065  2065 I Wear_Controller: Wearable module requires a companion app to be installed.
05-03 14:38:23.152  2065  2065 I WearableService: onCreate: Wearable Services not starting. Wear is not available on this device.
05-03 14:38:23.157  3599  3618 W BugleRcsEngine: [231] axhb.b: [SR]: Single Registration is disabled. Skipping Single Registration capability check for subId: -1
05-03 14:38:23.157  2065  2499 W WearableService: onGetService: Wear is not available on this device.
